Archive member included to satisfy reference by file (symbol)

d:/toolchain/gcc-arm-none-eabi-9-2020-q2-update-win32/bin/../lib/gcc/arm-none-eabi/9.3.1/thumb/v7e-m/nofp\libgcc.a(_arm_muldf3.o)
                              ./objects/printf-stdarg.o (__aeabi_dmul)
d:/toolchain/gcc-arm-none-eabi-9-2020-q2-update-win32/bin/../lib/gcc/arm-none-eabi/9.3.1/thumb/v7e-m/nofp\libgcc.a(_arm_addsubdf3.o)
                              ./objects/printf-stdarg.o (__aeabi_dsub)
d:/toolchain/gcc-arm-none-eabi-9-2020-q2-update-win32/bin/../lib/gcc/arm-none-eabi/9.3.1/thumb/v7e-m/nofp\libgcc.a(_arm_muldivdf3.o)
                              ./objects/printf-stdarg.o (__aeabi_ddiv)
d:/toolchain/gcc-arm-none-eabi-9-2020-q2-update-win32/bin/../lib/gcc/arm-none-eabi/9.3.1/thumb/v7e-m/nofp\libgcc.a(_arm_cmpdf2.o)
                              ./objects/printf-stdarg.o (__aeabi_dcmpeq)
d:/toolchain/gcc-arm-none-eabi-9-2020-q2-update-win32/bin/../lib/gcc/arm-none-eabi/9.3.1/thumb/v7e-m/nofp\libgcc.a(_arm_fixdfsi.o)
                              ./objects/printf-stdarg.o (__aeabi_d2iz)
d:/toolchain/gcc-arm-none-eabi-9-2020-q2-update-win32/bin/../lib/gcc/arm-none-eabi/9.3.1/thumb/v7e-m/nofp\libgcc.a(_arm_fixunsdfsi.o)
                              ./objects/printf-stdarg.o (__aeabi_d2uiz)
d:/toolchain/gcc-arm-none-eabi-9-2020-q2-update-win32/bin/../lib/gcc/arm-none-eabi/9.3.1/thumb/v7e-m/nofp\libgcc.a(_aeabi_uldivmod.o)
                              ./objects/printf-stdarg.o (__aeabi_uldivmod)
d:/toolchain/gcc-arm-none-eabi-9-2020-q2-update-win32/bin/../lib/gcc/arm-none-eabi/9.3.1/thumb/v7e-m/nofp\libgcc.a(_udivmoddi4.o)
                              d:/toolchain/gcc-arm-none-eabi-9-2020-q2-update-win32/bin/../lib/gcc/arm-none-eabi/9.3.1/thumb/v7e-m/nofp\libgcc.a(_aeabi_uldivmod.o) (__udivmoddi4)
d:/toolchain/gcc-arm-none-eabi-9-2020-q2-update-win32/bin/../lib/gcc/arm-none-eabi/9.3.1/thumb/v7e-m/nofp\libgcc.a(_dvmd_tls.o)
                              d:/toolchain/gcc-arm-none-eabi-9-2020-q2-update-win32/bin/../lib/gcc/arm-none-eabi/9.3.1/thumb/v7e-m/nofp\libgcc.a(_aeabi_uldivmod.o) (__aeabi_ldiv0)
d:/toolchain/gcc-arm-none-eabi-9-2020-q2-update-win32/bin/../lib/gcc/arm-none-eabi/9.3.1/../../../../arm-none-eabi/lib/thumb/v7e-m/nofp\libc.a(lib_a-exit.o)
                              d:/toolchain/gcc-arm-none-eabi-9-2020-q2-update-win32/bin/../lib/gcc/arm-none-eabi/9.3.1/../../../../arm-none-eabi/lib/thumb/v7e-m/nofp/crt0.o (exit)
d:/toolchain/gcc-arm-none-eabi-9-2020-q2-update-win32/bin/../lib/gcc/arm-none-eabi/9.3.1/../../../../arm-none-eabi/lib/thumb/v7e-m/nofp\libc.a(lib_a-impure.o)
                              d:/toolchain/gcc-arm-none-eabi-9-2020-q2-update-win32/bin/../lib/gcc/arm-none-eabi/9.3.1/../../../../arm-none-eabi/lib/thumb/v7e-m/nofp\libc.a(lib_a-exit.o) (_global_impure_ptr)
d:/toolchain/gcc-arm-none-eabi-9-2020-q2-update-win32/bin/../lib/gcc/arm-none-eabi/9.3.1/../../../../arm-none-eabi/lib/thumb/v7e-m/nofp\libc.a(lib_a-init.o)
                              d:/toolchain/gcc-arm-none-eabi-9-2020-q2-update-win32/bin/../lib/gcc/arm-none-eabi/9.3.1/../../../../arm-none-eabi/lib/thumb/v7e-m/nofp/crt0.o (__libc_init_array)
d:/toolchain/gcc-arm-none-eabi-9-2020-q2-update-win32/bin/../lib/gcc/arm-none-eabi/9.3.1/../../../../arm-none-eabi/lib/thumb/v7e-m/nofp\libc.a(lib_a-memset.o)
                              d:/toolchain/gcc-arm-none-eabi-9-2020-q2-update-win32/bin/../lib/gcc/arm-none-eabi/9.3.1/../../../../arm-none-eabi/lib/thumb/v7e-m/nofp/crt0.o (memset)
d:/toolchain/gcc-arm-none-eabi-9-2020-q2-update-win32/bin/../lib/gcc/arm-none-eabi/9.3.1/../../../../arm-none-eabi/lib/thumb/v7e-m/nofp\libc.a(lib_a-__call_atexit.o)
                              d:/toolchain/gcc-arm-none-eabi-9-2020-q2-update-win32/bin/../lib/gcc/arm-none-eabi/9.3.1/../../../../arm-none-eabi/lib/thumb/v7e-m/nofp\libc.a(lib_a-exit.o) (__call_exitprocs)
d:/toolchain/gcc-arm-none-eabi-9-2020-q2-update-win32/bin/../lib/gcc/arm-none-eabi/9.3.1/../../../../arm-none-eabi/lib/thumb/v7e-m/nofp\libc.a(lib_a-atexit.o)
                              d:/toolchain/gcc-arm-none-eabi-9-2020-q2-update-win32/bin/../lib/gcc/arm-none-eabi/9.3.1/../../../../arm-none-eabi/lib/thumb/v7e-m/nofp\libc.a(lib_a-__call_atexit.o) (atexit)
d:/toolchain/gcc-arm-none-eabi-9-2020-q2-update-win32/bin/../lib/gcc/arm-none-eabi/9.3.1/../../../../arm-none-eabi/lib/thumb/v7e-m/nofp\libc.a(lib_a-fini.o)
                              d:/toolchain/gcc-arm-none-eabi-9-2020-q2-update-win32/bin/../lib/gcc/arm-none-eabi/9.3.1/../../../../arm-none-eabi/lib/thumb/v7e-m/nofp\libc.a(lib_a-__call_atexit.o) (__libc_fini_array)
d:/toolchain/gcc-arm-none-eabi-9-2020-q2-update-win32/bin/../lib/gcc/arm-none-eabi/9.3.1/../../../../arm-none-eabi/lib/thumb/v7e-m/nofp\libc.a(lib_a-lock.o)
[...]
Memory Configuration

Name             Origin             Length             Attributes
FLASH            0x08000000         0x00020000         xr
RAM              0x20000000         0x00004000         xrw
*default*        0x00000000         0xffffffff

Linker script and memory map

LOAD d:/toolchain/gcc-arm-none-eabi-9-2020-q2-update-win32/bin/../lib/gcc/arm-none-eabi/9.3.1/thumb/v7e-m/nofp/crti.o
LOAD d:/toolchain/gcc-arm-none-eabi-9-2020-q2-update-win32/bin/../lib/gcc/arm-none-eabi/9.3.1/thumb/v7e-m/nofp/crtbegin.o
LOAD d:/toolchain/gcc-arm-none-eabi-9-2020-q2-update-win32/bin/../lib/gcc/arm-none-eabi/9.3.1/../../../../arm-none-eabi/lib/thumb/v7e-m/nofp/crt0.o
LOAD ./objects/system_cm4.o
LOAD ./objects/startup_cm4.o
LOAD ./objects/printf-stdarg.o
LOAD ./objects/tremo_adc.o
LOAD ./objects/tremo_bstimer.o
LOAD ./objects/tremo_crc.o
LOAD ./objects/tremo_dac.o
LOAD ./objects/tremo_delay.o
LOAD ./objects/tremo_dma.o
LOAD ./objects/tremo_flash.o
LOAD ./objects/tremo_gpio.o
LOAD ./objects/tremo_i2c.o
LOAD ./objects/tremo_i2s.o
LOAD ./objects/tremo_iwdg.o
LOAD ./objects/tremo_lcd.o
LOAD ./objects/tremo_lptimer.o
LOAD ./objects/tremo_lpuart.o
LOAD ./objects/tremo_pwr.o
LOAD ./objects/tremo_rcc.o
LOAD ./objects/tremo_rtc.o
LOAD ./objects/tremo_spi.o
LOAD ./objects/tremo_system.o
LOAD ./objects/tremo_timer.o
LOAD ./objects/tremo_uart.o
LOAD ./objects/tremo_wdg.o
LOAD ./objects/main.o
LOAD ./objects/tremo_it.o
LOAD ./objects/uart.o
START GROUP
LOAD d:/toolchain/gcc-arm-none-eabi-9-2020-q2-update-win32/bin/../lib/gcc/arm-none-eabi/9.3.1/thumb/v7e-m/nofp\libgcc.a
LOAD d:/toolchain/gcc-arm-none-eabi-9-2020-q2-update-win32/bin/../lib/gcc/arm-none-eabi/9.3.1/../../../../arm-none-eabi/lib/thumb/v7e-m/nofp\libc.a
END GROUP
LOAD d:/toolchain/gcc-arm-none-eabi-9-2020-q2-update-win32/bin/../lib/gcc/arm-none-eabi/9.3.1/thumb/v7e-m/nofp/crtend.o
LOAD d:/toolchain/gcc-arm-none-eabi-9-2020-q2-update-win32/bin/../lib/gcc/arm-none-eabi/9.3.1/thumb/v7e-m/nofp/crtn.o
                0x20004000                _estack = 0x20004000
                0x00000000                _HEAP_SIZE = 0x0
                0x00001000                _STACK_SIZE = 0x1000

.isr_vector     0x08000000       0xd4
                0x08000000                . = ALIGN (0x4)
 *(.isr_vector)
 .isr_vector    0x08000000       0xd4 ./objects/startup_cm4.o
                0x08000000                g_pfnVectors
                0x080000d4                . = ALIGN (0x4)

.text           0x080000d8     0x2918
                0x080000d8                . = ALIGN (0x4)
 *(.text)
 .text          0x080000d8       0x40 d:/toolchain/gcc-arm-none-eabi-9-2020-q2-update-win32/bin/../lib/gcc/arm-none-eabi/9.3.1/thumb/v7e-m/nofp/crtbegin.o
 .text          0x08000118      0x378 d:/toolchain/gcc-arm-none-eabi-9-2020-q2-update-win32/bin/../lib/gcc/arm-none-eabi/9.3.1/thumb/v7e-m/nofp\libgcc.a(_arm_addsubdf3.o)
                0x08000118                __aeabi_drsub
                0x08000120                __aeabi_dsub
                0x08000120                __subdf3
                0x08000124                __aeabi_dadd
                0x08000124                __adddf3
                0x0800039c                __floatunsidf
                0x0800039c                __aeabi_ui2d
                0x080003bc                __floatsidf
                0x080003bc                __aeabi_i2d
                0x080003e0                __aeabi_f2d
                0x080003e0                __extendsfdf2
                0x08000424                __floatundidf
                0x08000424                __aeabi_ul2d
                0x08000434                __floatdidf
                0x08000434                __aeabi_l2d
 .text          0x08000490      0x424 d:/toolchain/gcc-arm-none-eabi-9-2020-q2-update-win32/bin/../lib/gcc/arm-none-eabi/9.3.1/thumb/v7e-m/nofp\libgcc.a(_arm_muldivdf3.o)
                0x08000490                __aeabi_dmul
                0x08000490                __muldf3
                0x080006e4                __divdf3
                0x080006e4                __aeabi_ddiv
 .text          0x080008b4      0x110 d:/toolchain/gcc-arm-none-eabi-9-2020-q2-update-win32/bin/../lib/gcc/arm-none-eabi/9.3.1/thumb/v7e-m/nofp\libgcc.a(_arm_cmpdf2.o)
                0x080008b4                __gtdf2
                0x080008b4                __gedf2
                0x080008bc                __ltdf2
                0x080008bc                __ledf2
                0x080008c4                __nedf2
                0x080008c4                __eqdf2
                0x080008c4                __cmpdf2
                0x08000940                __aeabi_cdrcmple
                0x08000950                __aeabi_cdcmpeq
                0x08000950                __aeabi_cdcmple
                0x08000960                __aeabi_dcmpeq
                0x08000974                __aeabi_dcmplt
                0x08000988                __aeabi_dcmple
                0x0800099c                __aeabi_dcmpge
                0x080009b0                __aeabi_dcmpgt
 .text          0x080009c4       0x50 d:/toolchain/gcc-arm-none-eabi-9-2020-q2-update-win32/bin/../lib/gcc/arm-none-eabi/9.3.1/thumb/v7e-m/nofp\libgcc.a(_arm_fixdfsi.o)
                0x080009c4                __aeabi_d2iz
                0x080009c4                __fixdfsi
 .text          0x08000a14       0x40 d:/toolchain/gcc-arm-none-eabi-9-2020-q2-update-win32/bin/../lib/gcc/arm-none-eabi/9.3.1/thumb/v7e-m/nofp\libgcc.a(_arm_fixunsdfsi.o)
                0x08000a14                __aeabi_d2uiz
                0x08000a14                __fixunsdfsi
 .text          0x08000a54       0x30 d:/toolchain/gcc-arm-none-eabi-9-2020-q2-update-win32/bin/../lib/gcc/arm-none-eabi/9.3.1/thumb/v7e-m/nofp\libgcc.a(_aeabi_uldivmod.o)
                0x08000a54                __aeabi_uldivmod
 .text          0x08000a84      0x2c0 d:/toolchain/gcc-arm-none-eabi-9-2020-q2-update-win32/bin/../lib/gcc/arm-none-eabi/9.3.1/thumb/v7e-m/nofp\libgcc.a(_udivmoddi4.o)
                0x08000a84                __udivmoddi4
 .text          0x08000d44        0x4 d:/toolchain/gcc-arm-none-eabi-9-2020-q2-update-win32/bin/../lib/gcc/arm-none-eabi/9.3.1/thumb/v7e-m/nofp\libgcc.a(_dvmd_tls.o)
                0x08000d44                __aeabi_idiv0
                0x08000d44                __aeabi_ldiv0
 *(.text*)
 .text.nvic_init
                0x08000d48       0x24 ./objects/system_cm4.o
                0x08000d48                nvic_init
 .text.system_init
                0x08000d6c       0x44 ./objects/system_cm4.o
                0x08000d6c                system_init
 .text.Reset_Handler
                0x08000db0       0x48 ./objects/startup_cm4.o
                0x08000db0                Reset_Handler
 .text.Default_Handler
                0x08000df8        0x2 ./objects/startup_cm4.o
                0x08000df8                SCC_IRQHandler
                0x08000df8                TIMER2_IRQHandler
                0x08000df8                EFC_IRQHandler
                0x08000df8                I2C0_IRQHandler
                0x08000df8                SAC_IRQHandler
                0x08000df8                I2C1_IRQHandler
                0x08000df8                UART1_IRQHandler
                0x08000df8                BSTIMER0_IRQHandler
                0x08000df8                TIMER3_IRQHandler
                0x08000df8                UART0_IRQHandler
                0x08000df8                SEC_IRQHandler
                0x08000df8                WDG_IRQHandler
                0x08000df8                LPTIMER1_IRQHandler
                0x08000df8                LPTIMER0_IRQHandler
                0x08000df8                SSP0_IRQHandler
                0x08000df8                I2S_IRQHandler
                0x08000df8                I2C2_IRQHandler
                0x08000df8                RTC_IRQHandler
                0x08000df8                TIMER0_IRQHandler
                0x08000df8                LCD_IRQHandler
                0x08000df8                LPUART_IRQHandler
                0x08000df8                TIMER1_IRQHandler
                0x08000df8                UART2_IRQHandler
                0x08000df8                Default_Handler
                0x08000df8                ADC_IRQHandler
                0x08000df8                SSP1_IRQHandler
                0x08000df8                DMA0_IRQHandler
                0x08000df8                LORA_IRQHandler
                0x08000df8                IWDG_IRQHandler
                0x08000df8                SSP2_IRQHandler
                0x08000df8                BSTIMER1_IRQHandler
                0x08000df8                DAC_IRQHandler
                0x08000df8                AFEC_IRQHandler
                0x08000df8                UART3_IRQHandler
                0x08000df8                QSPI_IRQHandler
                0x08000df8                DMA1_IRQHandler
 .text._out_null
                0x08000dfa        0x2 ./objects/printf-stdarg.o
 .text._out_rev
                0x08000dfc       0x96 ./objects/printf-stdarg.o
 .text._ntoa_format
                0x08000e92      0x10a ./objects/printf-stdarg.o
 .text._ntoa_long
                0x08000f9c       0x82 ./objects/printf-stdarg.o
 .text._ntoa_long_long
                0x0800101e       0xa6 ./objects/printf-stdarg.o
 .text._out_char
                0x080010c4       0x10 ./objects/printf-stdarg.o
 *fill*         0x080010d4        0x4 
 .text._ftoa    0x080010d8      0x32c ./objects/printf-stdarg.o
 *fill*         0x08001404        0x4 
 .text._etoa    0x08001408      0x3b8 ./objects/printf-stdarg.o
 .text._vsnprintf
                0x080017c0      0x550 ./objects/printf-stdarg.o
 .text.__wrap_printf
                0x08001d10       0x28 ./objects/printf-stdarg.o
                0x08001d10                __wrap_printf
 .text.delay_init
                0x08001d38       0x48 ./objects/tremo_delay.o
                0x08001d38                delay_init
 .text.delay_us
                0x08001d80       0x30 ./objects/tremo_delay.o
                0x08001d80                delay_us
 .text.delay_ms
                0x08001db0        0xa ./objects/tremo_delay.o
                0x08001db0                delay_ms
 *fill*         0x08001dba        0x2 
 .text.gpio_init
                0x08001dbc      0x128 ./objects/tremo_gpio.o
                0x08001dbc                gpio_init
 .text.gpio_clear_interrupt
                0x08001ee4       0x10 ./objects/tremo_gpio.o
                0x08001ee4                gpio_clear_interrupt
 .text.gpio_config_interrupt
                0x08001ef4       0x20 ./objects/tremo_gpio.o
                0x08001ef4                gpio_config_interrupt
 .text.gpio_get_interrupt_status
                0x08001f14       0x14 ./objects/tremo_gpio.o
                0x08001f14                gpio_get_interrupt_status
 .text.gpio_config_stop3_wakeup
                0x08001f28       0x68 ./objects/tremo_gpio.o
                0x08001f28                gpio_config_stop3_wakeup
 .text.gpio_set_iomux
                0x08001f90       0x40 ./objects/tremo_gpio.o
                0x08001f90                gpio_set_iomux
 .text.deepsleep
                0x08001fd0       0xc0 ./objects/tremo_pwr.o
                0x08001fd0                deepsleep
 .text.pwr_deepsleep_wfi
                0x08002090        0x6 ./objects/tremo_pwr.o
                0x08002090                pwr_deepsleep_wfi
 *fill*         0x08002096        0x2 
 .text.rcc_get_clk_freq
                0x08002098       0x9c ./objects/tremo_rcc.o
                0x08002098                rcc_get_clk_freq
 .text.rcc_get_uart0_clk_source
                0x08002134        0xc ./objects/tremo_rcc.o
                0x08002134                rcc_get_uart0_clk_source
 .text.rcc_get_uart1_clk_source
                0x08002140        0xc ./objects/tremo_rcc.o
                0x08002140                rcc_get_uart1_clk_source
 .text.rcc_get_uart2_clk_source
                0x0800214c        0xc ./objects/tremo_rcc.o
                0x0800214c                rcc_get_uart2_clk_source
 .text.rcc_get_uart3_clk_source
                0x08002158        0xc ./objects/tremo_rcc.o
                0x08002158                rcc_get_uart3_clk_source
 .text.rcc_enable_peripheral_clk
                0x08002164      0x4b4 ./objects/tremo_rcc.o
                0x08002164                rcc_enable_peripheral_clk
 .text.uart_send_data
                0x08002618        0xa ./objects/tremo_uart.o
                0x08002618                uart_send_data
 .text.uart_config_init
                0x08002622       0x16 ./objects/tremo_uart.o
                0x08002622                uart_config_init
 .text.uart_cmd
                0x08002638       0x12 ./objects/tremo_uart.o
                0x08002638                uart_cmd
 *fill*         0x0800264a        0x2 
 .text.uart_init
                0x0800264c      0x140 ./objects/tremo_uart.o
                0x0800264c                uart_init
 .text.startup.main
                0x0800278c       0x84 ./objects/main.o
                0x0800278c                main
 .text.NMI_Handler
                0x08002810        0x2 ./objects/tremo_it.o
                0x08002810                NMI_Handler
 .text.HardFault_Handler
                0x08002812        0x2 ./objects/tremo_it.o
                0x08002812                HardFault_Handler
 .text.MemManage_Handler
                0x08002814        0x2 ./objects/tremo_it.o
                0x08002814                MemManage_Handler
 .text.BusFault_Handler
                0x08002816        0x2 ./objects/tremo_it.o
                0x08002816                BusFault_Handler
 .text.UsageFault_Handler
                0x08002818        0x2 ./objects/tremo_it.o
                0x08002818                UsageFault_Handler
 .text.SVC_Handler
                0x0800281a        0x2 ./objects/tremo_it.o
                0x0800281a                SVC_Handler
 .text.PendSV_Handler
                0x0800281c        0x2 ./objects/tremo_it.o
                0x0800281c                PendSV_Handler
 .text.SysTick_Handler
                0x0800281e        0x2 ./objects/tremo_it.o
                0x0800281e                SysTick_Handler
 .text.PWR_IRQHandler
                0x08002820        0x2 ./objects/tremo_it.o
                0x08002820                PWR_IRQHandler
 *fill*         0x08002822        0x2 
 .text.GPIO_IRQHandler
                0x08002824       0x30 ./objects/tremo_it.o
                0x08002824                GPIO_IRQHandler
 .text.uart_log_init
                0x08002854       0x5c ./objects/uart.o
                0x08002854                uart_log_init
 .text.__libc_init_array
                0x080028b0       0x48 d:/toolchain/gcc-arm-none-eabi-9-2020-q2-update-win32/bin/../lib/gcc/arm-none-eabi/9.3.1/../../../../arm-none-eabi/lib/thumb/v7e-m/nofp\libc.a(lib_a-init.o)
                0x080028b0                __libc_init_array
 .text.startup.register_fini
                0x080028f8       0x14 d:/toolchain/gcc-arm-none-eabi-9-2020-q2-update-win32/bin/../lib/gcc/arm-none-eabi/9.3.1/../../../../arm-none-eabi/lib/thumb/v7e-m/nofp\libc.a(lib_a-__call_atexit.o)
 .text.atexit   0x0800290c        0xc d:/toolchain/gcc-arm-none-eabi-9-2020-q2-update-win32/bin/../lib/gcc/arm-none-eabi/9.3.1/../../../../arm-none-eabi/lib/thumb/v7e-m/nofp\libc.a(lib_a-atexit.o)
                0x0800290c                atexit
 .text.__libc_fini_array
                0x08002918       0x2c d:/toolchain/gcc-arm-none-eabi-9-2020-q2-update-win32/bin/../lib/gcc/arm-none-eabi/9.3.1/../../../../arm-none-eabi/lib/thumb/v7e-m/nofp\libc.a(lib_a-fini.o)
                0x08002918                __libc_fini_array
 .text.__retarget_lock_acquire_recursive
                0x08002944        0x4 d:/toolchain/gcc-arm-none-eabi-9-2020-q2-update-win32/bin/../lib/gcc/arm-none-eabi/9.3.1/../../../../arm-none-eabi/lib/thumb/v7e-m/nofp\libc.a(lib_a-lock.o)
                0x08002944                __retarget_lock_acquire_recursive
 .text.__retarget_lock_release_recursive
                0x08002948        0x4 d:/toolchain/gcc-arm-none-eabi-9-2020-q2-update-win32/bin/../lib/gcc/arm-none-eabi/9.3.1/../../../../arm-none-eabi/lib/thumb/v7e-m/nofp\libc.a(lib_a-lock.o)
                0x08002948                __retarget_lock_release_recursive
 .text.__register_exitproc
                0x0800294c       0x8c d:/toolchain/gcc-arm-none-eabi-9-2020-q2-update-win32/bin/../lib/gcc/arm-none-eabi/9.3.1/../../../../arm-none-eabi/lib/thumb/v7e-m/nofp\libc.a(lib_a-__atexit.o)
                0x0800294c                __register_exitproc
 *(.glue_7)
 .glue_7        0x080029d8        0x0 linker stubs
 *(.glue_7t)
 .glue_7t       0x080029d8        0x0 linker stubs
 *(.eh_frame)
 .eh_frame      0x080029d8        0x0 d:/toolchain/gcc-arm-none-eabi-9-2020-q2-update-win32/bin/../lib/gcc/arm-none-eabi/9.3.1/thumb/v7e-m/nofp/crtbegin.o
 *(.init)
 .init          0x080029d8        0x4 d:/toolchain/gcc-arm-none-eabi-9-2020-q2-update-win32/bin/../lib/gcc/arm-none-eabi/9.3.1/thumb/v7e-m/nofp/crti.o
                0x080029d8                _init
 .init          0x080029dc        0x8 d:/toolchain/gcc-arm-none-eabi-9-2020-q2-update-win32/bin/../lib/gcc/arm-none-eabi/9.3.1/thumb/v7e-m/nofp/crtn.o
 *(.fini)
 .fini          0x080029e4        0x4 d:/toolchain/gcc-arm-none-eabi-9-2020-q2-update-win32/bin/../lib/gcc/arm-none-eabi/9.3.1/thumb/v7e-m/nofp/crti.o
                0x080029e4                _fini
 .fini          0x080029e8        0x8 d:/toolchain/gcc-arm-none-eabi-9-2020-q2-update-win32/bin/../lib/gcc/arm-none-eabi/9.3.1/thumb/v7e-m/nofp/crtn.o
                0x080029f0                . = ALIGN (0x4)
                0x080029f0                _etext = .

.vfp11_veneer   0x080029f0        0x0
 .vfp11_veneer  0x080029f0        0x0 linker stubs

.v4_bx          0x080029f0        0x0
 .v4_bx         0x080029f0        0x0 linker stubs

.iplt           0x080029f0        0x0
 .iplt          0x080029f0        0x0 d:/toolchain/gcc-arm-none-eabi-9-2020-q2-update-win32/bin/../lib/gcc/arm-none-eabi/9.3.1/thumb/v7e-m/nofp/crtbegin.o

.rodata         0x080029f0       0x9c
                0x080029f0                . = ALIGN (0x4)
 *(.rodata)
 .rodata        0x080029f0       0x50 ./objects/printf-stdarg.o
 .rodata        0x08002a40        0xc ./objects/tremo_uart.o
 *(.rodata*)
 .rodata.str1.1
                0x08002a4c       0x19 ./objects/printf-stdarg.o
 .rodata.str1.1
                0x08002a65       0x11 ./objects/main.o
 .rodata.str1.1
                0x08002a76       0x10 ./objects/uart.o
 *fill*         0x08002a86        0x2 
 .rodata._global_impure_ptr
                0x08002a88        0x4 d:/toolchain/gcc-arm-none-eabi-9-2020-q2-update-win32/bin/../lib/gcc/arm-none-eabi/9.3.1/../../../../arm-none-eabi/lib/thumb/v7e-m/nofp\libc.a(lib_a-impure.o)
                0x08002a88                _global_impure_ptr
                0x08002a8c                . = ALIGN (0x4)

.ARM.extab
 *(.ARM.extab* .gnu.linkonce.armextab.*)

.ARM            0x08002a8c        0x8
                0x08002a8c                __exidx_start = .
 *(.ARM.exidx*)
 .ARM.exidx     0x08002a8c        0x8 d:/toolchain/gcc-arm-none-eabi-9-2020-q2-update-win32/bin/../lib/gcc/arm-none-eabi/9.3.1/thumb/v7e-m/nofp\libgcc.a(_udivmoddi4.o)
                0x08002a94                __exidx_end = .

.rel.dyn        0x08002a94        0x0
 .rel.iplt      0x08002a94        0x0 d:/toolchain/gcc-arm-none-eabi-9-2020-q2-update-win32/bin/../lib/gcc/arm-none-eabi/9.3.1/thumb/v7e-m/nofp/crtbegin.o

.preinit_array  0x08002a94        0x0
                0x08002a94                PROVIDE (__preinit_array_start = .)
 *(.preinit_array*)
                0x08002a94                PROVIDE (__preinit_array_end = .)

.init_array     0x08002a94        0x8
                0x08002a94                PROVIDE (__init_array_start = .)
 *(SORT_BY_NAME(.init_array.*))
 .init_array.00000
                0x08002a94        0x4 d:/toolchain/gcc-arm-none-eabi-9-2020-q2-update-win32/bin/../lib/gcc/arm-none-eabi/9.3.1/../../../../arm-none-eabi/lib/thumb/v7e-m/nofp\libc.a(lib_a-__call_atexit.o)
 *(.init_array*)
 .init_array    0x08002a98        0x4 d:/toolchain/gcc-arm-none-eabi-9-2020-q2-update-win32/bin/../lib/gcc/arm-none-eabi/9.3.1/thumb/v7e-m/nofp/crtbegin.o
                0x08002a9c                PROVIDE (__init_array_end = .)

.fini_array     0x08002a9c        0x4
                0x08002a9c                PROVIDE (__fini_array_start = .)
 *(SORT_BY_NAME(.fini_array.*))
 *(.fini_array*)
 .fini_array    0x08002a9c        0x4 d:/toolchain/gcc-arm-none-eabi-9-2020-q2-update-win32/bin/../lib/gcc/arm-none-eabi/9.3.1/thumb/v7e-m/nofp/crtbegin.o
                0x08002aa0                PROVIDE (__fini_array_end = .)
                0x08002aa0                _sidata = LOADADDR (.data)

.data           0x20000000      0x434 load address 0x08002aa0
                0x20000000                . = ALIGN (0x4)
                0x20000000                _sdata = .
 *(.data)
 .data          0x20000000        0x8 ./objects/main.o
                0x20000000                g_test_pin
                0x20000004                g_test_gpiox
 *(.data*)
 .data.impure_data
                0x20000008      0x428 d:/toolchain/gcc-arm-none-eabi-9-2020-q2-update-win32/bin/../lib/gcc/arm-none-eabi/9.3.1/../../../../arm-none-eabi/lib/thumb/v7e-m/nofp\libc.a(lib_a-impure.o)
 .data.__atexit_recursive_mutex
                0x20000430        0x4 d:/toolchain/gcc-arm-none-eabi-9-2020-q2-update-win32/bin/../lib/gcc/arm-none-eabi/9.3.1/../../../../arm-none-eabi/lib/thumb/v7e-m/nofp\libc.a(lib_a-__call_atexit.o)
                0x20000430                __atexit_recursive_mutex
                0x20000434                . = ALIGN (0x4)
                0x20000434                _edata = .

.igot.plt       0x20000434        0x0 load address 0x08002ed4
 .igot.plt      0x20000434        0x0 d:/toolchain/gcc-arm-none-eabi-9-2020-q2-update-win32/bin/../lib/gcc/arm-none-eabi/9.3.1/thumb/v7e-m/nofp/crtbegin.o
                0x20000434                . = ALIGN (0x4)

.bss            0x20000434       0x48 load address 0x08002ed4
                0x20000434                _sbss = .
                0x20000434                __bss_start__ = _sbss
 *(.bss)
 .bss           0x20000434       0x1c d:/toolchain/gcc-arm-none-eabi-9-2020-q2-update-win32/bin/../lib/gcc/arm-none-eabi/9.3.1/thumb/v7e-m/nofp/crtbegin.o
 .bss           0x20000450        0x1 ./objects/tremo_delay.o
 *fill*         0x20000451        0x3 
 .bss           0x20000454        0x4 ./objects/main.o
                0x20000454                g_gpio_interrupt_flag
 *(.bss*)
 *(COMMON)
 COMMON         0x20000458       0x21 d:/toolchain/gcc-arm-none-eabi-9-2020-q2-update-win32/bin/../lib/gcc/arm-none-eabi/9.3.1/../../../../arm-none-eabi/lib/thumb/v7e-m/nofp\libc.a(lib_a-lock.o)
                0x20000458                __lock___atexit_recursive_mutex
                0x2000045c                __lock___arc4random_mutex
                0x20000460                __lock___env_recursive_mutex
                0x20000464                __lock___sinit_recursive_mutex
                0x20000468                __lock___malloc_recursive_mutex
                0x2000046c                __lock___at_quick_exit_mutex
                0x20000470                __lock___dd_hash_mutex
                0x20000474                __lock___tz_mutex
                0x20000478                __lock___sfp_recursive_mutex
                0x2000047c                . = ALIGN (0x4)
 *fill*         0x20000479        0x3 
                0x2000047c                _ebss = .
                0x2000047c                __bss_end__ = _ebss

.heap           0x2000047c        0x0 load address 0x08002ed4
                0x2000047c                . = ALIGN (0x4)
                0x2000047c                _heap_bottom = .
                0x2000047c                end = _heap_bottom
                0x2000047c                _end = end
                0x2000047c                __end = end
                0x2000047c                . = (. + _HEAP_SIZE)
                0x2000047c                _heap_top = .

.stack          0x2000047c     0x1000 load address 0x08002ed4
                0x2000047c                . = ALIGN (0x4)
                0x2000047c                _stack_bottom = .
                0x2000147c                . = (. + _STACK_SIZE)
 *fill*         0x2000047c     0x1000 
                0x2000147c                _stack_top = .

/DISCARD/
 libc.a(*)
 libm.a(*)
 libgcc.a(*)

.ARM.attributes
                0x00000000       0x2e
 *(.ARM.attributes)
 .ARM.attributes
                0x00000000       0x1e d:/toolchain/gcc-arm-none-eabi-9-2020-q2-update-win32/bin/../lib/gcc/arm-none-eabi/9.3.1/thumb/v7e-m/nofp/crti.o
 .ARM.attributes
                0x0000001e       0x2e d:/toolchain/gcc-arm-none-eabi-9-2020-q2-update-win32/bin/../lib/gcc/arm-none-eabi/9.3.1/thumb/v7e-m/nofp/crtbegin.o
 .ARM.attributes
                0x0000004c       0x32 ./objects/system_cm4.o
 .ARM.attributes
                0x0000007e       0x21 ./objects/startup_cm4.o
 .ARM.attributes
                0x0000009f       0x32 ./objects/printf-stdarg.o
 .ARM.attributes
                0x000000d1       0x32 ./objects/tremo_delay.o
 .ARM.attributes
                0x00000103       0x32 ./objects/tremo_gpio.o
 .ARM.attributes
                0x00000135       0x32 ./objects/tremo_pwr.o
 .ARM.attributes
                0x00000167       0x32 ./objects/tremo_rcc.o
 .ARM.attributes
                0x00000199       0x32 ./objects/tremo_uart.o
 .ARM.attributes
                0x000001cb       0x32 ./objects/main.o
 .ARM.attributes
                0x000001fd       0x32 ./objects/tremo_it.o
 .ARM.attributes
                0x0000022f       0x32 ./objects/uart.o
 .ARM.attributes
                0x00000261       0x1e d:/toolchain/gcc-arm-none-eabi-9-2020-q2-update-win32/bin/../lib/gcc/arm-none-eabi/9.3.1/thumb/v7e-m/nofp\libgcc.a(_arm_addsubdf3.o)
 .ARM.attributes
                0x0000027f       0x1e d:/toolchain/gcc-arm-none-eabi-9-2020-q2-update-win32/bin/../lib/gcc/arm-none-eabi/9.3.1/thumb/v7e-m/nofp\libgcc.a(_arm_muldivdf3.o)
 .ARM.attributes
                0x0000029d       0x1e d:/toolchain/gcc-arm-none-eabi-9-2020-q2-update-win32/bin/../lib/gcc/arm-none-eabi/9.3.1/thumb/v7e-m/nofp\libgcc.a(_arm_cmpdf2.o)
 .ARM.attributes
                0x000002bb       0x1e d:/toolchain/gcc-arm-none-eabi-9-2020-q2-update-win32/bin/../lib/gcc/arm-none-eabi/9.3.1/thumb/v7e-m/nofp\libgcc.a(_arm_fixdfsi.o)
 .ARM.attributes
                0x000002d9       0x1e d:/toolchain/gcc-arm-none-eabi-9-2020-q2-update-win32/bin/../lib/gcc/arm-none-eabi/9.3.1/thumb/v7e-m/nofp\libgcc.a(_arm_fixunsdfsi.o)
 .ARM.attributes
                0x000002f7       0x1e d:/toolchain/gcc-arm-none-eabi-9-2020-q2-update-win32/bin/../lib/gcc/arm-none-eabi/9.3.1/thumb/v7e-m/nofp\libgcc.a(_aeabi_uldivmod.o)
 .ARM.attributes
                0x00000315       0x2e d:/toolchain/gcc-arm-none-eabi-9-2020-q2-update-win32/bin/../lib/gcc/arm-none-eabi/9.3.1/thumb/v7e-m/nofp\libgcc.a(_udivmoddi4.o)
 .ARM.attributes
                0x00000343       0x1e d:/toolchain/gcc-arm-none-eabi-9-2020-q2-update-win32/bin/../lib/gcc/arm-none-eabi/9.3.1/thumb/v7e-m/nofp\libgcc.a(_dvmd_tls.o)
 .ARM.attributes
                0x00000361       0x2e d:/toolchain/gcc-arm-none-eabi-9-2020-q2-update-win32/bin/../lib/gcc/arm-none-eabi/9.3.1/../../../../arm-none-eabi/lib/thumb/v7e-m/nofp\libc.a(lib_a-impure.o)
 .ARM.attributes
                0x0000038f       0x2e d:/toolchain/gcc-arm-none-eabi-9-2020-q2-update-win32/bin/../lib/gcc/arm-none-eabi/9.3.1/../../../../arm-none-eabi/lib/thumb/v7e-m/nofp\libc.a(lib_a-init.o)
 .ARM.attributes
                0x000003bd       0x2e d:/toolchain/gcc-arm-none-eabi-9-2020-q2-update-win32/bin/../lib/gcc/arm-none-eabi/9.3.1/../../../../arm-none-eabi/lib/thumb/v7e-m/nofp\libc.a(lib_a-__call_atexit.o)
 .ARM.attributes
                0x000003eb       0x2e d:/toolchain/gcc-arm-none-eabi-9-2020-q2-update-win32/bin/../lib/gcc/arm-none-eabi/9.3.1/../../../../arm-none-eabi/lib/thumb/v7e-m/nofp\libc.a(lib_a-atexit.o)
 .ARM.attributes
                0x00000419       0x2e d:/toolchain/gcc-arm-none-eabi-9-2020-q2-update-win32/bin/../lib/gcc/arm-none-eabi/9.3.1/../../../../arm-none-eabi/lib/thumb/v7e-m/nofp\libc.a(lib_a-fini.o)
 .ARM.attributes
                0x00000447       0x2e d:/toolchain/gcc-arm-none-eabi-9-2020-q2-update-win32/bin/../lib/gcc/arm-none-eabi/9.3.1/../../../../arm-none-eabi/lib/thumb/v7e-m/nofp\libc.a(lib_a-lock.o)
 .ARM.attributes
                0x00000475       0x2e d:/toolchain/gcc-arm-none-eabi-9-2020-q2-update-win32/bin/../lib/gcc/arm-none-eabi/9.3.1/../../../../arm-none-eabi/lib/thumb/v7e-m/nofp\libc.a(lib_a-__atexit.o)
 .ARM.attributes
                0x000004a3       0x1e d:/toolchain/gcc-arm-none-eabi-9-2020-q2-update-win32/bin/../lib/gcc/arm-none-eabi/9.3.1/thumb/v7e-m/nofp/crtn.o
OUTPUT(./Objects/project.elf elf32-littlearm)
LOAD linker stubs
LOAD d:/toolchain/gcc-arm-none-eabi-9-2020-q2-update-win32/bin/../lib/gcc/arm-none-eabi/9.3.1/../../../../arm-none-eabi/lib/thumb/v7e-m/nofp\libc.a
LOAD d:/toolchain/gcc-arm-none-eabi-9-2020-q2-update-win32/bin/../lib/gcc/arm-none-eabi/9.3.1/../../../../arm-none-eabi/lib/thumb/v7e-m/nofp\libm.a
LOAD d:/toolchain/gcc-arm-none-eabi-9-2020-q2-update-win32/bin/../lib/gcc/arm-none-eabi/9.3.1/thumb/v7e-m/nofp\libgcc.a

.debug_info     0x00000000     0x8b33
 .debug_info    0x00000000      0x855 ./objects/system_cm4.o
 .debug_info    0x00000855       0x22 ./objects/startup_cm4.o
 .debug_info    0x00000877     0x226e ./objects/printf-stdarg.o
 .debug_info    0x00002ae5      0x7cb ./objects/tremo_delay.o
 .debug_info    0x000032b0      0x8fd ./objects/tremo_gpio.o
 .debug_info    0x00003bad      0x9ea ./objects/tremo_pwr.o
 .debug_info    0x00004597     0x1153 ./objects/tremo_rcc.o
 .debug_info    0x000056ea     0x1608 ./objects/tremo_uart.o
 .debug_info    0x00006cf2     0x1399 ./objects/main.o
 .debug_info    0x0000808b      0x33a ./objects/tremo_it.o
 .debug_info    0x000083c5      0x76e ./objects/uart.o

.debug_abbrev   0x00000000     0x1a2a
 .debug_abbrev  0x00000000      0x1e0 ./objects/system_cm4.o
 .debug_abbrev  0x000001e0       0x12 ./objects/startup_cm4.o
 .debug_abbrev  0x000001f2      0x51f ./objects/printf-stdarg.o
 .debug_abbrev  0x00000711      0x237 ./objects/tremo_delay.o
 .debug_abbrev  0x00000948      0x24a ./objects/tremo_gpio.o
 .debug_abbrev  0x00000b92      0x224 ./objects/tremo_pwr.o
 .debug_abbrev  0x00000db6      0x276 ./objects/tremo_rcc.o
 .debug_abbrev  0x0000102c      0x402 ./objects/tremo_uart.o
 .debug_abbrev  0x0000142e      0x2cd ./objects/main.o
 .debug_abbrev  0x000016fb      0x17e ./objects/tremo_it.o
 .debug_abbrev  0x00001879      0x1b1 ./objects/uart.o

.debug_loc      0x00000000     0x418d
 .debug_loc     0x00000000       0xc3 ./objects/system_cm4.o
 .debug_loc     0x000000c3     0x277f ./objects/printf-stdarg.o
 .debug_loc     0x00002842      0x1d7 ./objects/tremo_delay.o
 .debug_loc     0x00002a19      0x6f4 ./objects/tremo_gpio.o
 .debug_loc     0x0000310d      0x15f ./objects/tremo_pwr.o
 .debug_loc     0x0000326c      0x777 ./objects/tremo_rcc.o
 .debug_loc     0x000039e3      0x6fc ./objects/tremo_uart.o
 .debug_loc     0x000040df       0x62 ./objects/main.o
 .debug_loc     0x00004141       0x20 ./objects/tremo_it.o
 .debug_loc     0x00004161       0x2c ./objects/uart.o

.debug_aranges  0x00000000      0x478
 .debug_aranges
                0x00000000       0x28 ./objects/system_cm4.o
 .debug_aranges
                0x00000028       0x28 ./objects/startup_cm4.o
 .debug_aranges
                0x00000050       0x88 ./objects/printf-stdarg.o
 .debug_aranges
                0x000000d8       0x30 ./objects/tremo_delay.o
 .debug_aranges
                0x00000108       0x78 ./objects/tremo_gpio.o
 .debug_aranges
                0x00000180       0x58 ./objects/tremo_pwr.o
 .debug_aranges
                0x000001d8      0x178 ./objects/tremo_rcc.o
 .debug_aranges
                0x00000350       0x98 ./objects/tremo_uart.o
 .debug_aranges
                0x000003e8       0x20 ./objects/main.o
 .debug_aranges
                0x00000408       0x50 ./objects/tremo_it.o
 .debug_aranges
                0x00000458       0x20 ./objects/uart.o

.debug_ranges   0x00000000      0x5e8
 .debug_ranges  0x00000000       0x70 ./objects/system_cm4.o
 .debug_ranges  0x00000070       0x20 ./objects/startup_cm4.o
 .debug_ranges  0x00000090      0x1d0 ./objects/printf-stdarg.o
 .debug_ranges  0x00000260       0x58 ./objects/tremo_delay.o
 .debug_ranges  0x000002b8       0x68 ./objects/tremo_gpio.o
 .debug_ranges  0x00000320       0x60 ./objects/tremo_pwr.o
 .debug_ranges  0x00000380      0x180 ./objects/tremo_rcc.o
 .debug_ranges  0x00000500       0x88 ./objects/tremo_uart.o
 .debug_ranges  0x00000588       0x10 ./objects/main.o
 .debug_ranges  0x00000598       0x40 ./objects/tremo_it.o
 .debug_ranges  0x000005d8       0x10 ./objects/uart.o

.debug_line     0x00000000     0x4274
 .debug_line    0x00000000      0x2a9 ./objects/system_cm4.o
 .debug_line    0x000002a9       0x88 ./objects/startup_cm4.o
 .debug_line    0x00000331     0x10d2 ./objects/printf-stdarg.o
 .debug_line    0x00001403      0x2d1 ./objects/tremo_delay.o
 .debug_line    0x000016d4      0x603 ./objects/tremo_gpio.o
 .debug_line    0x00001cd7      0x427 ./objects/tremo_pwr.o
 .debug_line    0x000020fe     0x11d5 ./objects/tremo_rcc.o
 .debug_line    0x000032d3      0x73d ./objects/tremo_uart.o
 .debug_line    0x00003a10      0x3b7 ./objects/main.o
 .debug_line    0x00003dc7      0x2c0 ./objects/tremo_it.o
 .debug_line    0x00004087      0x1ed ./objects/uart.o

.debug_str      0x00000000     0x2a19
 .debug_str     0x00000000      0x627 ./objects/system_cm4.o
                                0x69a (size before relaxing)
 .debug_str     0x00000627       0x3b ./objects/startup_cm4.o
                                 0xaf (size before relaxing)
 .debug_str     0x00000662      0x5c7 ./objects/printf-stdarg.o
                                0x8a1 (size before relaxing)
 .debug_str     0x00000c29       0xeb ./objects/tremo_delay.o
                                0x64b (size before relaxing)
 .debug_str     0x00000d14      0x6a9 ./objects/tremo_gpio.o
                                0x931 (size before relaxing)
 .debug_str     0x000013bd       0xf1 ./objects/tremo_pwr.o
                                0x708 (size before relaxing)
 .debug_str     0x000014ae      0xef3 ./objects/tremo_rcc.o
                               0x15a2 (size before relaxing)
 .debug_str     0x000023a1      0x4ec ./objects/tremo_uart.o
                                0xfef (size before relaxing)
 .debug_str     0x0000288d       0x8a ./objects/main.o
                                0xee4 (size before relaxing)
 .debug_str     0x00002917       0xeb ./objects/tremo_it.o
                                0x3db (size before relaxing)
 .debug_str     0x00002a02       0x17 ./objects/uart.o
                                0x86a (size before relaxing)

.comment        0x00000000       0x4c
 .comment       0x00000000       0x4c ./objects/system_cm4.o
                                 0x4d (size before relaxing)
 .comment       0x0000004c       0x4d ./objects/printf-stdarg.o
 .comment       0x0000004c       0x4d ./objects/tremo_delay.o
 .comment       0x0000004c       0x4d ./objects/tremo_gpio.o
 .comment       0x0000004c       0x4d ./objects/tremo_pwr.o
 .comment       0x0000004c       0x4d ./objects/tremo_rcc.o
 .comment       0x0000004c       0x4d ./objects/tremo_uart.o
 .comment       0x0000004c       0x4d ./objects/main.o
 .comment       0x0000004c       0x4d ./objects/tremo_it.o
 .comment       0x0000004c       0x4d ./objects/uart.o

.debug_frame    0x00000000      0xe30
 .debug_frame   0x00000000       0x3c ./objects/system_cm4.o
 .debug_frame   0x0000003c      0x2a4 ./objects/printf-stdarg.o
 .debug_frame   0x000002e0       0x54 ./objects/tremo_delay.o
 .debug_frame   0x00000334      0x10c ./objects/tremo_gpio.o
 .debug_frame   0x00000440       0xa8 ./objects/tremo_pwr.o
 .debug_frame   0x000004e8      0x2d8 ./objects/tremo_rcc.o
 .debug_frame   0x000007c0      0x138 ./objects/tremo_uart.o
 .debug_frame   0x000008f8       0x28 ./objects/main.o
 .debug_frame   0x00000920       0xbc ./objects/tremo_it.o
 .debug_frame   0x000009dc       0x2c ./objects/uart.o
 .debug_frame   0x00000a08       0xac d:/toolchain/gcc-arm-none-eabi-9-2020-q2-update-win32/bin/../lib/gcc/arm-none-eabi/9.3.1/thumb/v7e-m/nofp\libgcc.a(_arm_addsubdf3.o)
 .debug_frame   0x00000ab4       0x50 d:/toolchain/gcc-arm-none-eabi-9-2020-q2-update-win32/bin/../lib/gcc/arm-none-eabi/9.3.1/thumb/v7e-m/nofp\libgcc.a(_arm_muldivdf3.o)
 .debug_frame   0x00000b04       0xc4 d:/toolchain/gcc-arm-none-eabi-9-2020-q2-update-win32/bin/../lib/gcc/arm-none-eabi/9.3.1/thumb/v7e-m/nofp\libgcc.a(_arm_cmpdf2.o)
 .debug_frame   0x00000bc8       0x24 d:/toolchain/gcc-arm-none-eabi-9-2020-q2-update-win32/bin/../lib/gcc/arm-none-eabi/9.3.1/thumb/v7e-m/nofp\libgcc.a(_arm_fixdfsi.o)
 .debug_frame   0x00000bec       0x24 d:/toolchain/gcc-arm-none-eabi-9-2020-q2-update-win32/bin/../lib/gcc/arm-none-eabi/9.3.1/thumb/v7e-m/nofp\libgcc.a(_arm_fixunsdfsi.o)
 .debug_frame   0x00000c10       0x2c d:/toolchain/gcc-arm-none-eabi-9-2020-q2-update-win32/bin/../lib/gcc/arm-none-eabi/9.3.1/thumb/v7e-m/nofp\libgcc.a(_aeabi_uldivmod.o)
 .debug_frame   0x00000c3c       0x34 d:/toolchain/gcc-arm-none-eabi-9-2020-q2-update-win32/bin/../lib/gcc/arm-none-eabi/9.3.1/thumb/v7e-m/nofp\libgcc.a(_udivmoddi4.o)
 .debug_frame   0x00000c70       0x2c d:/toolchain/gcc-arm-none-eabi-9-2020-q2-update-win32/bin/../lib/gcc/arm-none-eabi/9.3.1/../../../../arm-none-eabi/lib/thumb/v7e-m/nofp\libc.a(lib_a-init.o)
 .debug_frame   0x00000c9c       0x5c d:/toolchain/gcc-arm-none-eabi-9-2020-q2-update-win32/bin/../lib/gcc/arm-none-eabi/9.3.1/../../../../arm-none-eabi/lib/thumb/v7e-m/nofp\libc.a(lib_a-__call_atexit.o)
 .debug_frame   0x00000cf8       0x20 d:/toolchain/gcc-arm-none-eabi-9-2020-q2-update-win32/bin/../lib/gcc/arm-none-eabi/9.3.1/../../../../arm-none-eabi/lib/thumb/v7e-m/nofp\libc.a(lib_a-atexit.o)
 .debug_frame   0x00000d18       0x34 d:/toolchain/gcc-arm-none-eabi-9-2020-q2-update-win32/bin/../lib/gcc/arm-none-eabi/9.3.1/../../../../arm-none-eabi/lib/thumb/v7e-m/nofp\libc.a(lib_a-fini.o)
 .debug_frame   0x00000d4c       0xb0 d:/toolchain/gcc-arm-none-eabi-9-2020-q2-update-win32/bin/../lib/gcc/arm-none-eabi/9.3.1/../../../../arm-none-eabi/lib/thumb/v7e-m/nofp\libc.a(lib_a-lock.o)
 .debug_frame   0x00000dfc       0x34 d:/toolchain/gcc-arm-none-eabi-9-2020-q2-update-win32/bin/../lib/gcc/arm-none-eabi/9.3.1/../../../../arm-none-eabi/lib/thumb/v7e-m/nofp\libc.a(lib_a-__atexit.o)
