Archive member included to satisfy reference by file (symbol)

../../../../../drivers/crypto/lib/libcrypto.a(aes.o)
                              ./objects/cmac.o (aes_init)
d:/toolchain/gcc-arm-none-eabi-9-2020-q2-update-win32/bin/../lib/gcc/arm-none-eabi/9.3.1/thumb/v7e-m/nofp\libgcc.a(_arm_muldf3.o)
                              ./objects/printf-stdarg.o (__aeabi_dmul)
d:/toolchain/gcc-arm-none-eabi-9-2020-q2-update-win32/bin/../lib/gcc/arm-none-eabi/9.3.1/thumb/v7e-m/nofp\libgcc.a(_arm_addsubdf3.o)
                              ./objects/printf-stdarg.o (__aeabi_dsub)
d:/toolchain/gcc-arm-none-eabi-9-2020-q2-update-win32/bin/../lib/gcc/arm-none-eabi/9.3.1/thumb/v7e-m/nofp\libgcc.a(_arm_muldivdf3.o)
                              ./objects/printf-stdarg.o (__aeabi_ddiv)
d:/toolchain/gcc-arm-none-eabi-9-2020-q2-update-win32/bin/../lib/gcc/arm-none-eabi/9.3.1/thumb/v7e-m/nofp\libgcc.a(_arm_cmpdf2.o)
                              ./objects/printf-stdarg.o (__aeabi_dcmpeq)
d:/toolchain/gcc-arm-none-eabi-9-2020-q2-update-win32/bin/../lib/gcc/arm-none-eabi/9.3.1/thumb/v7e-m/nofp\libgcc.a(_arm_fixdfsi.o)
                              ./objects/printf-stdarg.o (__aeabi_d2iz)
d:/toolchain/gcc-arm-none-eabi-9-2020-q2-update-win32/bin/../lib/gcc/arm-none-eabi/9.3.1/thumb/v7e-m/nofp\libgcc.a(_arm_fixunsdfsi.o)
                              ./objects/printf-stdarg.o (__aeabi_d2uiz)
d:/toolchain/gcc-arm-none-eabi-9-2020-q2-update-win32/bin/../lib/gcc/arm-none-eabi/9.3.1/thumb/v7e-m/nofp\libgcc.a(_aeabi_uldivmod.o)
                              ./objects/printf-stdarg.o (__aeabi_uldivmod)
d:/toolchain/gcc-arm-none-eabi-9-2020-q2-update-win32/bin/../lib/gcc/arm-none-eabi/9.3.1/thumb/v7e-m/nofp\libgcc.a(_fixunsdfdi.o)
                              ./objects/rtc-board.o (__aeabi_d2ulz)
d:/toolchain/gcc-arm-none-eabi-9-2020-q2-update-win32/bin/../lib/gcc/arm-none-eabi/9.3.1/thumb/v7e-m/nofp\libgcc.a(_udivmoddi4.o)
                              d:/toolchain/gcc-arm-none-eabi-9-2020-q2-update-win32/bin/../lib/gcc/arm-none-eabi/9.3.1/thumb/v7e-m/nofp\libgcc.a(_aeabi_uldivmod.o) (__udivmoddi4)
d:/toolchain/gcc-arm-none-eabi-9-2020-q2-update-win32/bin/../lib/gcc/arm-none-eabi/9.3.1/thumb/v7e-m/nofp\libgcc.a(_dvmd_tls.o)
                              d:/toolchain/gcc-arm-none-eabi-9-2020-q2-update-win32/bin/../lib/gcc/arm-none-eabi/9.3.1/thumb/v7e-m/nofp\libgcc.a(_aeabi_uldivmod.o) (__aeabi_ldiv0)
d:/toolchain/gcc-arm-none-eabi-9-2020-q2-update-win32/bin/../lib/gcc/arm-none-eabi/9.3.1/../../../../arm-none-eabi/lib/thumb/v7e-m/nofp\libc.a(lib_a-exit.o)
                              d:/toolchain/gcc-arm-none-eabi-9-2020-q2-update-win32/bin/../lib/gcc/arm-none-eabi/9.3.1/../../../../arm-none-eabi/lib/thumb/v7e-m/nofp/crt0.o (exit)
d:/toolchain/gcc-arm-none-eabi-9-2020-q2-update-win32/bin/../lib/gcc/arm-none-eabi/9.3.1/../../../../arm-none-eabi/lib/thumb/v7e-m/nofp\libc.a(lib_a-impure.o)
                              d:/toolchain/gcc-arm-none-eabi-9-2020-q2-update-win32/bin/../lib/gcc/arm-none-eabi/9.3.1/../../../../arm-none-eabi/lib/thumb/v7e-m/nofp\libc.a(lib_a-exit.o) (_global_impure_ptr)
d:/toolchain/gcc-arm-none-eabi-9-2020-q2-update-win32/bin/../lib/gcc/arm-none-eabi/9.3.1/../../../../arm-none-eabi/lib/thumb/v7e-m/nofp\libc.a(lib_a-init.o)
                              d:/toolchain/gcc-arm-none-eabi-9-2020-q2-update-win32/bin/../lib/gcc/arm-none-eabi/9.3.1/../../../../arm-none-eabi/lib/thumb/v7e-m/nofp/crt0.o (__libc_init_array)
d:/toolchain/gcc-arm-none-eabi-9-2020-q2-update-win32/bin/../lib/gcc/arm-none-eabi/9.3.1/../../../../arm-none-eabi/lib/thumb/v7e-m/nofp\libc.a(lib_a-memcpy.o)
                              ./objects/ra08kitloratest.o (memcpy)
d:/toolchain/gcc-arm-none-eabi-9-2020-q2-update-win32/bin/../lib/gcc/arm-none-eabi/9.3.1/../../../../arm-none-eabi/lib/thumb/v7e-m/nofp\libc.a(lib_a-memset.o)
                              d:/toolchain/gcc-arm-none-eabi-9-2020-q2-update-win32/bin/../lib/gcc/arm-none-eabi/9.3.1/../../../../arm-none-eabi/lib/thumb/v7e-m/nofp/crt0.o (memset)
d:/toolchain/gcc-arm-none-eabi-9-2020-q2-update-win32/bin/../lib/gcc/arm-none-eabi/9.3.1/../../../../arm-none-eabi/lib/thumb/v7e-m/nofp\libc.a(lib_a-strlen.o)
                              ./objects/main.o (strlen)
d:/toolchain/gcc-arm-none-eabi-9-2020-q2-update-win32/bin/../lib/gcc/arm-none-eabi/9.3.1/../../../../arm-none-eabi/lib/thumb/v7e-m/nofp\libc.a(lib_a-__call_atexit.o)
                              d:/toolchain/gcc-arm-none-eabi-9-2020-q2-update-win32/bin/../lib/gcc/arm-none-eabi/9.3.1/../../../../arm-none-eabi/lib/thumb/v7e-m/nofp\libc.a(lib_a-exit.o) (__call_exitprocs)
d:/toolchain/gcc-arm-none-eabi-9-2020-q2-update-win32/bin/../lib/gcc/arm-none-eabi/9.3.1/../../../../arm-none-eabi/lib/thumb/v7e-m/nofp\libc.a(lib_a-atexit.o)
                              d:/toolchain/gcc-arm-none-eabi-9-2020-q2-update-win32/bin/../lib/gcc/arm-none-eabi/9.3.1/../../../../arm-none-eabi/lib/thumb/v7e-m/nofp\libc.a(lib_a-__call_atexit.o) (atexit)
[...]
Memory Configuration

Name             Origin             Length             Attributes
FLASH            0x08000000         0x00020000         xr
RAM              0x20000000         0x00004000         xrw
*default*        0x00000000         0xffffffff

Linker script and memory map

LOAD d:/toolchain/gcc-arm-none-eabi-9-2020-q2-update-win32/bin/../lib/gcc/arm-none-eabi/9.3.1/thumb/v7e-m/nofp/crti.o
LOAD d:/toolchain/gcc-arm-none-eabi-9-2020-q2-update-win32/bin/../lib/gcc/arm-none-eabi/9.3.1/thumb/v7e-m/nofp/crtbegin.o
LOAD d:/toolchain/gcc-arm-none-eabi-9-2020-q2-update-win32/bin/../lib/gcc/arm-none-eabi/9.3.1/../../../../arm-none-eabi/lib/thumb/v7e-m/nofp/crt0.o
LOAD ./objects/printf-stdarg.o
LOAD ./objects/system_cm4.o
LOAD ./objects/startup_cm4.o
LOAD ./objects/tremo_adc.o
LOAD ./objects/tremo_bstimer.o
LOAD ./objects/tremo_crc.o
LOAD ./objects/tremo_dac.o
LOAD ./objects/tremo_delay.o
LOAD ./objects/tremo_dma.o
LOAD ./objects/tremo_flash.o
LOAD ./objects/tremo_gpio.o
LOAD ./objects/tremo_i2c.o
LOAD ./objects/tremo_i2s.o
LOAD ./objects/tremo_iwdg.o
LOAD ./objects/tremo_lcd.o
LOAD ./objects/tremo_lptimer.o
LOAD ./objects/tremo_lpuart.o
LOAD ./objects/tremo_pwr.o
LOAD ./objects/tremo_rcc.o
LOAD ./objects/tremo_rtc.o
LOAD ./objects/tremo_spi.o
LOAD ./objects/tremo_system.o
LOAD ./objects/tremo_timer.o
LOAD ./objects/tremo_uart.o
LOAD ./objects/tremo_wdg.o
LOAD ./objects/delay.o
LOAD ./objects/timer.o
LOAD ./objects/cmac.o
LOAD ./objects/radio.o
LOAD ./objects/sx126x.o
LOAD ./objects/rtc-board.o
LOAD ./objects/sx1262-board.o
LOAD ./objects/utilities.o
LOAD ./objects/main.o
LOAD ./objects/tremo_it.o
LOAD ./objects/uart.o
LOAD ./objects/rtc.o
LOAD ./objects/sht20.o
LOAD ./objects/ra08kitloratest.o
LOAD ../../../../../drivers/crypto/lib/libcrypto.a
START GROUP
LOAD d:/toolchain/gcc-arm-none-eabi-9-2020-q2-update-win32/bin/../lib/gcc/arm-none-eabi/9.3.1/thumb/v7e-m/nofp\libgcc.a
LOAD d:/toolchain/gcc-arm-none-eabi-9-2020-q2-update-win32/bin/../lib/gcc/arm-none-eabi/9.3.1/../../../../arm-none-eabi/lib/thumb/v7e-m/nofp\libc.a
END GROUP
LOAD d:/toolchain/gcc-arm-none-eabi-9-2020-q2-update-win32/bin/../lib/gcc/arm-none-eabi/9.3.1/thumb/v7e-m/nofp/crtend.o
LOAD d:/toolchain/gcc-arm-none-eabi-9-2020-q2-update-win32/bin/../lib/gcc/arm-none-eabi/9.3.1/thumb/v7e-m/nofp/crtn.o
                0x20004000                _estack = 0x20004000
                0x00000000                _HEAP_SIZE = 0x0
                0x00001000                _STACK_SIZE = 0x1000

.isr_vector     0x08000000       0xd4
                0x08000000                . = ALIGN (0x4)
 *(.isr_vector)
 .isr_vector    0x08000000       0xd4 ./objects/startup_cm4.o
                0x08000000                g_pfnVectors
                0x080000d4                . = ALIGN (0x4)

.text           0x08000100     0x5504
                0x08000100                . = ALIGN (0x4)
 *(.text)
 .text          0x08000100       0x40 d:/toolchain/gcc-arm-none-eabi-9-2020-q2-update-win32/bin/../lib/gcc/arm-none-eabi/9.3.1/thumb/v7e-m/nofp/crtbegin.o
 .text          0x08000140      0x378 d:/toolchain/gcc-arm-none-eabi-9-2020-q2-update-win32/bin/../lib/gcc/arm-none-eabi/9.3.1/thumb/v7e-m/nofp\libgcc.a(_arm_addsubdf3.o)
                0x08000140                __aeabi_drsub
                0x08000148                __aeabi_dsub
                0x08000148                __subdf3
                0x0800014c                __aeabi_dadd
                0x0800014c                __adddf3
                0x080003c4                __floatunsidf
                0x080003c4                __aeabi_ui2d
                0x080003e4                __floatsidf
                0x080003e4                __aeabi_i2d
                0x08000408                __aeabi_f2d
                0x08000408                __extendsfdf2
                0x0800044c                __floatundidf
                0x0800044c                __aeabi_ul2d
                0x0800045c                __floatdidf
                0x0800045c                __aeabi_l2d
 .text          0x080004b8      0x424 d:/toolchain/gcc-arm-none-eabi-9-2020-q2-update-win32/bin/../lib/gcc/arm-none-eabi/9.3.1/thumb/v7e-m/nofp\libgcc.a(_arm_muldivdf3.o)
                0x080004b8                __aeabi_dmul
                0x080004b8                __muldf3
                0x0800070c                __divdf3
                0x0800070c                __aeabi_ddiv
 .text          0x080008dc      0x110 d:/toolchain/gcc-arm-none-eabi-9-2020-q2-update-win32/bin/../lib/gcc/arm-none-eabi/9.3.1/thumb/v7e-m/nofp\libgcc.a(_arm_cmpdf2.o)
                0x080008dc                __gtdf2
                0x080008dc                __gedf2
                0x080008e4                __ltdf2
                0x080008e4                __ledf2
                0x080008ec                __nedf2
                0x080008ec                __eqdf2
                0x080008ec                __cmpdf2
                0x08000968                __aeabi_cdrcmple
                0x08000978                __aeabi_cdcmpeq
                0x08000978                __aeabi_cdcmple
                0x08000988                __aeabi_dcmpeq
                0x0800099c                __aeabi_dcmplt
                0x080009b0                __aeabi_dcmple
                0x080009c4                __aeabi_dcmpge
                0x080009d8                __aeabi_dcmpgt
 .text          0x080009ec       0x50 d:/toolchain/gcc-arm-none-eabi-9-2020-q2-update-win32/bin/../lib/gcc/arm-none-eabi/9.3.1/thumb/v7e-m/nofp\libgcc.a(_arm_fixdfsi.o)
                0x080009ec                __aeabi_d2iz
                0x080009ec                __fixdfsi
 .text          0x08000a3c       0x40 d:/toolchain/gcc-arm-none-eabi-9-2020-q2-update-win32/bin/../lib/gcc/arm-none-eabi/9.3.1/thumb/v7e-m/nofp\libgcc.a(_arm_fixunsdfsi.o)
                0x08000a3c                __aeabi_d2uiz
                0x08000a3c                __fixunsdfsi
 .text          0x08000a7c       0x30 d:/toolchain/gcc-arm-none-eabi-9-2020-q2-update-win32/bin/../lib/gcc/arm-none-eabi/9.3.1/thumb/v7e-m/nofp\libgcc.a(_aeabi_uldivmod.o)
                0x08000a7c                __aeabi_uldivmod
 .text          0x08000aac       0x3c d:/toolchain/gcc-arm-none-eabi-9-2020-q2-update-win32/bin/../lib/gcc/arm-none-eabi/9.3.1/thumb/v7e-m/nofp\libgcc.a(_fixunsdfdi.o)
                0x08000aac                __fixunsdfdi
                0x08000aac                __aeabi_d2ulz
 .text          0x08000ae8      0x2c0 d:/toolchain/gcc-arm-none-eabi-9-2020-q2-update-win32/bin/../lib/gcc/arm-none-eabi/9.3.1/thumb/v7e-m/nofp\libgcc.a(_udivmoddi4.o)
                0x08000ae8                __udivmoddi4
 .text          0x08000da8        0x4 d:/toolchain/gcc-arm-none-eabi-9-2020-q2-update-win32/bin/../lib/gcc/arm-none-eabi/9.3.1/thumb/v7e-m/nofp\libgcc.a(_dvmd_tls.o)
                0x08000da8                __aeabi_idiv0
                0x08000da8                __aeabi_ldiv0
 .text          0x08000dac      0x134 d:/toolchain/gcc-arm-none-eabi-9-2020-q2-update-win32/bin/../lib/gcc/arm-none-eabi/9.3.1/../../../../arm-none-eabi/lib/thumb/v7e-m/nofp\libc.a(lib_a-memcpy.o)
                0x08000dac                memcpy
 *fill*         0x08000ee0       0x20 
 .text          0x08000f00       0xdc d:/toolchain/gcc-arm-none-eabi-9-2020-q2-update-win32/bin/../lib/gcc/arm-none-eabi/9.3.1/../../../../arm-none-eabi/lib/thumb/v7e-m/nofp\libc.a(lib_a-strlen.o)
                0x08000f00                strlen
 *(.text*)
 .text._out_buffer
                0x08000fdc        0x8 ./objects/printf-stdarg.o
 .text._out_null
                0x08000fe4        0x2 ./objects/printf-stdarg.o
 .text._out_rev
                0x08000fe6       0x96 ./objects/printf-stdarg.o
 .text._ntoa_format
                0x0800107c      0x10a ./objects/printf-stdarg.o
 .text._ntoa_long
                0x08001186       0x82 ./objects/printf-stdarg.o
 .text._ntoa_long_long
                0x08001208       0xa6 ./objects/printf-stdarg.o
 *fill*         0x080012ae        0x2 
 .text._out_char
                0x080012b0       0x10 ./objects/printf-stdarg.o
 .text._ftoa    0x080012c0      0x32c ./objects/printf-stdarg.o
 *fill*         0x080015ec        0x4 
 .text._etoa    0x080015f0      0x3b8 ./objects/printf-stdarg.o
 .text._vsnprintf
                0x080019a8      0x550 ./objects/printf-stdarg.o
 .text.__wrap_printf
                0x08001ef8       0x28 ./objects/printf-stdarg.o
                0x08001ef8                __wrap_printf
 .text.__wrap_sprintf
                0x08001f20       0x28 ./objects/printf-stdarg.o
                0x08001f20                __wrap_sprintf
 .text.nvic_init
                0x08001f48       0x24 ./objects/system_cm4.o
                0x08001f48                nvic_init
 .text.system_init
                0x08001f6c       0x44 ./objects/system_cm4.o
                0x08001f6c                system_init
 .text.Reset_Handler
                0x08001fb0       0x48 ./objects/startup_cm4.o
                0x08001fb0                Reset_Handler
 .text.Default_Handler
                0x08001ff8        0x2 ./objects/startup_cm4.o
                0x08001ff8                SCC_IRQHandler
                0x08001ff8                TIMER2_IRQHandler
                0x08001ff8                EFC_IRQHandler
                0x08001ff8                I2C0_IRQHandler
                0x08001ff8                SAC_IRQHandler
                0x08001ff8                I2C1_IRQHandler
                0x08001ff8                UART1_IRQHandler
                0x08001ff8                BSTIMER0_IRQHandler
                0x08001ff8                TIMER3_IRQHandler
                0x08001ff8                UART0_IRQHandler
                0x08001ff8                SEC_IRQHandler
                0x08001ff8                WDG_IRQHandler
                0x08001ff8                LPTIMER1_IRQHandler
                0x08001ff8                LPTIMER0_IRQHandler
                0x08001ff8                SSP0_IRQHandler
                0x08001ff8                I2S_IRQHandler
                0x08001ff8                I2C2_IRQHandler
                0x08001ff8                TIMER0_IRQHandler
                0x08001ff8                LCD_IRQHandler
                0x08001ff8                LPUART_IRQHandler
                0x08001ff8                TIMER1_IRQHandler
                0x08001ff8                UART2_IRQHandler
                0x08001ff8                Default_Handler
                0x08001ff8                ADC_IRQHandler
                0x08001ff8                SSP1_IRQHandler
                0x08001ff8                DMA0_IRQHandler
                0x08001ff8                IWDG_IRQHandler
                0x08001ff8                SSP2_IRQHandler
                0x08001ff8                BSTIMER1_IRQHandler
                0x08001ff8                DAC_IRQHandler
                0x08001ff8                AFEC_IRQHandler
                0x08001ff8                UART3_IRQHandler
                0x08001ff8                QSPI_IRQHandler
                0x08001ff8                DMA1_IRQHandler
 *fill*         0x08001ffa        0x2 
 .text.delay_init
                0x08001ffc       0x48 ./objects/tremo_delay.o
                0x08001ffc                delay_init
 .text.delay_us
                0x08002044       0x30 ./objects/tremo_delay.o
                0x08002044                delay_us
 .text.delay_ms
                0x08002074        0xa ./objects/tremo_delay.o
                0x08002074                delay_ms
 *fill*         0x0800207e        0x2 
 .text.gpio_init
                0x08002080      0x128 ./objects/tremo_gpio.o
                0x08002080                gpio_init
 .text.gpio_write
                0x080021a8       0x18 ./objects/tremo_gpio.o
                0x080021a8                gpio_write
 .text.gpio_clear_interrupt
                0x080021c0       0x10 ./objects/tremo_gpio.o
                0x080021c0                gpio_clear_interrupt
 .text.gpio_config_interrupt
                0x080021d0       0x20 ./objects/tremo_gpio.o
                0x080021d0                gpio_config_interrupt
 .text.gpio_get_interrupt_status
                0x080021f0       0x14 ./objects/tremo_gpio.o
                0x080021f0                gpio_get_interrupt_status
 .text.gpio_set_iomux
                0x08002204       0x40 ./objects/tremo_gpio.o
                0x08002204                gpio_set_iomux
 .text.i2c_deinit
                0x08002244       0x3c ./objects/tremo_i2c.o
                0x08002244                i2c_deinit
 .text.i2c_config_init
                0x08002280        0x8 ./objects/tremo_i2c.o
                0x08002280                i2c_config_init
 .text.i2c_init
                0x08002288       0xa0 ./objects/tremo_i2c.o
                0x08002288                i2c_init
 .text.i2c_cmd  0x08002328       0x22 ./objects/tremo_i2c.o
                0x08002328                i2c_cmd
 *fill*         0x0800234a        0x2 
 .text.deepsleep
                0x0800234c       0xc0 ./objects/tremo_pwr.o
                0x0800234c                deepsleep
 .text.pwr_deepsleep_wfi
                0x0800240c        0x6 ./objects/tremo_pwr.o
                0x0800240c                pwr_deepsleep_wfi
 *fill*         0x08002412        0x2 
 .text.pwr_xo32k_lpm_cmd
                0x08002414       0x18 ./objects/tremo_pwr.o
                0x08002414                pwr_xo32k_lpm_cmd
 .text.rcc_get_clk_freq
                0x0800242c       0x9c ./objects/tremo_rcc.o
                0x0800242c                rcc_get_clk_freq
 .text.rcc_get_uart0_clk_source
                0x080024c8        0xc ./objects/tremo_rcc.o
                0x080024c8                rcc_get_uart0_clk_source
 .text.rcc_get_uart1_clk_source
                0x080024d4        0xc ./objects/tremo_rcc.o
                0x080024d4                rcc_get_uart1_clk_source
 .text.rcc_get_uart2_clk_source
                0x080024e0        0xc ./objects/tremo_rcc.o
                0x080024e0                rcc_get_uart2_clk_source
 .text.rcc_get_uart3_clk_source
                0x080024ec        0xc ./objects/tremo_rcc.o
                0x080024ec                rcc_get_uart3_clk_source
 .text.rcc_get_rtc_clk_source
                0x080024f8        0xc ./objects/tremo_rcc.o
                0x080024f8                rcc_get_rtc_clk_source
 .text.rcc_enable_peripheral_clk
                0x08002504      0x4b4 ./objects/tremo_rcc.o
                0x08002504                rcc_enable_peripheral_clk
 .text.rcc_enable_oscillator
                0x080029b8       0xfc ./objects/tremo_rcc.o
                0x080029b8                rcc_enable_oscillator
 .text.rcc_rst_peripheral
                0x08002ab4       0x4a ./objects/tremo_rcc.o
                0x08002ab4                rcc_rst_peripheral
 *fill*         0x08002afe        0x2 
 .text.rtc_check_syn
                0x08002b00       0x14 ./objects/tremo_rtc.o
                0x08002b00                rtc_check_syn
 .text.rtc_calendar_cmd
                0x08002b14       0x20 ./objects/tremo_rtc.o
                0x08002b14                rtc_calendar_cmd
 .text.rtc_cyc_cmd
                0x08002b34       0x20 ./objects/tremo_rtc.o
                0x08002b34                rtc_cyc_cmd
 .text.rtc_config_cyc_wakeup
                0x08002b54       0x24 ./objects/tremo_rtc.o
                0x08002b54                rtc_config_cyc_wakeup
 .text.rtc_set_calendar
                0x08002b78       0xc4 ./objects/tremo_rtc.o
                0x08002b78                rtc_set_calendar
 .text.rtc_get_calendar
                0x08002c3c       0xdc ./objects/tremo_rtc.o
                0x08002c3c                rtc_get_calendar
 .text.rtc_set_status
                0x08002d18       0x30 ./objects/tremo_rtc.o
                0x08002d18                rtc_set_status
 .text.rtc_get_status
                0x08002d48       0x38 ./objects/tremo_rtc.o
                0x08002d48                rtc_get_status
 .text.rtc_config_interrupt
                0x08002d80       0x38 ./objects/tremo_rtc.o
                0x08002d80                rtc_config_interrupt
 .text.rtc_config_cyc_max
                0x08002db8       0x14 ./objects/tremo_rtc.o
                0x08002db8                rtc_config_cyc_max
 .text.system_get_chip_id
                0x08002dcc       0x1c ./objects/tremo_system.o
                0x08002dcc                system_get_chip_id
 .text.uart_send_data
                0x08002de8        0xa ./objects/tremo_uart.o
                0x08002de8                uart_send_data
 .text.uart_config_init
                0x08002df2       0x16 ./objects/tremo_uart.o
                0x08002df2                uart_config_init
 .text.uart_cmd
                0x08002e08       0x12 ./objects/tremo_uart.o
                0x08002e08                uart_cmd
 *fill*         0x08002e1a        0x2 
 .text.uart_init
                0x08002e1c      0x140 ./objects/tremo_uart.o
                0x08002e1c                uart_init
 .text.DelayMs  0x08002f5c        0x4 ./objects/delay.o
                0x08002f5c                DelayMs
 .text.TimeStampsUpdate
                0x08002f60       0x2c ./objects/timer.o
 .text.TimerInsertNewHeadTimer
                0x08002f8c       0x1c ./objects/timer.o
 .text.TimerInit
                0x08002fa8        0xe ./objects/timer.o
                0x08002fa8                TimerInit
 *fill*         0x08002fb6        0x2 
 .text.TimerStart
                0x08002fb8       0x78 ./objects/timer.o
                0x08002fb8                TimerStart
 .text.TimerStop
                0x08003030       0x60 ./objects/timer.o
                0x08003030                TimerStop
 .text.TimerSetValue
                0x08003090       0x10 ./objects/timer.o
                0x08003090                TimerSetValue
 .text.TimerGetCurrentTime
                0x080030a0       0x18 ./objects/timer.o
                0x080030a0                TimerGetCurrentTime
 .text.TimerGetElapsedTime
                0x080030b8       0x12 ./objects/timer.o
                0x080030b8                TimerGetElapsedTime
 .text.RadioCheckRfFrequency
                0x080030ca        0x4 ./objects/radio.o
                0x080030ca                RadioCheckRfFrequency
 *fill*         0x080030ce        0x2 
 .text.RadioOnTxTimeoutIrq
                0x080030d0       0x14 ./objects/radio.o
                0x080030d0                RadioOnTxTimeoutIrq
 .text.RadioOnRxTimeoutIrq
                0x080030e4       0x14 ./objects/radio.o
                0x080030e4                RadioOnRxTimeoutIrq
 .text.RadioStandby
                0x080030f8        0x6 ./objects/radio.o
                0x080030f8                RadioStandby
 *fill*         0x080030fe        0x2 
 .text.RadioInit
                0x08003100       0x6c ./objects/radio.o
                0x08003100                RadioInit
 .text.RadioGetStatus
                0x0800316c       0x18 ./objects/radio.o
                0x0800316c                RadioGetStatus
 .text.RadioSetChannel
                0x08003184        0x4 ./objects/radio.o
                0x08003184                RadioSetChannel
 .text.RadioRssi
                0x08003188        0xa ./objects/radio.o
                0x08003188                RadioRssi
 .text.RadioSyncWord
                0x08003192       0x14 ./objects/radio.o
                0x08003192                RadioSyncWord
 .text.RadioRead
                0x080031a6        0x4 ./objects/radio.o
                0x080031a6                RadioRead
 .text.RadioWrite
                0x080031aa        0x4 ./objects/radio.o
                0x080031aa                RadioWrite
 *fill*         0x080031ae        0x2 
 .text.RadioSend
                0x080031b0       0x54 ./objects/radio.o
                0x080031b0                RadioSend
 .text.RadioSleep
                0x08003204       0x14 ./objects/radio.o
                0x08003204                RadioSleep
 .text.RadioSetRxDutyCycle
                0x08003218        0x4 ./objects/radio.o
                0x08003218                RadioSetRxDutyCycle
 .text.RadioStartCad
                0x0800321c       0x6c ./objects/radio.o
                0x0800321c                RadioStartCad
 .text.RadioSetTxContinuousWave
                0x08003288       0x4c ./objects/radio.o
                0x08003288                RadioSetTxContinuousWave
 .text.RadioWriteBuffer
                0x080032d4        0x4 ./objects/radio.o
                0x080032d4                RadioWriteBuffer
 .text.RadioReadBuffer
                0x080032d8        0x4 ./objects/radio.o
                0x080032d8                RadioReadBuffer
 .text.RadioGetWakeupTime
                0x080032dc        0xa ./objects/radio.o
                0x080032dc                RadioGetWakeupTime
 *fill*         0x080032e6        0x2 
 .text.RadioOnCadTimeoutIrq
                0x080032e8       0x20 ./objects/radio.o
                0x080032e8                RadioOnCadTimeoutIrq
 .text.RadioGetFskBandwidthRegValue
                0x08003308       0x34 ./objects/radio.o
 .text.RadioSetMaxPayloadLength
                0x0800333c       0x28 ./objects/radio.o
                0x0800333c                RadioSetMaxPayloadLength
 .text.RadioRx  0x08003364       0x44 ./objects/radio.o
                0x08003364                RadioRx
 .text.RadioRxBoosted
                0x080033a8       0x40 ./objects/radio.o
                0x080033a8                RadioRxBoosted
 .text.RadioIrqProcess
                0x080033e8      0x16c ./objects/radio.o
                0x080033e8                RadioIrqProcess
 .text.RadioSetPublicNetwork
                0x08003554       0x3c ./objects/radio.o
                0x08003554                RadioSetPublicNetwork
 .text.RadioSetModem.part.0
                0x08003590       0x24 ./objects/radio.o
 .text.RadioSetModem
                0x080035b4       0x20 ./objects/radio.o
                0x080035b4                RadioSetModem
 .text.RadioIsChannelFree
                0x080035d4       0x4e ./objects/radio.o
                0x080035d4                RadioIsChannelFree
 .text.RadioRandom
                0x08003622       0x3c ./objects/radio.o
                0x08003622                RadioRandom
 *fill*         0x0800365e        0x2 
 .text.RadioSymbTime
                0x08003660       0x2c ./objects/radio.o
                0x08003660                RadioSymbTime
 *fill*         0x0800368c        0x4 
 .text.RadioSetRxConfig
                0x08003690      0x21c ./objects/radio.o
                0x08003690                RadioSetRxConfig
 *fill*         0x080038ac        0x4 
 .text.RadioSetTxConfig
                0x080038b0      0x198 ./objects/radio.o
                0x080038b0                RadioSetTxConfig
 .text.RadioTimeOnAir
                0x08003a48      0x190 ./objects/radio.o
                0x08003a48                RadioTimeOnAir
 .text.RadioOnDioIrq
                0x08003bd8       0x24 ./objects/radio.o
                0x08003bd8                RadioOnDioIrq
 .text.SX126xGetOperatingMode
                0x08003bfc        0xc ./objects/sx126x.o
                0x08003bfc                SX126xGetOperatingMode
 .text.SX126xSetOperatingMode
                0x08003c08        0xc ./objects/sx126x.o
                0x08003c08                SX126xSetOperatingMode
 .text.SX126xCheckDeviceReady
                0x08003c14       0x38 ./objects/sx126x.o
                0x08003c14                SX126xCheckDeviceReady
 .text.SX126xSetPayload
                0x08003c4c        0xa ./objects/sx126x.o
                0x08003c4c                SX126xSetPayload
 .text.SX126xSetSyncWord
                0x08003c56       0x10 ./objects/sx126x.o
                0x08003c56                SX126xSetSyncWord
 *fill*         0x08003c66        0x2 
 .text.SX126xSetCrcSeed
                0x08003c68       0x24 ./objects/sx126x.o
                0x08003c68                SX126xSetCrcSeed
 .text.SX126xSetCrcPolynomial
                0x08003c8c       0x24 ./objects/sx126x.o
                0x08003c8c                SX126xSetCrcPolynomial
 .text.SX126xSetWhiteningSeed
                0x08003cb0       0x38 ./objects/sx126x.o
                0x08003cb0                SX126xSetWhiteningSeed
 .text.SX126xSetSleep
                0x08003ce8       0x24 ./objects/sx126x.o
                0x08003ce8                SX126xSetSleep
 .text.SX126xSetStandby
                0x08003d0c       0x2c ./objects/sx126x.o
                0x08003d0c                SX126xSetStandby
 .text.SX126xSetTx
                0x08003d38       0x2c ./objects/sx126x.o
                0x08003d38                SX126xSetTx
 .text.SX126xSendPayload
                0x08003d64       0x12 ./objects/sx126x.o
                0x08003d64                SX126xSendPayload
 *fill*         0x08003d76        0x2 
 .text.SX126xSetRx
                0x08003d78       0x2c ./objects/sx126x.o
                0x08003d78                SX126xSetRx
 .text.SX126xSetRxBoosted
                0x08003da4       0x38 ./objects/sx126x.o
                0x08003da4                SX126xSetRxBoosted
 .text.SX126xSetRxDutyCycle
                0x08003ddc       0x38 ./objects/sx126x.o
                0x08003ddc                SX126xSetRxDutyCycle
 .text.SX126xSetCad
                0x08003e14       0x18 ./objects/sx126x.o
                0x08003e14                SX126xSetCad
 .text.SX126xSetTxContinuousWave
                0x08003e2c        0xa ./objects/sx126x.o
                0x08003e2c                SX126xSetTxContinuousWave
 .text.SX126xSetStopRxTimerOnPreambleDetect
                0x08003e36       0x18 ./objects/sx126x.o
                0x08003e36                SX126xSetStopRxTimerOnPreambleDetect
 .text.SX126xSetLoRaSymbNumTimeout
                0x08003e4e       0x18 ./objects/sx126x.o
                0x08003e4e                SX126xSetLoRaSymbNumTimeout
 .text.SX126xSetRegulatorMode
                0x08003e66       0x18 ./objects/sx126x.o
                0x08003e66                SX126xSetRegulatorMode
 *fill*         0x08003e7e        0x2 
 .text.SX126xCalibrateImage
                0x08003e80       0x64 ./objects/sx126x.o
                0x08003e80                SX126xCalibrateImage
 .text.SX126xSetPaConfig
                0x08003ee4       0x24 ./objects/sx126x.o
                0x08003ee4                SX126xSetPaConfig
 .text.SX126xSetDioIrqParams
                0x08003f08       0x2a ./objects/sx126x.o
                0x08003f08                SX126xSetDioIrqParams
 .text.SX126xGetIrqStatus
                0x08003f32       0x1e ./objects/sx126x.o
                0x08003f32                SX126xGetIrqStatus
 .text.SX126xSetDio2AsRfSwitchCtrl
                0x08003f50       0x18 ./objects/sx126x.o
                0x08003f50                SX126xSetDio2AsRfSwitchCtrl
 .text.SX126xInit
                0x08003f68       0x28 ./objects/sx126x.o
                0x08003f68                SX126xInit
 .text.SX126xSetRfFrequency
                0x08003f90       0x4c ./objects/sx126x.o
                0x08003f90                SX126xSetRfFrequency
 .text.SX126xSetPacketType
                0x08003fdc       0x20 ./objects/sx126x.o
                0x08003fdc                SX126xSetPacketType
 .text.SX126xGetPacketType
                0x08003ffc        0xc ./objects/sx126x.o
                0x08003ffc                SX126xGetPacketType
 .text.SX126xSetTxParams
                0x08004008       0xbc ./objects/sx126x.o
                0x08004008                SX126xSetTxParams
 *fill*         0x080040c4        0x4 
 .text.SX126xSetModulationParams
                0x080040c8       0xb4 ./objects/sx126x.o
                0x080040c8                SX126xSetModulationParams
 .text.SX126xSetPacketParams
                0x0800417c       0xac ./objects/sx126x.o
                0x0800417c                SX126xSetPacketParams
 .text.SX126xSetCadParams
                0x08004228       0x3c ./objects/sx126x.o
                0x08004228                SX126xSetCadParams
 .text.SX126xSetBufferBaseAddress
                0x08004264       0x1a ./objects/sx126x.o
                0x08004264                SX126xSetBufferBaseAddress
 .text.SX126xGetRssiInst
                0x0800427e       0x1a ./objects/sx126x.o
                0x0800427e                SX126xGetRssiInst
 .text.SX126xGetRxBufferStatus
                0x08004298       0x48 ./objects/sx126x.o
                0x08004298                SX126xGetRxBufferStatus
 .text.SX126xGetPayload
                0x080042e0       0x32 ./objects/sx126x.o
                0x080042e0                SX126xGetPayload
 *fill*         0x08004312        0x2 
 .text.SX126xGetPacketStatus
                0x08004314       0x80 ./objects/sx126x.o
                0x08004314                SX126xGetPacketStatus
 .text.SX126xClearIrqStatus
                0x08004394       0x18 ./objects/sx126x.o
                0x08004394                SX126xClearIrqStatus
 .text.RtcSetTimeout
                0x080043ac       0x8c ./objects/rtc-board.o
                0x080043ac                RtcSetTimeout
 .text.RtcStopTimeout
                0x08004438       0x14 ./objects/rtc-board.o
                0x08004438                RtcStopTimeout
 .text.RtcGetTimerContext
                0x0800444c        0xc ./objects/rtc-board.o
                0x0800444c                RtcGetTimerContext
 .text.RtcGetTimerValue
                0x08004458      0x120 ./objects/rtc-board.o
                0x08004458                RtcGetTimerValue
 .text.RtcSetTimerContext
                0x08004578       0x18 ./objects/rtc-board.o
                0x08004578                RtcSetTimerContext
 .text.RtcGetElapsedTime
                0x08004590       0x18 ./objects/rtc-board.o
                0x08004590                RtcGetElapsedTime
 .text.BoardDisableIrq
                0x080045a8        0x4 ./objects/sx1262-board.o
                0x080045a8                BoardDisableIrq
 .text.BoardEnableIrq
                0x080045ac        0x4 ./objects/sx1262-board.o
                0x080045ac                BoardEnableIrq
 .text.SpiInOut
                0x080045b0       0x18 ./objects/sx1262-board.o
                0x080045b0                SpiInOut
 .text.SX126xLoracInit
                0x080045c8       0x5c ./objects/sx1262-board.o
                0x080045c8                SX126xLoracInit
 .text.SX126xGetBoardTcxoWakeupTime
                0x08004624        0x4 ./objects/sx1262-board.o
                0x08004624                SX126xGetBoardTcxoWakeupTime
 .text.SX126xReset
                0x08004628       0x40 ./objects/sx1262-board.o
                0x08004628                SX126xReset
 .text.SX126xWaitOnBusy
                0x08004668       0x18 ./objects/sx1262-board.o
                0x08004668                SX126xWaitOnBusy
 .text.SX126xWakeup
                0x08004680       0x30 ./objects/sx1262-board.o
                0x08004680                SX126xWakeup
 .text.SX126xWriteCommand
                0x080046b0       0x44 ./objects/sx1262-board.o
                0x080046b0                SX126xWriteCommand
 .text.SX126xReadCommand
                0x080046f4       0x48 ./objects/sx1262-board.o
                0x080046f4                SX126xReadCommand
 .text.SX126xWriteRegisters
                0x0800473c       0x48 ./objects/sx1262-board.o
                0x0800473c                SX126xWriteRegisters
 .text.SX126xWriteRegister
                0x08004784       0x16 ./objects/sx1262-board.o
                0x08004784                SX126xWriteRegister
 *fill*         0x0800479a        0x2 
 .text.SX126xReadRegisters
                0x0800479c       0x50 ./objects/sx1262-board.o
                0x0800479c                SX126xReadRegisters
 .text.SX126xReadRegister
                0x080047ec       0x16 ./objects/sx1262-board.o
                0x080047ec                SX126xReadRegister
 *fill*         0x08004802        0x2 
 .text.SX126xWriteBuffer
                0x08004804       0x48 ./objects/sx1262-board.o
                0x08004804                SX126xWriteBuffer
 .text.SX126xReadBuffer
                0x0800484c       0x50 ./objects/sx1262-board.o
                0x0800484c                SX126xReadBuffer
 .text.SX126xSetRfTxPower
                0x0800489c        0x6 ./objects/sx1262-board.o
                0x0800489c                SX126xSetRfTxPower
 .text.SX126xGetPaSelect
                0x080048a2        0x4 ./objects/sx1262-board.o
                0x080048a2                SX126xGetPaSelect
 *fill*         0x080048a6        0x2 
 .text.SX126xAntSwOn
                0x080048a8       0x10 ./objects/sx1262-board.o
                0x080048a8                SX126xAntSwOn
 .text.SX126xAntSwOff
                0x080048b8       0x10 ./objects/sx1262-board.o
                0x080048b8                SX126xAntSwOff
 .text.rand1    0x080048c8       0x28 ./objects/utilities.o
                0x080048c8                rand1
 .text.sys_init
                0x080048f0       0xfc ./objects/main.o
                0x080048f0                sys_init
 .text.get_sys_data
                0x080049ec       0x94 ./objects/main.o
                0x080049ec                get_sys_data
 .text.send_data_to_geteway
                0x08004a80       0x2c ./objects/main.o
                0x08004a80                send_data_to_geteway
 .text.startup.main
                0x08004aac       0x7c ./objects/main.o
                0x08004aac                main
 .text.NMI_Handler
                0x08004b28        0x2 ./objects/tremo_it.o
                0x08004b28                NMI_Handler
 .text.HardFault_Handler
                0x08004b2a        0x2 ./objects/tremo_it.o
                0x08004b2a                HardFault_Handler
 .text.MemManage_Handler
                0x08004b2c        0x2 ./objects/tremo_it.o
                0x08004b2c                MemManage_Handler
 .text.BusFault_Handler
                0x08004b2e        0x2 ./objects/tremo_it.o
                0x08004b2e                BusFault_Handler
 .text.UsageFault_Handler
                0x08004b30        0x2 ./objects/tremo_it.o
                0x08004b30                UsageFault_Handler
 .text.SVC_Handler
                0x08004b32        0x2 ./objects/tremo_it.o
                0x08004b32                SVC_Handler
 .text.PendSV_Handler
                0x08004b34        0x2 ./objects/tremo_it.o
                0x08004b34                PendSV_Handler
 .text.SysTick_Handler
                0x08004b36        0x2 ./objects/tremo_it.o
                0x08004b36                SysTick_Handler
 .text.PWR_IRQHandler
                0x08004b38        0x2 ./objects/tremo_it.o
                0x08004b38                PWR_IRQHandler
 .text.LORA_IRQHandler
                0x08004b3a        0x4 ./objects/tremo_it.o
                0x08004b3a                LORA_IRQHandler
 .text.RTC_IRQHandler
                0x08004b3e        0x4 ./objects/tremo_it.o
                0x08004b3e                RTC_IRQHandler
 *fill*         0x08004b42        0x2 
 .text.GPIO_IRQHandler
                0x08004b44       0x50 ./objects/tremo_it.o
                0x08004b44                GPIO_IRQHandler
 .text.uart_log_init
                0x08004b94       0x50 ./objects/uart.o
                0x08004b94                uart_log_init
 .text.rtc_IRQHandler
                0x08004be4       0x2c ./objects/rtc.o
                0x08004be4                rtc_IRQHandler
 .text.rtc_alarm_wakeup
                0x08004c10       0x74 ./objects/rtc.o
                0x08004c10                rtc_alarm_wakeup
 .text.date2days
                0x08004c84       0x54 ./objects/rtc.o
                0x08004c84                date2days
 .text.unixtime
                0x08004cd8       0x34 ./objects/rtc.o
                0x08004cd8                unixtime
 .text.my_i2c_init
                0x08004d0c       0x58 ./objects/sht20.o
                0x08004d0c                my_i2c_init
 .text.OnTxDone
                0x08004d64       0x18 ./objects/ra08kitloratest.o
                0x08004d64                OnTxDone
 .text.OnTxTimeout
                0x08004d7c       0x18 ./objects/ra08kitloratest.o
                0x08004d7c                OnTxTimeout
 .text.OnRxTimeout
                0x08004d94       0x18 ./objects/ra08kitloratest.o
                0x08004d94                OnRxTimeout
 .text.OnRxError
                0x08004dac       0x18 ./objects/ra08kitloratest.o
                0x08004dac                OnRxError
 .text.OnRxDone
                0x08004dc4       0x48 ./objects/ra08kitloratest.o
                0x08004dc4                OnRxDone
 .text.Ra08KitLoraTestStart
                0x08004e0c       0xfc ./objects/ra08kitloratest.o
                0x08004e0c                Ra08KitLoraTestStart
 .text.fun2     0x08004f08      0x174 ./objects/ra08kitloratest.o
                0x08004f08                fun2
 .text.__libc_init_array
                0x0800507c       0x48 d:/toolchain/gcc-arm-none-eabi-9-2020-q2-update-win32/bin/../lib/gcc/arm-none-eabi/9.3.1/../../../../arm-none-eabi/lib/thumb/v7e-m/nofp\libc.a(lib_a-init.o)
                0x0800507c                __libc_init_array
 .text.memset   0x080050c4       0xa0 d:/toolchain/gcc-arm-none-eabi-9-2020-q2-update-win32/bin/../lib/gcc/arm-none-eabi/9.3.1/../../../../arm-none-eabi/lib/thumb/v7e-m/nofp\libc.a(lib_a-memset.o)
                0x080050c4                memset
 .text.startup.register_fini
                0x08005164       0x14 d:/toolchain/gcc-arm-none-eabi-9-2020-q2-update-win32/bin/../lib/gcc/arm-none-eabi/9.3.1/../../../../arm-none-eabi/lib/thumb/v7e-m/nofp\libc.a(lib_a-__call_atexit.o)
 .text.atexit   0x08005178        0xc d:/toolchain/gcc-arm-none-eabi-9-2020-q2-update-win32/bin/../lib/gcc/arm-none-eabi/9.3.1/../../../../arm-none-eabi/lib/thumb/v7e-m/nofp\libc.a(lib_a-atexit.o)
                0x08005178                atexit
 .text.__libc_fini_array
                0x08005184       0x2c d:/toolchain/gcc-arm-none-eabi-9-2020-q2-update-win32/bin/../lib/gcc/arm-none-eabi/9.3.1/../../../../arm-none-eabi/lib/thumb/v7e-m/nofp\libc.a(lib_a-fini.o)
                0x08005184                __libc_fini_array
 .text.__retarget_lock_acquire_recursive
                0x080051b0        0x4 d:/toolchain/gcc-arm-none-eabi-9-2020-q2-update-win32/bin/../lib/gcc/arm-none-eabi/9.3.1/../../../../arm-none-eabi/lib/thumb/v7e-m/nofp\libc.a(lib_a-lock.o)
                0x080051b0                __retarget_lock_acquire_recursive
 .text.__retarget_lock_release_recursive
                0x080051b4        0x4 d:/toolchain/gcc-arm-none-eabi-9-2020-q2-update-win32/bin/../lib/gcc/arm-none-eabi/9.3.1/../../../../arm-none-eabi/lib/thumb/v7e-m/nofp\libc.a(lib_a-lock.o)
                0x080051b4                __retarget_lock_release_recursive
 .text.__register_exitproc
                0x080051b8       0x8c d:/toolchain/gcc-arm-none-eabi-9-2020-q2-update-win32/bin/../lib/gcc/arm-none-eabi/9.3.1/../../../../arm-none-eabi/lib/thumb/v7e-m/nofp\libc.a(lib_a-__atexit.o)
                0x080051b8                __register_exitproc
 *fill*         0x08005244        0x4 
 .text.ceil     0x08005248       0xf8 d:/toolchain/gcc-arm-none-eabi-9-2020-q2-update-win32/bin/../lib/gcc/arm-none-eabi/9.3.1/../../../../arm-none-eabi/lib/thumb/v7e-m/nofp\libm.a(lib_a-s_ceil.o)
                0x08005248                ceil
 .text.floor    0x08005340       0xf8 d:/toolchain/gcc-arm-none-eabi-9-2020-q2-update-win32/bin/../lib/gcc/arm-none-eabi/9.3.1/../../../../arm-none-eabi/lib/thumb/v7e-m/nofp\libm.a(lib_a-s_floor.o)
                0x08005340                floor
 .text.rint     0x08005438      0x120 d:/toolchain/gcc-arm-none-eabi-9-2020-q2-update-win32/bin/../lib/gcc/arm-none-eabi/9.3.1/../../../../arm-none-eabi/lib/thumb/v7e-m/nofp\libm.a(lib_a-s_rint.o)
                0x08005438                rint
 .text.round    0x08005558       0x94 d:/toolchain/gcc-arm-none-eabi-9-2020-q2-update-win32/bin/../lib/gcc/arm-none-eabi/9.3.1/../../../../arm-none-eabi/lib/thumb/v7e-m/nofp\libm.a(lib_a-s_round.o)
                0x08005558                round
 *(.glue_7)
 .glue_7        0x080055ec        0x0 linker stubs
 *(.glue_7t)
 .glue_7t       0x080055ec        0x0 linker stubs
 *(.eh_frame)
 .eh_frame      0x080055ec        0x0 d:/toolchain/gcc-arm-none-eabi-9-2020-q2-update-win32/bin/../lib/gcc/arm-none-eabi/9.3.1/thumb/v7e-m/nofp/crtbegin.o
 *(.init)
 .init          0x080055ec        0x4 d:/toolchain/gcc-arm-none-eabi-9-2020-q2-update-win32/bin/../lib/gcc/arm-none-eabi/9.3.1/thumb/v7e-m/nofp/crti.o
                0x080055ec                _init
 .init          0x080055f0        0x8 d:/toolchain/gcc-arm-none-eabi-9-2020-q2-update-win32/bin/../lib/gcc/arm-none-eabi/9.3.1/thumb/v7e-m/nofp/crtn.o
 *(.fini)
 .fini          0x080055f8        0x4 d:/toolchain/gcc-arm-none-eabi-9-2020-q2-update-win32/bin/../lib/gcc/arm-none-eabi/9.3.1/thumb/v7e-m/nofp/crti.o
                0x080055f8                _fini
 .fini          0x080055fc        0x8 d:/toolchain/gcc-arm-none-eabi-9-2020-q2-update-win32/bin/../lib/gcc/arm-none-eabi/9.3.1/thumb/v7e-m/nofp/crtn.o
                0x08005604                . = ALIGN (0x4)
                0x08005604                _etext = .

.vfp11_veneer   0x08005604        0x0
 .vfp11_veneer  0x08005604        0x0 linker stubs

.v4_bx          0x08005604        0x0
 .v4_bx         0x08005604        0x0 linker stubs

.iplt           0x08005604        0x0
 .iplt          0x08005604        0x0 d:/toolchain/gcc-arm-none-eabi-9-2020-q2-update-win32/bin/../lib/gcc/arm-none-eabi/9.3.1/thumb/v7e-m/nofp/crtbegin.o

.rodata         0x08005608      0x4c8
                0x08005608                . = ALIGN (0x4)
 *(.rodata)
 .rodata        0x08005608       0x50 ./objects/printf-stdarg.o
 .rodata        0x08005658        0xc ./objects/tremo_uart.o
 *fill*         0x08005664        0x4 
 .rodata        0x08005668      0x18c ./objects/radio.o
                0x08005668                FskBandwidths
                0x08005778                Bandwidths
                0x08005784                Radio
 .rodata        0x080057f4       0x11 ./objects/sx126x.o
 .rodata        0x08005805       0x18 ./objects/rtc-board.o
 .rodata        0x0800581d       0x10 ./objects/tremo_it.o
 .rodata        0x0800582d        0xb ./objects/rtc.o
                0x0800582d                daysInMonth
 .rodata        0x08005838        0x5 ./objects/ra08kitloratest.o
 *(.rodata*)
 .rodata.str1.1
                0x0800583d       0x19 ./objects/printf-stdarg.o
 .rodata.str1.1
                0x08005856       0xc3 ./objects/main.o
                                 0xd7 (size before relaxing)
 .rodata.str1.1
                0x08005919       0x26 ./objects/tremo_it.o
 .rodata.str1.1
                0x0800593f       0x1d ./objects/rtc.o
 .rodata.str1.1
                0x0800595c      0x15c ./objects/ra08kitloratest.o
 .rodata._global_impure_ptr
                0x08005ab8        0x4 d:/toolchain/gcc-arm-none-eabi-9-2020-q2-update-win32/bin/../lib/gcc/arm-none-eabi/9.3.1/../../../../arm-none-eabi/lib/thumb/v7e-m/nofp\libc.a(lib_a-impure.o)
                0x08005ab8                _global_impure_ptr
 *fill*         0x08005abc        0x4 
 .rodata.TWO52  0x08005ac0       0x10 d:/toolchain/gcc-arm-none-eabi-9-2020-q2-update-win32/bin/../lib/gcc/arm-none-eabi/9.3.1/../../../../arm-none-eabi/lib/thumb/v7e-m/nofp\libm.a(lib_a-s_rint.o)
                0x08005ad0                . = ALIGN (0x4)

.ARM.extab
 *(.ARM.extab* .gnu.linkonce.armextab.*)

.ARM            0x08005ad0        0x8
                0x08005ad0                __exidx_start = .
 *(.ARM.exidx*)
 .ARM.exidx     0x08005ad0        0x8 d:/toolchain/gcc-arm-none-eabi-9-2020-q2-update-win32/bin/../lib/gcc/arm-none-eabi/9.3.1/thumb/v7e-m/nofp\libgcc.a(_udivmoddi4.o)
                0x08005ad8                __exidx_end = .

.rel.dyn        0x08005ad8        0x0
 .rel.iplt      0x08005ad8        0x0 d:/toolchain/gcc-arm-none-eabi-9-2020-q2-update-win32/bin/../lib/gcc/arm-none-eabi/9.3.1/thumb/v7e-m/nofp/crtbegin.o

.preinit_array  0x08005ad8        0x0
                0x08005ad8                PROVIDE (__preinit_array_start = .)
 *(.preinit_array*)
                0x08005ad8                PROVIDE (__preinit_array_end = .)

.init_array     0x08005ad8        0x8
                0x08005ad8                PROVIDE (__init_array_start = .)
 *(SORT_BY_NAME(.init_array.*))
 .init_array.00000
                0x08005ad8        0x4 d:/toolchain/gcc-arm-none-eabi-9-2020-q2-update-win32/bin/../lib/gcc/arm-none-eabi/9.3.1/../../../../arm-none-eabi/lib/thumb/v7e-m/nofp\libc.a(lib_a-__call_atexit.o)
 *(.init_array*)
 .init_array    0x08005adc        0x4 d:/toolchain/gcc-arm-none-eabi-9-2020-q2-update-win32/bin/../lib/gcc/arm-none-eabi/9.3.1/thumb/v7e-m/nofp/crtbegin.o
                0x08005ae0                PROVIDE (__init_array_end = .)

.fini_array     0x08005ae0        0x4
                0x08005ae0                PROVIDE (__fini_array_start = .)
 *(SORT_BY_NAME(.fini_array.*))
 *(.fini_array*)
 .fini_array    0x08005ae0        0x4 d:/toolchain/gcc-arm-none-eabi-9-2020-q2-update-win32/bin/../lib/gcc/arm-none-eabi/9.3.1/thumb/v7e-m/nofp/crtbegin.o
                0x08005ae4                PROVIDE (__fini_array_end = .)
                0x08005ae4                _sidata = LOADADDR (.data)

.data           0x20000000      0x444 load address 0x08005ae4
                0x20000000                . = ALIGN (0x4)
                0x20000000                _sdata = .
 *(.data)
 .data          0x20000000        0x1 ./objects/radio.o
                0x20000000                MaxPayloadLength
 *fill*         0x20000001        0x3 
 .data          0x20000004        0x4 ./objects/utilities.o
 .data          0x20000008        0xc ./objects/main.o
                0x20000008                time
 .data          0x20000014        0x3 ./objects/ra08kitloratest.o
                0x20000014                BufferSize
                0x20000016                sendMsgFlag
 *(.data*)
 *fill*         0x20000017        0x1 
 .data.impure_data
                0x20000018      0x428 d:/toolchain/gcc-arm-none-eabi-9-2020-q2-update-win32/bin/../lib/gcc/arm-none-eabi/9.3.1/../../../../arm-none-eabi/lib/thumb/v7e-m/nofp\libc.a(lib_a-impure.o)
 .data.__atexit_recursive_mutex
                0x20000440        0x4 d:/toolchain/gcc-arm-none-eabi-9-2020-q2-update-win32/bin/../lib/gcc/arm-none-eabi/9.3.1/../../../../arm-none-eabi/lib/thumb/v7e-m/nofp\libc.a(lib_a-__call_atexit.o)
                0x20000440                __atexit_recursive_mutex
                0x20000444                . = ALIGN (0x4)
                0x20000444                _edata = .

.igot.plt       0x20000444        0x0 load address 0x08005f28
 .igot.plt      0x20000444        0x0 d:/toolchain/gcc-arm-none-eabi-9-2020-q2-update-win32/bin/../lib/gcc/arm-none-eabi/9.3.1/thumb/v7e-m/nofp/crtbegin.o
                0x20000444                . = ALIGN (0x4)

.bss            0x20000448      0x3cc load address 0x08005f28
                0x20000448                _sbss = .
                0x20000448                __bss_start__ = _sbss
 *(.bss)
 .bss           0x20000448       0x1c d:/toolchain/gcc-arm-none-eabi-9-2020-q2-update-win32/bin/../lib/gcc/arm-none-eabi/9.3.1/thumb/v7e-m/nofp/crtbegin.o
 .bss           0x20000464        0x1 ./objects/tremo_delay.o
 *fill*         0x20000465        0x3 
 .bss           0x20000468       0x11 ./objects/timer.o
                0x20000478                HasLoopedThroughMain
 *fill*         0x20000479        0x3 
 .bss           0x2000047c       0x16 ./objects/radio.o
                0x20000480                IrqFired
                0x20000484                TxTimeout
                0x20000488                RxContinuous
                0x2000048c                RxTimeout
 *fill*         0x20000492        0x2 
 .bss           0x20000494        0x8 ./objects/sx126x.o
                0x20000498                FrequencyError
 .bss           0x2000049c        0x1 ./objects/sx1262-board.o
                0x2000049c                gPaOptSetting
 *fill*         0x2000049d        0x3 
 .bss           0x200004a0        0x8 ./objects/main.o
                0x200004a0                temperature
                0x200004a4                humidity
 .bss           0x200004a8       0x2a ./objects/ra08kitloratest.o
                0x200004a8                State
                0x200004a9                RssiValue
                0x200004aa                SnrValue
                0x200004ac                ChipId
                0x200004d1                SEND_ERR0R
 *(.bss*)
 *(COMMON)
 *fill*         0x200004d2        0x2 
 COMMON         0x200004d4      0x190 ./objects/radio.o
                0x200004d4                irqRegs
                0x200004d8                SX126x
                0x20000514                TxTimeoutTimer
                0x20000528                RadioRxPayload
                0x20000628                CadTimeoutTimer
                0x2000063c                RadioPktStatus
                0x20000650                RxTimeoutTimer
 *fill*         0x20000664        0x4 
 COMMON         0x20000668       0x18 ./objects/rtc-board.o
                0x20000668                RtcCalendarContext
                0x20000678                RtcTimerContext
 COMMON         0x20000680       0x70 ./objects/main.o
                0x20000680                sendBuf
                0x200006e4                time_stamp
                0x200006e8                config
 COMMON         0x200006f0      0x100 ./objects/ra08kitloratest.o
                0x200006f0                Buffer
 COMMON         0x200007f0       0x21 d:/toolchain/gcc-arm-none-eabi-9-2020-q2-update-win32/bin/../lib/gcc/arm-none-eabi/9.3.1/../../../../arm-none-eabi/lib/thumb/v7e-m/nofp\libc.a(lib_a-lock.o)
                0x200007f0                __lock___atexit_recursive_mutex
                0x200007f4                __lock___arc4random_mutex
                0x200007f8                __lock___env_recursive_mutex
                0x200007fc                __lock___sinit_recursive_mutex
                0x20000800                __lock___malloc_recursive_mutex
                0x20000804                __lock___at_quick_exit_mutex
                0x20000808                __lock___dd_hash_mutex
                0x2000080c                __lock___tz_mutex
                0x20000810                __lock___sfp_recursive_mutex
                0x20000814                . = ALIGN (0x4)
 *fill*         0x20000811        0x3 
                0x20000814                _ebss = .
                0x20000814                __bss_end__ = _ebss

.heap           0x20000814        0x0 load address 0x08005f28
                0x20000814                . = ALIGN (0x4)
                0x20000814                _heap_bottom = .
                0x20000814                end = _heap_bottom
                0x20000814                _end = end
                0x20000814                __end = end
                0x20000814                . = (. + _HEAP_SIZE)
                0x20000814                _heap_top = .

.stack          0x20000814     0x1000 load address 0x08005f28
                0x20000814                . = ALIGN (0x4)
                0x20000814                _stack_bottom = .
                0x20001814                . = (. + _STACK_SIZE)
 *fill*         0x20000814     0x1000 
                0x20001814                _stack_top = .

/DISCARD/
 libc.a(*)
 libm.a(*)
 libgcc.a(*)

.ARM.attributes
                0x00000000       0x2e
 *(.ARM.attributes)
 .ARM.attributes
                0x00000000       0x1e d:/toolchain/gcc-arm-none-eabi-9-2020-q2-update-win32/bin/../lib/gcc/arm-none-eabi/9.3.1/thumb/v7e-m/nofp/crti.o
 .ARM.attributes
                0x0000001e       0x2e d:/toolchain/gcc-arm-none-eabi-9-2020-q2-update-win32/bin/../lib/gcc/arm-none-eabi/9.3.1/thumb/v7e-m/nofp/crtbegin.o
 .ARM.attributes
                0x0000004c       0x32 ./objects/printf-stdarg.o
 .ARM.attributes
                0x0000007e       0x32 ./objects/system_cm4.o
 .ARM.attributes
                0x000000b0       0x21 ./objects/startup_cm4.o
 .ARM.attributes
                0x000000d1       0x32 ./objects/tremo_delay.o
 .ARM.attributes
                0x00000103       0x32 ./objects/tremo_gpio.o
 .ARM.attributes
                0x00000135       0x32 ./objects/tremo_i2c.o
 .ARM.attributes
                0x00000167       0x32 ./objects/tremo_pwr.o
 .ARM.attributes
                0x00000199       0x32 ./objects/tremo_rcc.o
 .ARM.attributes
                0x000001cb       0x32 ./objects/tremo_rtc.o
 .ARM.attributes
                0x000001fd       0x32 ./objects/tremo_system.o
 .ARM.attributes
                0x0000022f       0x32 ./objects/tremo_uart.o
 .ARM.attributes
                0x00000261       0x32 ./objects/delay.o
 .ARM.attributes
                0x00000293       0x32 ./objects/timer.o
 .ARM.attributes
                0x000002c5       0x32 ./objects/radio.o
 .ARM.attributes
                0x000002f7       0x32 ./objects/sx126x.o
 .ARM.attributes
                0x00000329       0x32 ./objects/rtc-board.o
 .ARM.attributes
                0x0000035b       0x32 ./objects/sx1262-board.o
 .ARM.attributes
                0x0000038d       0x32 ./objects/utilities.o
 .ARM.attributes
                0x000003bf       0x32 ./objects/main.o
 .ARM.attributes
                0x000003f1       0x32 ./objects/tremo_it.o
 .ARM.attributes
                0x00000423       0x32 ./objects/uart.o
 .ARM.attributes
                0x00000455       0x32 ./objects/rtc.o
 .ARM.attributes
                0x00000487       0x32 ./objects/sht20.o
 .ARM.attributes
                0x000004b9       0x32 ./objects/ra08kitloratest.o
 .ARM.attributes
                0x000004eb       0x1e d:/toolchain/gcc-arm-none-eabi-9-2020-q2-update-win32/bin/../lib/gcc/arm-none-eabi/9.3.1/thumb/v7e-m/nofp\libgcc.a(_arm_addsubdf3.o)
 .ARM.attributes
                0x00000509       0x1e d:/toolchain/gcc-arm-none-eabi-9-2020-q2-update-win32/bin/../lib/gcc/arm-none-eabi/9.3.1/thumb/v7e-m/nofp\libgcc.a(_arm_muldivdf3.o)
 .ARM.attributes
                0x00000527       0x1e d:/toolchain/gcc-arm-none-eabi-9-2020-q2-update-win32/bin/../lib/gcc/arm-none-eabi/9.3.1/thumb/v7e-m/nofp\libgcc.a(_arm_cmpdf2.o)
 .ARM.attributes
                0x00000545       0x1e d:/toolchain/gcc-arm-none-eabi-9-2020-q2-update-win32/bin/../lib/gcc/arm-none-eabi/9.3.1/thumb/v7e-m/nofp\libgcc.a(_arm_fixdfsi.o)
 .ARM.attributes
                0x00000563       0x1e d:/toolchain/gcc-arm-none-eabi-9-2020-q2-update-win32/bin/../lib/gcc/arm-none-eabi/9.3.1/thumb/v7e-m/nofp\libgcc.a(_arm_fixunsdfsi.o)
 .ARM.attributes
                0x00000581       0x1e d:/toolchain/gcc-arm-none-eabi-9-2020-q2-update-win32/bin/../lib/gcc/arm-none-eabi/9.3.1/thumb/v7e-m/nofp\libgcc.a(_aeabi_uldivmod.o)
 .ARM.attributes
                0x0000059f       0x2e d:/toolchain/gcc-arm-none-eabi-9-2020-q2-update-win32/bin/../lib/gcc/arm-none-eabi/9.3.1/thumb/v7e-m/nofp\libgcc.a(_fixunsdfdi.o)
 .ARM.attributes
                0x000005cd       0x2e d:/toolchain/gcc-arm-none-eabi-9-2020-q2-update-win32/bin/../lib/gcc/arm-none-eabi/9.3.1/thumb/v7e-m/nofp\libgcc.a(_udivmoddi4.o)
 .ARM.attributes
                0x000005fb       0x1e d:/toolchain/gcc-arm-none-eabi-9-2020-q2-update-win32/bin/../lib/gcc/arm-none-eabi/9.3.1/thumb/v7e-m/nofp\libgcc.a(_dvmd_tls.o)
 .ARM.attributes
                0x00000619       0x2e d:/toolchain/gcc-arm-none-eabi-9-2020-q2-update-win32/bin/../lib/gcc/arm-none-eabi/9.3.1/../../../../arm-none-eabi/lib/thumb/v7e-m/nofp\libc.a(lib_a-impure.o)
 .ARM.attributes
                0x00000647       0x2e d:/toolchain/gcc-arm-none-eabi-9-2020-q2-update-win32/bin/../lib/gcc/arm-none-eabi/9.3.1/../../../../arm-none-eabi/lib/thumb/v7e-m/nofp\libc.a(lib_a-init.o)
 .ARM.attributes
                0x00000675       0x1c d:/toolchain/gcc-arm-none-eabi-9-2020-q2-update-win32/bin/../lib/gcc/arm-none-eabi/9.3.1/../../../../arm-none-eabi/lib/thumb/v7e-m/nofp\libc.a(lib_a-memcpy.o)
 .ARM.attributes
                0x00000691       0x2e d:/toolchain/gcc-arm-none-eabi-9-2020-q2-update-win32/bin/../lib/gcc/arm-none-eabi/9.3.1/../../../../arm-none-eabi/lib/thumb/v7e-m/nofp\libc.a(lib_a-memset.o)
 .ARM.attributes
                0x000006bf       0x1c d:/toolchain/gcc-arm-none-eabi-9-2020-q2-update-win32/bin/../lib/gcc/arm-none-eabi/9.3.1/../../../../arm-none-eabi/lib/thumb/v7e-m/nofp\libc.a(lib_a-strlen.o)
 .ARM.attributes
                0x000006db       0x2e d:/toolchain/gcc-arm-none-eabi-9-2020-q2-update-win32/bin/../lib/gcc/arm-none-eabi/9.3.1/../../../../arm-none-eabi/lib/thumb/v7e-m/nofp\libc.a(lib_a-__call_atexit.o)
 .ARM.attributes
                0x00000709       0x2e d:/toolchain/gcc-arm-none-eabi-9-2020-q2-update-win32/bin/../lib/gcc/arm-none-eabi/9.3.1/../../../../arm-none-eabi/lib/thumb/v7e-m/nofp\libc.a(lib_a-atexit.o)
 .ARM.attributes
                0x00000737       0x2e d:/toolchain/gcc-arm-none-eabi-9-2020-q2-update-win32/bin/../lib/gcc/arm-none-eabi/9.3.1/../../../../arm-none-eabi/lib/thumb/v7e-m/nofp\libc.a(lib_a-fini.o)
 .ARM.attributes
                0x00000765       0x2e d:/toolchain/gcc-arm-none-eabi-9-2020-q2-update-win32/bin/../lib/gcc/arm-none-eabi/9.3.1/../../../../arm-none-eabi/lib/thumb/v7e-m/nofp\libc.a(lib_a-lock.o)
 .ARM.attributes
                0x00000793       0x2e d:/toolchain/gcc-arm-none-eabi-9-2020-q2-update-win32/bin/../lib/gcc/arm-none-eabi/9.3.1/../../../../arm-none-eabi/lib/thumb/v7e-m/nofp\libc.a(lib_a-__atexit.o)
 .ARM.attributes
                0x000007c1       0x1e d:/toolchain/gcc-arm-none-eabi-9-2020-q2-update-win32/bin/../lib/gcc/arm-none-eabi/9.3.1/thumb/v7e-m/nofp/crtn.o
OUTPUT(./Objects/project.elf elf32-littlearm)
LOAD linker stubs
LOAD d:/toolchain/gcc-arm-none-eabi-9-2020-q2-update-win32/bin/../lib/gcc/arm-none-eabi/9.3.1/../../../../arm-none-eabi/lib/thumb/v7e-m/nofp\libc.a
LOAD d:/toolchain/gcc-arm-none-eabi-9-2020-q2-update-win32/bin/../lib/gcc/arm-none-eabi/9.3.1/../../../../arm-none-eabi/lib/thumb/v7e-m/nofp\libm.a
LOAD d:/toolchain/gcc-arm-none-eabi-9-2020-q2-update-win32/bin/../lib/gcc/arm-none-eabi/9.3.1/thumb/v7e-m/nofp\libgcc.a

.debug_info     0x00000000    0x20b1b
 .debug_info    0x00000000     0x226e ./objects/printf-stdarg.o
 .debug_info    0x0000226e      0x855 ./objects/system_cm4.o
 .debug_info    0x00002ac3       0x22 ./objects/startup_cm4.o
 .debug_info    0x00002ae5      0x7cb ./objects/tremo_delay.o
 .debug_info    0x000032b0      0x8fd ./objects/tremo_gpio.o
 .debug_info    0x00003bad      0xaf7 ./objects/tremo_i2c.o
 .debug_info    0x000046a4      0x9ea ./objects/tremo_pwr.o
 .debug_info    0x0000508e     0x1153 ./objects/tremo_rcc.o
 .debug_info    0x000061e1     0x1b7c ./objects/tremo_rtc.o
 .debug_info    0x00007d5d      0x4b9 ./objects/tremo_system.o
 .debug_info    0x00008216     0x1608 ./objects/tremo_uart.o
 .debug_info    0x0000981e      0x185 ./objects/delay.o
 .debug_info    0x000099a3     0x1e16 ./objects/timer.o
 .debug_info    0x0000b7b9     0x3595 ./objects/radio.o
 .debug_info    0x0000ed4e     0x30c4 ./objects/sx126x.o
 .debug_info    0x00011e12     0x1cb8 ./objects/rtc-board.o
 .debug_info    0x00013aca     0x26af ./objects/sx1262-board.o
 .debug_info    0x00016179      0xc5f ./objects/utilities.o
 .debug_info    0x00016dd8     0x1f9b ./objects/main.o
 .debug_info    0x00018d73     0x14aa ./objects/tremo_it.o
 .debug_info    0x0001a21d     0x17c0 ./objects/uart.o
 .debug_info    0x0001b9dd     0x1c02 ./objects/rtc.o
 .debug_info    0x0001d5df     0x1acc ./objects/sht20.o
 .debug_info    0x0001f0ab     0x1a70 ./objects/ra08kitloratest.o

.debug_abbrev   0x00000000     0x4ed8
 .debug_abbrev  0x00000000      0x51f ./objects/printf-stdarg.o
 .debug_abbrev  0x0000051f      0x1e0 ./objects/system_cm4.o
 .debug_abbrev  0x000006ff       0x12 ./objects/startup_cm4.o
 .debug_abbrev  0x00000711      0x237 ./objects/tremo_delay.o
 .debug_abbrev  0x00000948      0x24a ./objects/tremo_gpio.o
 .debug_abbrev  0x00000b92      0x30d ./objects/tremo_i2c.o
 .debug_abbrev  0x00000e9f      0x224 ./objects/tremo_pwr.o
 .debug_abbrev  0x000010c3      0x276 ./objects/tremo_rcc.o
 .debug_abbrev  0x00001339      0x491 ./objects/tremo_rtc.o
 .debug_abbrev  0x000017ca      0x155 ./objects/tremo_system.o
 .debug_abbrev  0x0000191f      0x402 ./objects/tremo_uart.o
 .debug_abbrev  0x00001d21      0x109 ./objects/delay.o
 .debug_abbrev  0x00001e2a      0x5a2 ./objects/timer.o
 .debug_abbrev  0x000023cc      0x57a ./objects/radio.o
 .debug_abbrev  0x00002946      0x514 ./objects/sx126x.o
 .debug_abbrev  0x00002e5a      0x51d ./objects/rtc-board.o
 .debug_abbrev  0x00003377      0x510 ./objects/sx1262-board.o
 .debug_abbrev  0x00003887      0x25e ./objects/utilities.o
 .debug_abbrev  0x00003ae5      0x3c9 ./objects/main.o
 .debug_abbrev  0x00003eae      0x2fc ./objects/tremo_it.o
 .debug_abbrev  0x000041aa      0x292 ./objects/uart.o
 .debug_abbrev  0x0000443c      0x404 ./objects/rtc.o
 .debug_abbrev  0x00004840      0x348 ./objects/sht20.o
 .debug_abbrev  0x00004b88      0x350 ./objects/ra08kitloratest.o

.debug_loc      0x00000000     0x9f86
 .debug_loc     0x00000000     0x277f ./objects/printf-stdarg.o
 .debug_loc     0x0000277f       0xc3 ./objects/system_cm4.o
 .debug_loc     0x00002842      0x1d7 ./objects/tremo_delay.o
 .debug_loc     0x00002a19      0x6f4 ./objects/tremo_gpio.o
 .debug_loc     0x0000310d      0x4dc ./objects/tremo_i2c.o
 .debug_loc     0x000035e9      0x15f ./objects/tremo_pwr.o
 .debug_loc     0x00003748      0x777 ./objects/tremo_rcc.o
 .debug_loc     0x00003ebf      0xedf ./objects/tremo_rtc.o
 .debug_loc     0x00004d9e       0x42 ./objects/tremo_system.o
 .debug_loc     0x00004de0      0x6fc ./objects/tremo_uart.o
 .debug_loc     0x000054dc       0xb2 ./objects/delay.o
 .debug_loc     0x0000558e      0x6b0 ./objects/timer.o
 .debug_loc     0x00005c3e     0x163c ./objects/radio.o
 .debug_loc     0x0000727a     0x11d9 ./objects/sx126x.o
 .debug_loc     0x00008453      0x70f ./objects/rtc-board.o
 .debug_loc     0x00008b62      0x82b ./objects/sx1262-board.o
 .debug_loc     0x0000938d      0x234 ./objects/utilities.o
 .debug_loc     0x000095c1      0x13c ./objects/main.o
 .debug_loc     0x000096fd       0x2c ./objects/tremo_it.o
 .debug_loc     0x00009729       0x2c ./objects/uart.o
 .debug_loc     0x00009755      0x3b0 ./objects/rtc.o
 .debug_loc     0x00009b05      0x28d ./objects/sht20.o
 .debug_loc     0x00009d92      0x1f4 ./objects/ra08kitloratest.o

.debug_aranges  0x00000000      0xc88
 .debug_aranges
                0x00000000       0x88 ./objects/printf-stdarg.o
 .debug_aranges
                0x00000088       0x28 ./objects/system_cm4.o
 .debug_aranges
                0x000000b0       0x28 ./objects/startup_cm4.o
 .debug_aranges
                0x000000d8       0x30 ./objects/tremo_delay.o
 .debug_aranges
                0x00000108       0x78 ./objects/tremo_gpio.o
 .debug_aranges
                0x00000180       0x90 ./objects/tremo_i2c.o
 .debug_aranges
                0x00000210       0x58 ./objects/tremo_pwr.o
 .debug_aranges
                0x00000268      0x178 ./objects/tremo_rcc.o
 .debug_aranges
                0x000003e0      0x120 ./objects/tremo_rtc.o
 .debug_aranges
                0x00000500       0x28 ./objects/tremo_system.o
 .debug_aranges
                0x00000528       0x98 ./objects/tremo_uart.o
 .debug_aranges
                0x000005c0       0x28 ./objects/delay.o
 .debug_aranges
                0x000005e8       0x88 ./objects/timer.o
 .debug_aranges
                0x00000670      0x148 ./objects/radio.o
 .debug_aranges
                0x000007b8      0x198 ./objects/sx126x.o
 .debug_aranges
                0x00000950       0x78 ./objects/rtc-board.o
 .debug_aranges
                0x000009c8       0xd0 ./objects/sx1262-board.o
 .debug_aranges
                0x00000a98       0x50 ./objects/utilities.o
 .debug_aranges
                0x00000ae8       0x40 ./objects/main.o
 .debug_aranges
                0x00000b28       0x60 ./objects/tremo_it.o
 .debug_aranges
                0x00000b88       0x20 ./objects/uart.o
 .debug_aranges
                0x00000ba8       0x40 ./objects/rtc.o
 .debug_aranges
                0x00000be8       0x40 ./objects/sht20.o
 .debug_aranges
                0x00000c28       0x60 ./objects/ra08kitloratest.o

.debug_ranges   0x00000000     0x10d0
 .debug_ranges  0x00000000      0x1d0 ./objects/printf-stdarg.o
 .debug_ranges  0x000001d0       0x70 ./objects/system_cm4.o
 .debug_ranges  0x00000240       0x20 ./objects/startup_cm4.o
 .debug_ranges  0x00000260       0x58 ./objects/tremo_delay.o
 .debug_ranges  0x000002b8       0x68 ./objects/tremo_gpio.o
 .debug_ranges  0x00000320       0x98 ./objects/tremo_i2c.o
 .debug_ranges  0x000003b8       0x60 ./objects/tremo_pwr.o
 .debug_ranges  0x00000418      0x180 ./objects/tremo_rcc.o
 .debug_ranges  0x00000598      0x140 ./objects/tremo_rtc.o
 .debug_ranges  0x000006d8       0x18 ./objects/tremo_system.o
 .debug_ranges  0x000006f0       0x88 ./objects/tremo_uart.o
 .debug_ranges  0x00000778       0x30 ./objects/delay.o
 .debug_ranges  0x000007a8       0xd8 ./objects/timer.o
 .debug_ranges  0x00000880      0x1b0 ./objects/radio.o
 .debug_ranges  0x00000a30      0x1e8 ./objects/sx126x.o
 .debug_ranges  0x00000c18      0x158 ./objects/rtc-board.o
 .debug_ranges  0x00000d70      0x188 ./objects/sx1262-board.o
 .debug_ranges  0x00000ef8       0x40 ./objects/utilities.o
 .debug_ranges  0x00000f38       0x30 ./objects/main.o
 .debug_ranges  0x00000f68       0x50 ./objects/tremo_it.o
 .debug_ranges  0x00000fb8       0x10 ./objects/uart.o
 .debug_ranges  0x00000fc8       0x68 ./objects/rtc.o
 .debug_ranges  0x00001030       0x30 ./objects/sht20.o
 .debug_ranges  0x00001060       0x70 ./objects/ra08kitloratest.o

.debug_line     0x00000000     0xa662
 .debug_line    0x00000000     0x10d2 ./objects/printf-stdarg.o
 .debug_line    0x000010d2      0x2a9 ./objects/system_cm4.o
 .debug_line    0x0000137b       0x88 ./objects/startup_cm4.o
 .debug_line    0x00001403      0x2d1 ./objects/tremo_delay.o
 .debug_line    0x000016d4      0x603 ./objects/tremo_gpio.o
 .debug_line    0x00001cd7      0x6c9 ./objects/tremo_i2c.o
 .debug_line    0x000023a0      0x427 ./objects/tremo_pwr.o
 .debug_line    0x000027c7     0x11d5 ./objects/tremo_rcc.o
 .debug_line    0x0000399c      0xe2a ./objects/tremo_rtc.o
 .debug_line    0x000047c6      0x229 ./objects/tremo_system.o
 .debug_line    0x000049ef      0x73d ./objects/tremo_uart.o
 .debug_line    0x0000512c      0x1a2 ./objects/delay.o
 .debug_line    0x000052ce      0x78e ./objects/timer.o
 .debug_line    0x00005a5c      0xf7b ./objects/radio.o
 .debug_line    0x000069d7      0xec8 ./objects/sx126x.o
 .debug_line    0x0000789f      0x6b7 ./objects/rtc-board.o
 .debug_line    0x00007f56      0x91b ./objects/sx1262-board.o
 .debug_line    0x00008871      0x30c ./objects/utilities.o
 .debug_line    0x00008b7d      0x4a4 ./objects/main.o
 .debug_line    0x00009021      0x407 ./objects/tremo_it.o
 .debug_line    0x00009428      0x320 ./objects/uart.o
 .debug_line    0x00009748      0x487 ./objects/rtc.o
 .debug_line    0x00009bcf      0x53f ./objects/sht20.o
 .debug_line    0x0000a10e      0x554 ./objects/ra08kitloratest.o

.debug_str      0x00000000     0x5b10
 .debug_str     0x00000000      0x7cf ./objects/printf-stdarg.o
                                0x89c (size before relaxing)
 .debug_str     0x000007cf      0x41a ./objects/system_cm4.o
                                0x695 (size before relaxing)
 .debug_str     0x00000be9       0x3b ./objects/startup_cm4.o
                                 0xaa (size before relaxing)
 .debug_str     0x00000c24       0xeb ./objects/tremo_delay.o
                                0x646 (size before relaxing)
 .debug_str     0x00000d0f      0x6a9 ./objects/tremo_gpio.o
                                0x92c (size before relaxing)
 .debug_str     0x000013b8      0x542 ./objects/tremo_i2c.o
                                0xba9 (size before relaxing)
 .debug_str     0x000018fa       0xe7 ./objects/tremo_pwr.o
                                0x703 (size before relaxing)
 .debug_str     0x000019e1      0xeee ./objects/tremo_rcc.o
                               0x159d (size before relaxing)
 .debug_str     0x000028cf      0x873 ./objects/tremo_rtc.o
                               0x1309 (size before relaxing)
 .debug_str     0x00003142       0x6c ./objects/tremo_system.o
                                0x401 (size before relaxing)
 .debug_str     0x000031ae      0x4ca ./objects/tremo_uart.o
                                0xfea (size before relaxing)
 .debug_str     0x00003678       0x31 ./objects/delay.o
                                0x288 (size before relaxing)
 .debug_str     0x000036a9      0xa3a ./objects/timer.o
                               0x1268 (size before relaxing)
 .debug_str     0x000040e3      0xa2c ./objects/radio.o
                               0x1acf (size before relaxing)
 .debug_str     0x00004b0f      0x90d ./objects/sx126x.o
                               0x1dba (size before relaxing)
 .debug_str     0x0000541c      0x254 ./objects/rtc-board.o
                               0x13c3 (size before relaxing)
 .debug_str     0x00005670       0xc7 ./objects/sx1262-board.o
                               0x19d5 (size before relaxing)
 .debug_str     0x00005737       0x5b ./objects/utilities.o
                                0x6d2 (size before relaxing)
 .debug_str     0x00005792       0xf6 ./objects/main.o
                               0x12c2 (size before relaxing)
 .debug_str     0x00005888       0xf0 ./objects/tremo_it.o
                                0xa89 (size before relaxing)
 .debug_str     0x00005978       0x17 ./objects/uart.o
                                0xf20 (size before relaxing)
 .debug_str     0x0000598f       0x42 ./objects/rtc.o
                               0x1184 (size before relaxing)
 .debug_str     0x000059d1       0x6d ./objects/sht20.o
                                0xfcc (size before relaxing)
 .debug_str     0x00005a3e       0xd2 ./objects/ra08kitloratest.o
                                0xaf4 (size before relaxing)

.comment        0x00000000       0x4c
 .comment       0x00000000       0x4c ./objects/printf-stdarg.o
                                 0x4d (size before relaxing)
 .comment       0x0000004c       0x4d ./objects/system_cm4.o
 .comment       0x0000004c       0x4d ./objects/tremo_delay.o
 .comment       0x0000004c       0x4d ./objects/tremo_gpio.o
 .comment       0x0000004c       0x4d ./objects/tremo_i2c.o
 .comment       0x0000004c       0x4d ./objects/tremo_pwr.o
 .comment       0x0000004c       0x4d ./objects/tremo_rcc.o
 .comment       0x0000004c       0x4d ./objects/tremo_rtc.o
 .comment       0x0000004c       0x4d ./objects/tremo_system.o
 .comment       0x0000004c       0x4d ./objects/tremo_uart.o
 .comment       0x0000004c       0x4d ./objects/delay.o
 .comment       0x0000004c       0x4d ./objects/timer.o
 .comment       0x0000004c       0x4d ./objects/radio.o
 .comment       0x0000004c       0x4d ./objects/sx126x.o
 .comment       0x0000004c       0x4d ./objects/rtc-board.o
 .comment       0x0000004c       0x4d ./objects/sx1262-board.o
 .comment       0x0000004c       0x4d ./objects/utilities.o
 .comment       0x0000004c       0x4d ./objects/main.o
 .comment       0x0000004c       0x4d ./objects/tremo_it.o
 .comment       0x0000004c       0x4d ./objects/uart.o
 .comment       0x0000004c       0x4d ./objects/rtc.o
 .comment       0x0000004c       0x4d ./objects/sht20.o
 .comment       0x0000004c       0x4d ./objects/ra08kitloratest.o

.debug_frame    0x00000000     0x2490
 .debug_frame   0x00000000      0x2a4 ./objects/printf-stdarg.o
 .debug_frame   0x000002a4       0x3c ./objects/system_cm4.o
 .debug_frame   0x000002e0       0x54 ./objects/tremo_delay.o
 .debug_frame   0x00000334      0x10c ./objects/tremo_gpio.o
 .debug_frame   0x00000440      0x12c ./objects/tremo_i2c.o
 .debug_frame   0x0000056c       0xa8 ./objects/tremo_pwr.o
 .debug_frame   0x00000614      0x2d8 ./objects/tremo_rcc.o
 .debug_frame   0x000008ec      0x318 ./objects/tremo_rtc.o
 .debug_frame   0x00000c04       0x30 ./objects/tremo_system.o
 .debug_frame   0x00000c34      0x138 ./objects/tremo_uart.o
 .debug_frame   0x00000d6c       0x30 ./objects/delay.o
 .debug_frame   0x00000d9c      0x184 ./objects/timer.o
 .debug_frame   0x00000f20      0x3f0 ./objects/radio.o
 .debug_frame   0x00001310      0x4c0 ./objects/sx126x.o
 .debug_frame   0x000017d0      0x15c ./objects/rtc-board.o
 .debug_frame   0x0000192c      0x254 ./objects/sx1262-board.o
 .debug_frame   0x00001b80       0x8c ./objects/utilities.o
 .debug_frame   0x00001c0c       0xa0 ./objects/main.o
 .debug_frame   0x00001cac       0xdc ./objects/tremo_it.o
 .debug_frame   0x00001d88       0x2c ./objects/uart.o
 .debug_frame   0x00001db4       0x9c ./objects/rtc.o
 .debug_frame   0x00001e50       0xb8 ./objects/sht20.o
 .debug_frame   0x00001f08       0xfc ./objects/ra08kitloratest.o
 .debug_frame   0x00002004       0xac d:/toolchain/gcc-arm-none-eabi-9-2020-q2-update-win32/bin/../lib/gcc/arm-none-eabi/9.3.1/thumb/v7e-m/nofp\libgcc.a(_arm_addsubdf3.o)
 .debug_frame   0x000020b0       0x50 d:/toolchain/gcc-arm-none-eabi-9-2020-q2-update-win32/bin/../lib/gcc/arm-none-eabi/9.3.1/thumb/v7e-m/nofp\libgcc.a(_arm_muldivdf3.o)
 .debug_frame   0x00002100       0xc4 d:/toolchain/gcc-arm-none-eabi-9-2020-q2-update-win32/bin/../lib/gcc/arm-none-eabi/9.3.1/thumb/v7e-m/nofp\libgcc.a(_arm_cmpdf2.o)
 .debug_frame   0x000021c4       0x24 d:/toolchain/gcc-arm-none-eabi-9-2020-q2-update-win32/bin/../lib/gcc/arm-none-eabi/9.3.1/thumb/v7e-m/nofp\libgcc.a(_arm_fixdfsi.o)
 .debug_frame   0x000021e8       0x24 d:/toolchain/gcc-arm-none-eabi-9-2020-q2-update-win32/bin/../lib/gcc/arm-none-eabi/9.3.1/thumb/v7e-m/nofp\libgcc.a(_arm_fixunsdfsi.o)
 .debug_frame   0x0000220c       0x2c d:/toolchain/gcc-arm-none-eabi-9-2020-q2-update-win32/bin/../lib/gcc/arm-none-eabi/9.3.1/thumb/v7e-m/nofp\libgcc.a(_aeabi_uldivmod.o)
 .debug_frame   0x00002238       0x2c d:/toolchain/gcc-arm-none-eabi-9-2020-q2-update-win32/bin/../lib/gcc/arm-none-eabi/9.3.1/thumb/v7e-m/nofp\libgcc.a(_fixunsdfdi.o)
 .debug_frame   0x00002264       0x34 d:/toolchain/gcc-arm-none-eabi-9-2020-q2-update-win32/bin/../lib/gcc/arm-none-eabi/9.3.1/thumb/v7e-m/nofp\libgcc.a(_udivmoddi4.o)
 .debug_frame   0x00002298       0x2c d:/toolchain/gcc-arm-none-eabi-9-2020-q2-update-win32/bin/../lib/gcc/arm-none-eabi/9.3.1/../../../../arm-none-eabi/lib/thumb/v7e-m/nofp\libc.a(lib_a-init.o)
 .debug_frame   0x000022c4       0x38 d:/toolchain/gcc-arm-none-eabi-9-2020-q2-update-win32/bin/../lib/gcc/arm-none-eabi/9.3.1/../../../../arm-none-eabi/lib/thumb/v7e-m/nofp\libc.a(lib_a-memset.o)
 .debug_frame   0x000022fc       0x5c d:/toolchain/gcc-arm-none-eabi-9-2020-q2-update-win32/bin/../lib/gcc/arm-none-eabi/9.3.1/../../../../arm-none-eabi/lib/thumb/v7e-m/nofp\libc.a(lib_a-__call_atexit.o)
 .debug_frame   0x00002358       0x20 d:/toolchain/gcc-arm-none-eabi-9-2020-q2-update-win32/bin/../lib/gcc/arm-none-eabi/9.3.1/../../../../arm-none-eabi/lib/thumb/v7e-m/nofp\libc.a(lib_a-atexit.o)
 .debug_frame   0x00002378       0x34 d:/toolchain/gcc-arm-none-eabi-9-2020-q2-update-win32/bin/../lib/gcc/arm-none-eabi/9.3.1/../../../../arm-none-eabi/lib/thumb/v7e-m/nofp\libc.a(lib_a-fini.o)
 .debug_frame   0x000023ac       0xb0 d:/toolchain/gcc-arm-none-eabi-9-2020-q2-update-win32/bin/../lib/gcc/arm-none-eabi/9.3.1/../../../../arm-none-eabi/lib/thumb/v7e-m/nofp\libc.a(lib_a-lock.o)
 .debug_frame   0x0000245c       0x34 d:/toolchain/gcc-arm-none-eabi-9-2020-q2-update-win32/bin/../lib/gcc/arm-none-eabi/9.3.1/../../../../arm-none-eabi/lib/thumb/v7e-m/nofp\libc.a(lib_a-__atexit.o)
