Archive member included to satisfy reference by file (symbol)

../../../../../drivers/crypto/lib/libcrypto.a(aes.o)
                              ./objects/cmac.o (aes_init)
d:/toolchain/gcc-arm-none-eabi-9-2020-q2-update-win32/bin/../lib/gcc/arm-none-eabi/9.3.1/thumb/v7e-m/nofp\libgcc.a(_arm_muldf3.o)
                              ./objects/printf-stdarg.o (__aeabi_dmul)
d:/toolchain/gcc-arm-none-eabi-9-2020-q2-update-win32/bin/../lib/gcc/arm-none-eabi/9.3.1/thumb/v7e-m/nofp\libgcc.a(_arm_addsubdf3.o)
                              ./objects/printf-stdarg.o (__aeabi_dsub)
d:/toolchain/gcc-arm-none-eabi-9-2020-q2-update-win32/bin/../lib/gcc/arm-none-eabi/9.3.1/thumb/v7e-m/nofp\libgcc.a(_arm_muldivdf3.o)
                              ./objects/printf-stdarg.o (__aeabi_ddiv)
d:/toolchain/gcc-arm-none-eabi-9-2020-q2-update-win32/bin/../lib/gcc/arm-none-eabi/9.3.1/thumb/v7e-m/nofp\libgcc.a(_arm_cmpdf2.o)
                              ./objects/printf-stdarg.o (__aeabi_dcmpeq)
d:/toolchain/gcc-arm-none-eabi-9-2020-q2-update-win32/bin/../lib/gcc/arm-none-eabi/9.3.1/thumb/v7e-m/nofp\libgcc.a(_arm_fixdfsi.o)
                              ./objects/printf-stdarg.o (__aeabi_d2iz)
d:/toolchain/gcc-arm-none-eabi-9-2020-q2-update-win32/bin/../lib/gcc/arm-none-eabi/9.3.1/thumb/v7e-m/nofp\libgcc.a(_arm_fixunsdfsi.o)
                              ./objects/printf-stdarg.o (__aeabi_d2uiz)
d:/toolchain/gcc-arm-none-eabi-9-2020-q2-update-win32/bin/../lib/gcc/arm-none-eabi/9.3.1/thumb/v7e-m/nofp\libgcc.a(_aeabi_uldivmod.o)
                              ./objects/printf-stdarg.o (__aeabi_uldivmod)
d:/toolchain/gcc-arm-none-eabi-9-2020-q2-update-win32/bin/../lib/gcc/arm-none-eabi/9.3.1/thumb/v7e-m/nofp\libgcc.a(_fixunsdfdi.o)
                              ./objects/rtc-board.o (__aeabi_d2ulz)
d:/toolchain/gcc-arm-none-eabi-9-2020-q2-update-win32/bin/../lib/gcc/arm-none-eabi/9.3.1/thumb/v7e-m/nofp\libgcc.a(_udivmoddi4.o)
                              d:/toolchain/gcc-arm-none-eabi-9-2020-q2-update-win32/bin/../lib/gcc/arm-none-eabi/9.3.1/thumb/v7e-m/nofp\libgcc.a(_aeabi_uldivmod.o) (__udivmoddi4)
d:/toolchain/gcc-arm-none-eabi-9-2020-q2-update-win32/bin/../lib/gcc/arm-none-eabi/9.3.1/thumb/v7e-m/nofp\libgcc.a(_dvmd_tls.o)
                              d:/toolchain/gcc-arm-none-eabi-9-2020-q2-update-win32/bin/../lib/gcc/arm-none-eabi/9.3.1/thumb/v7e-m/nofp\libgcc.a(_aeabi_uldivmod.o) (__aeabi_ldiv0)
d:/toolchain/gcc-arm-none-eabi-9-2020-q2-update-win32/bin/../lib/gcc/arm-none-eabi/9.3.1/../../../../arm-none-eabi/lib/thumb/v7e-m/nofp\libc.a(lib_a-exit.o)
                              d:/toolchain/gcc-arm-none-eabi-9-2020-q2-update-win32/bin/../lib/gcc/arm-none-eabi/9.3.1/../../../../arm-none-eabi/lib/thumb/v7e-m/nofp/crt0.o (exit)
d:/toolchain/gcc-arm-none-eabi-9-2020-q2-update-win32/bin/../lib/gcc/arm-none-eabi/9.3.1/../../../../arm-none-eabi/lib/thumb/v7e-m/nofp\libc.a(lib_a-impure.o)
                              d:/toolchain/gcc-arm-none-eabi-9-2020-q2-update-win32/bin/../lib/gcc/arm-none-eabi/9.3.1/../../../../arm-none-eabi/lib/thumb/v7e-m/nofp\libc.a(lib_a-exit.o) (_global_impure_ptr)
d:/toolchain/gcc-arm-none-eabi-9-2020-q2-update-win32/bin/../lib/gcc/arm-none-eabi/9.3.1/../../../../arm-none-eabi/lib/thumb/v7e-m/nofp\libc.a(lib_a-init.o)
                              d:/toolchain/gcc-arm-none-eabi-9-2020-q2-update-win32/bin/../lib/gcc/arm-none-eabi/9.3.1/../../../../arm-none-eabi/lib/thumb/v7e-m/nofp/crt0.o (__libc_init_array)
d:/toolchain/gcc-arm-none-eabi-9-2020-q2-update-win32/bin/../lib/gcc/arm-none-eabi/9.3.1/../../../../arm-none-eabi/lib/thumb/v7e-m/nofp\libc.a(lib_a-memcpy.o)
                              ../../../../../drivers/crypto/lib/libcrypto.a(aes.o) (memcpy)
d:/toolchain/gcc-arm-none-eabi-9-2020-q2-update-win32/bin/../lib/gcc/arm-none-eabi/9.3.1/../../../../arm-none-eabi/lib/thumb/v7e-m/nofp\libc.a(lib_a-memset.o)
                              d:/toolchain/gcc-arm-none-eabi-9-2020-q2-update-win32/bin/../lib/gcc/arm-none-eabi/9.3.1/../../../../arm-none-eabi/lib/thumb/v7e-m/nofp/crt0.o (memset)
d:/toolchain/gcc-arm-none-eabi-9-2020-q2-update-win32/bin/../lib/gcc/arm-none-eabi/9.3.1/../../../../arm-none-eabi/lib/thumb/v7e-m/nofp\libc.a(lib_a-__call_atexit.o)
                              d:/toolchain/gcc-arm-none-eabi-9-2020-q2-update-win32/bin/../lib/gcc/arm-none-eabi/9.3.1/../../../../arm-none-eabi/lib/thumb/v7e-m/nofp\libc.a(lib_a-exit.o) (__call_exitprocs)
d:/toolchain/gcc-arm-none-eabi-9-2020-q2-update-win32/bin/../lib/gcc/arm-none-eabi/9.3.1/../../../../arm-none-eabi/lib/thumb/v7e-m/nofp\libc.a(lib_a-atexit.o)
                              d:/toolchain/gcc-arm-none-eabi-9-2020-q2-update-win32/bin/../lib/gcc/arm-none-eabi/9.3.1/../../../../arm-none-eabi/lib/thumb/v7e-m/nofp\libc.a(lib_a-__call_atexit.o) (atexit)
d:/toolchain/gcc-arm-none-eabi-9-2020-q2-update-win32/bin/../lib/gcc/arm-none-eabi/9.3.1/../../../../arm-none-eabi/lib/thumb/v7e-m/nofp\libc.a(lib_a-fini.o)
[...]
Memory Configuration

Name             Origin             Length             Attributes
FLASH            0x08000000         0x00020000         xr
RAM              0x20000000         0x00004000         xrw
*default*        0x00000000         0xffffffff

Linker script and memory map

LOAD d:/toolchain/gcc-arm-none-eabi-9-2020-q2-update-win32/bin/../lib/gcc/arm-none-eabi/9.3.1/thumb/v7e-m/nofp/crti.o
LOAD d:/toolchain/gcc-arm-none-eabi-9-2020-q2-update-win32/bin/../lib/gcc/arm-none-eabi/9.3.1/thumb/v7e-m/nofp/crtbegin.o
LOAD d:/toolchain/gcc-arm-none-eabi-9-2020-q2-update-win32/bin/../lib/gcc/arm-none-eabi/9.3.1/../../../../arm-none-eabi/lib/thumb/v7e-m/nofp/crt0.o
LOAD ./objects/printf-stdarg.o
LOAD ./objects/system_cm4.o
LOAD ./objects/startup_cm4.o
LOAD ./objects/tremo_adc.o
LOAD ./objects/tremo_bstimer.o
LOAD ./objects/tremo_crc.o
LOAD ./objects/tremo_dac.o
LOAD ./objects/tremo_delay.o
LOAD ./objects/tremo_dma.o
LOAD ./objects/tremo_flash.o
LOAD ./objects/tremo_gpio.o
LOAD ./objects/tremo_i2c.o
LOAD ./objects/tremo_i2s.o
LOAD ./objects/tremo_iwdg.o
LOAD ./objects/tremo_lcd.o
LOAD ./objects/tremo_lptimer.o
LOAD ./objects/tremo_lpuart.o
LOAD ./objects/tremo_pwr.o
LOAD ./objects/tremo_rcc.o
LOAD ./objects/tremo_rtc.o
LOAD ./objects/tremo_spi.o
LOAD ./objects/tremo_system.o
LOAD ./objects/tremo_timer.o
LOAD ./objects/tremo_uart.o
LOAD ./objects/tremo_wdg.o
LOAD ./objects/delay.o
LOAD ./objects/timer.o
LOAD ./objects/cmac.o
LOAD ./objects/radio.o
LOAD ./objects/sx126x.o
LOAD ./objects/rtc-board.o
LOAD ./objects/sx1262-board.o
LOAD ./objects/utilities.o
LOAD ./objects/loramac.o
LOAD ./objects/loramacclassb.o
LOAD ./objects/loramacconfirmqueue.o
LOAD ./objects/loramaccrypto.o
LOAD ./objects/region.o
LOAD ./objects/regioncommon.o
LOAD ./objects/regioncn470.o
LOAD ./objects/classa.o
LOAD ./objects/main.o
LOAD ./objects/tremo_it.o
LOAD ../../../../../drivers/crypto/lib/libcrypto.a
START GROUP
LOAD d:/toolchain/gcc-arm-none-eabi-9-2020-q2-update-win32/bin/../lib/gcc/arm-none-eabi/9.3.1/thumb/v7e-m/nofp\libgcc.a
LOAD d:/toolchain/gcc-arm-none-eabi-9-2020-q2-update-win32/bin/../lib/gcc/arm-none-eabi/9.3.1/../../../../arm-none-eabi/lib/thumb/v7e-m/nofp\libc.a
END GROUP
LOAD d:/toolchain/gcc-arm-none-eabi-9-2020-q2-update-win32/bin/../lib/gcc/arm-none-eabi/9.3.1/thumb/v7e-m/nofp/crtend.o
LOAD d:/toolchain/gcc-arm-none-eabi-9-2020-q2-update-win32/bin/../lib/gcc/arm-none-eabi/9.3.1/thumb/v7e-m/nofp/crtn.o
                0x20004000                _estack = 0x20004000
                0x00000000                _HEAP_SIZE = 0x0
                0x00001000                _STACK_SIZE = 0x1000

.isr_vector     0x08000000       0xd4
                0x08000000                . = ALIGN (0x4)
 *(.isr_vector)
 .isr_vector    0x08000000       0xd4 ./objects/startup_cm4.o
                0x08000000                g_pfnVectors
                0x080000d4                . = ALIGN (0x4)

.text           0x080000d8     0x8e6c
                0x080000d8                . = ALIGN (0x4)
 *(.text)
 .text          0x080000d8       0x40 d:/toolchain/gcc-arm-none-eabi-9-2020-q2-update-win32/bin/../lib/gcc/arm-none-eabi/9.3.1/thumb/v7e-m/nofp/crtbegin.o
 .text          0x08000118      0x1ec ../../../../../drivers/crypto/lib/libcrypto.a(aes.o)
                0x08000118                aes_init
                0x08000228                aes_crypto
                0x080002cc                aes_close
 .text          0x08000304      0x378 d:/toolchain/gcc-arm-none-eabi-9-2020-q2-update-win32/bin/../lib/gcc/arm-none-eabi/9.3.1/thumb/v7e-m/nofp\libgcc.a(_arm_addsubdf3.o)
                0x08000304                __aeabi_drsub
                0x0800030c                __aeabi_dsub
                0x0800030c                __subdf3
                0x08000310                __aeabi_dadd
                0x08000310                __adddf3
                0x08000588                __floatunsidf
                0x08000588                __aeabi_ui2d
                0x080005a8                __floatsidf
                0x080005a8                __aeabi_i2d
                0x080005cc                __aeabi_f2d
                0x080005cc                __extendsfdf2
                0x08000610                __floatundidf
                0x08000610                __aeabi_ul2d
                0x08000620                __floatdidf
                0x08000620                __aeabi_l2d
 .text          0x0800067c      0x424 d:/toolchain/gcc-arm-none-eabi-9-2020-q2-update-win32/bin/../lib/gcc/arm-none-eabi/9.3.1/thumb/v7e-m/nofp\libgcc.a(_arm_muldivdf3.o)
                0x0800067c                __aeabi_dmul
                0x0800067c                __muldf3
                0x080008d0                __divdf3
                0x080008d0                __aeabi_ddiv
 .text          0x08000aa0      0x110 d:/toolchain/gcc-arm-none-eabi-9-2020-q2-update-win32/bin/../lib/gcc/arm-none-eabi/9.3.1/thumb/v7e-m/nofp\libgcc.a(_arm_cmpdf2.o)
                0x08000aa0                __gtdf2
                0x08000aa0                __gedf2
                0x08000aa8                __ltdf2
                0x08000aa8                __ledf2
                0x08000ab0                __nedf2
                0x08000ab0                __eqdf2
                0x08000ab0                __cmpdf2
                0x08000b2c                __aeabi_cdrcmple
                0x08000b3c                __aeabi_cdcmpeq
                0x08000b3c                __aeabi_cdcmple
                0x08000b4c                __aeabi_dcmpeq
                0x08000b60                __aeabi_dcmplt
                0x08000b74                __aeabi_dcmple
                0x08000b88                __aeabi_dcmpge
                0x08000b9c                __aeabi_dcmpgt
 .text          0x08000bb0       0x50 d:/toolchain/gcc-arm-none-eabi-9-2020-q2-update-win32/bin/../lib/gcc/arm-none-eabi/9.3.1/thumb/v7e-m/nofp\libgcc.a(_arm_fixdfsi.o)
                0x08000bb0                __aeabi_d2iz
                0x08000bb0                __fixdfsi
 .text          0x08000c00       0x40 d:/toolchain/gcc-arm-none-eabi-9-2020-q2-update-win32/bin/../lib/gcc/arm-none-eabi/9.3.1/thumb/v7e-m/nofp\libgcc.a(_arm_fixunsdfsi.o)
                0x08000c00                __aeabi_d2uiz
                0x08000c00                __fixunsdfsi
 .text          0x08000c40       0x30 d:/toolchain/gcc-arm-none-eabi-9-2020-q2-update-win32/bin/../lib/gcc/arm-none-eabi/9.3.1/thumb/v7e-m/nofp\libgcc.a(_aeabi_uldivmod.o)
                0x08000c40                __aeabi_uldivmod
 .text          0x08000c70       0x3c d:/toolchain/gcc-arm-none-eabi-9-2020-q2-update-win32/bin/../lib/gcc/arm-none-eabi/9.3.1/thumb/v7e-m/nofp\libgcc.a(_fixunsdfdi.o)
                0x08000c70                __fixunsdfdi
                0x08000c70                __aeabi_d2ulz
 .text          0x08000cac      0x2c0 d:/toolchain/gcc-arm-none-eabi-9-2020-q2-update-win32/bin/../lib/gcc/arm-none-eabi/9.3.1/thumb/v7e-m/nofp\libgcc.a(_udivmoddi4.o)
                0x08000cac                __udivmoddi4
 .text          0x08000f6c        0x4 d:/toolchain/gcc-arm-none-eabi-9-2020-q2-update-win32/bin/../lib/gcc/arm-none-eabi/9.3.1/thumb/v7e-m/nofp\libgcc.a(_dvmd_tls.o)
                0x08000f6c                __aeabi_idiv0
                0x08000f6c                __aeabi_ldiv0
 .text          0x08000f70      0x134 d:/toolchain/gcc-arm-none-eabi-9-2020-q2-update-win32/bin/../lib/gcc/arm-none-eabi/9.3.1/../../../../arm-none-eabi/lib/thumb/v7e-m/nofp\libc.a(lib_a-memcpy.o)
                0x08000f70                memcpy
 *(.text*)
 .text._out_null
                0x080010a4        0x2 ./objects/printf-stdarg.o
 .text._out_rev
                0x080010a6       0x96 ./objects/printf-stdarg.o
 .text._ntoa_format
                0x0800113c      0x10a ./objects/printf-stdarg.o
 .text._ntoa_long
                0x08001246       0x82 ./objects/printf-stdarg.o
 .text._ntoa_long_long
                0x080012c8       0xa6 ./objects/printf-stdarg.o
 *fill*         0x0800136e        0x2 
 .text._out_char
                0x08001370       0x10 ./objects/printf-stdarg.o
 .text._ftoa    0x08001380      0x32c ./objects/printf-stdarg.o
 *fill*         0x080016ac        0x4 
 .text._etoa    0x080016b0      0x3b8 ./objects/printf-stdarg.o
 .text._vsnprintf
                0x08001a68      0x550 ./objects/printf-stdarg.o
 .text.__wrap_printf
                0x08001fb8       0x28 ./objects/printf-stdarg.o
                0x08001fb8                __wrap_printf
 .text.nvic_init
                0x08001fe0       0x24 ./objects/system_cm4.o
                0x08001fe0                nvic_init
 .text.system_init
                0x08002004       0x44 ./objects/system_cm4.o
                0x08002004                system_init
 .text.Reset_Handler
                0x08002048       0x48 ./objects/startup_cm4.o
                0x08002048                Reset_Handler
 .text.Default_Handler
                0x08002090        0x2 ./objects/startup_cm4.o
                0x08002090                GPIO_IRQHandler
                0x08002090                SCC_IRQHandler
                0x08002090                TIMER2_IRQHandler
                0x08002090                EFC_IRQHandler
                0x08002090                I2C0_IRQHandler
                0x08002090                SAC_IRQHandler
                0x08002090                I2C1_IRQHandler
                0x08002090                UART1_IRQHandler
                0x08002090                BSTIMER0_IRQHandler
                0x08002090                TIMER3_IRQHandler
                0x08002090                UART0_IRQHandler
                0x08002090                SEC_IRQHandler
                0x08002090                WDG_IRQHandler
                0x08002090                LPTIMER1_IRQHandler
                0x08002090                LPTIMER0_IRQHandler
                0x08002090                SSP0_IRQHandler
                0x08002090                I2S_IRQHandler
                0x08002090                I2C2_IRQHandler
                0x08002090                TIMER0_IRQHandler
                0x08002090                LCD_IRQHandler
                0x08002090                LPUART_IRQHandler
                0x08002090                TIMER1_IRQHandler
                0x08002090                UART2_IRQHandler
                0x08002090                Default_Handler
                0x08002090                ADC_IRQHandler
                0x08002090                SSP1_IRQHandler
                0x08002090                DMA0_IRQHandler
                0x08002090                IWDG_IRQHandler
                0x08002090                SSP2_IRQHandler
                0x08002090                BSTIMER1_IRQHandler
                0x08002090                DAC_IRQHandler
                0x08002090                AFEC_IRQHandler
                0x08002090                UART3_IRQHandler
                0x08002090                QSPI_IRQHandler
                0x08002090                DMA1_IRQHandler
 *fill*         0x08002092        0x2 
 .text.delay_init
                0x08002094       0x48 ./objects/tremo_delay.o
                0x08002094                delay_init
 .text.delay_us
                0x080020dc       0x30 ./objects/tremo_delay.o
                0x080020dc                delay_us
 .text.delay_ms
                0x0800210c        0xa ./objects/tremo_delay.o
                0x0800210c                delay_ms
 *fill*         0x08002116        0x2 
 .text.gpio_init
                0x08002118      0x128 ./objects/tremo_gpio.o
                0x08002118                gpio_init
 .text.gpio_set_iomux
                0x08002240       0x40 ./objects/tremo_gpio.o
                0x08002240                gpio_set_iomux
 .text.deepsleep
                0x08002280       0xc0 ./objects/tremo_pwr.o
                0x08002280                deepsleep
 .text.pwr_deepsleep_wfi
                0x08002340        0x6 ./objects/tremo_pwr.o
                0x08002340                pwr_deepsleep_wfi
 *fill*         0x08002346        0x2 
 .text.pwr_xo32k_lpm_cmd
                0x08002348       0x18 ./objects/tremo_pwr.o
                0x08002348                pwr_xo32k_lpm_cmd
 .text.rcc_get_clk_freq
                0x08002360       0x9c ./objects/tremo_rcc.o
                0x08002360                rcc_get_clk_freq
 .text.rcc_get_uart0_clk_source
                0x080023fc        0xc ./objects/tremo_rcc.o
                0x080023fc                rcc_get_uart0_clk_source
 .text.rcc_get_uart1_clk_source
                0x08002408        0xc ./objects/tremo_rcc.o
                0x08002408                rcc_get_uart1_clk_source
 .text.rcc_get_uart2_clk_source
                0x08002414        0xc ./objects/tremo_rcc.o
                0x08002414                rcc_get_uart2_clk_source
 .text.rcc_get_uart3_clk_source
                0x08002420        0xc ./objects/tremo_rcc.o
                0x08002420                rcc_get_uart3_clk_source
 .text.rcc_get_rtc_clk_source
                0x0800242c        0xc ./objects/tremo_rcc.o
                0x0800242c                rcc_get_rtc_clk_source
 .text.rcc_enable_peripheral_clk
                0x08002438      0x4b4 ./objects/tremo_rcc.o
                0x08002438                rcc_enable_peripheral_clk
 .text.rcc_enable_oscillator
                0x080028ec       0xfc ./objects/tremo_rcc.o
                0x080028ec                rcc_enable_oscillator
 .text.rcc_rst_peripheral
                0x080029e8       0x4a ./objects/tremo_rcc.o
                0x080029e8                rcc_rst_peripheral
 .text.rtc_deinit
                0x08002a32       0x1e ./objects/tremo_rtc.o
                0x08002a32                rtc_deinit
 .text.rtc_check_syn
                0x08002a50       0x14 ./objects/tremo_rtc.o
                0x08002a50                rtc_check_syn
 .text.rtc_calendar_cmd
                0x08002a64       0x20 ./objects/tremo_rtc.o
                0x08002a64                rtc_calendar_cmd
 .text.rtc_cyc_cmd
                0x08002a84       0x20 ./objects/tremo_rtc.o
                0x08002a84                rtc_cyc_cmd
 .text.rtc_config_cyc_wakeup
                0x08002aa4       0x24 ./objects/tremo_rtc.o
                0x08002aa4                rtc_config_cyc_wakeup
 .text.rtc_get_calendar
                0x08002ac8       0xdc ./objects/tremo_rtc.o
                0x08002ac8                rtc_get_calendar
 .text.rtc_set_status
                0x08002ba4       0x30 ./objects/tremo_rtc.o
                0x08002ba4                rtc_set_status
 .text.rtc_get_status
                0x08002bd4       0x38 ./objects/tremo_rtc.o
                0x08002bd4                rtc_get_status
 .text.rtc_config_interrupt
                0x08002c0c       0x38 ./objects/tremo_rtc.o
                0x08002c0c                rtc_config_interrupt
 .text.rtc_config_cyc_max
                0x08002c44       0x14 ./objects/tremo_rtc.o
                0x08002c44                rtc_config_cyc_max
 .text.uart_send_data
                0x08002c58        0xa ./objects/tremo_uart.o
                0x08002c58                uart_send_data
 .text.uart_config_init
                0x08002c62       0x16 ./objects/tremo_uart.o
                0x08002c62                uart_config_init
 .text.uart_cmd
                0x08002c78       0x12 ./objects/tremo_uart.o
                0x08002c78                uart_cmd
 *fill*         0x08002c8a        0x2 
 .text.uart_init
                0x08002c8c      0x140 ./objects/tremo_uart.o
                0x08002c8c                uart_init
 .text.DelayMs  0x08002dcc        0x4 ./objects/delay.o
                0x08002dcc                DelayMs
 .text.TimeStampsUpdate
                0x08002dd0       0x2c ./objects/timer.o
 .text.TimerInsertNewHeadTimer
                0x08002dfc       0x1c ./objects/timer.o
 .text.TimerSetSysTime
                0x08002e18       0x30 ./objects/timer.o
                0x08002e18                TimerSetSysTime
 .text.TimerInit
                0x08002e48        0xe ./objects/timer.o
                0x08002e48                TimerInit
 *fill*         0x08002e56        0x2 
 .text.TimerStart
                0x08002e58       0x78 ./objects/timer.o
                0x08002e58                TimerStart
 .text.TimerIrqHandler
                0x08002ed0       0x68 ./objects/timer.o
                0x08002ed0                TimerIrqHandler
 .text.TimerStop
                0x08002f38       0x60 ./objects/timer.o
                0x08002f38                TimerStop
 .text.TimerSetValue
                0x08002f98       0x10 ./objects/timer.o
                0x08002f98                TimerSetValue
 .text.TimerGetCurrentTime
                0x08002fa8       0x18 ./objects/timer.o
                0x08002fa8                TimerGetCurrentTime
 .text.TimerGetSysTime
                0x08002fc0       0x2c ./objects/timer.o
                0x08002fc0                TimerGetSysTime
 .text.TimerGetElapsedTime
                0x08002fec       0x12 ./objects/timer.o
                0x08002fec                TimerGetElapsedTime
 *fill*         0x08002ffe        0x2 
 .text.TimerLowPowerHandler
                0x08003000       0x20 ./objects/timer.o
                0x08003000                TimerLowPowerHandler
 .text.AES_CMAC_Init
                0x08003020       0x14 ./objects/cmac.o
                0x08003020                AES_CMAC_Init
 .text.AES_CMAC_SetKey
                0x08003034        0xc ./objects/cmac.o
                0x08003034                AES_CMAC_SetKey
 .text.AES_CMAC_Update
                0x08003040       0xb0 ./objects/cmac.o
                0x08003040                AES_CMAC_Update
 .text.AES_CMAC_Final
                0x080030f0      0x15e ./objects/cmac.o
                0x080030f0                AES_CMAC_Final
 .text.RadioCheckRfFrequency
                0x0800324e        0x4 ./objects/radio.o
                0x0800324e                RadioCheckRfFrequency
 *fill*         0x08003252        0x2 
 .text.RadioOnTxTimeoutIrq
                0x08003254       0x14 ./objects/radio.o
                0x08003254                RadioOnTxTimeoutIrq
 .text.RadioOnRxTimeoutIrq
                0x08003268       0x14 ./objects/radio.o
                0x08003268                RadioOnRxTimeoutIrq
 .text.RadioStandby
                0x0800327c        0x6 ./objects/radio.o
                0x0800327c                RadioStandby
 *fill*         0x08003282        0x2 
 .text.RadioInit
                0x08003284       0x6c ./objects/radio.o
                0x08003284                RadioInit
 .text.RadioGetStatus
                0x080032f0       0x18 ./objects/radio.o
                0x080032f0                RadioGetStatus
 .text.RadioSetChannel
                0x08003308        0x4 ./objects/radio.o
                0x08003308                RadioSetChannel
 .text.RadioRssi
                0x0800330c        0xa ./objects/radio.o
                0x0800330c                RadioRssi
 .text.RadioSyncWord
                0x08003316       0x14 ./objects/radio.o
                0x08003316                RadioSyncWord
 .text.RadioRead
                0x0800332a        0x4 ./objects/radio.o
                0x0800332a                RadioRead
 .text.RadioWrite
                0x0800332e        0x4 ./objects/radio.o
                0x0800332e                RadioWrite
 *fill*         0x08003332        0x2 
 .text.RadioSend
                0x08003334       0x54 ./objects/radio.o
                0x08003334                RadioSend
 .text.RadioSleep
                0x08003388       0x14 ./objects/radio.o
                0x08003388                RadioSleep
 .text.RadioSetRxDutyCycle
                0x0800339c        0x4 ./objects/radio.o
                0x0800339c                RadioSetRxDutyCycle
 .text.RadioStartCad
                0x080033a0       0x6c ./objects/radio.o
                0x080033a0                RadioStartCad
 .text.RadioSetTxContinuousWave
                0x0800340c       0x4c ./objects/radio.o
                0x0800340c                RadioSetTxContinuousWave
 .text.RadioWriteBuffer
                0x08003458        0x4 ./objects/radio.o
                0x08003458                RadioWriteBuffer
 .text.RadioReadBuffer
                0x0800345c        0x4 ./objects/radio.o
                0x0800345c                RadioReadBuffer
 .text.RadioGetWakeupTime
                0x08003460        0xa ./objects/radio.o
                0x08003460                RadioGetWakeupTime
 *fill*         0x0800346a        0x2 
 .text.RadioOnCadTimeoutIrq
                0x0800346c       0x20 ./objects/radio.o
                0x0800346c                RadioOnCadTimeoutIrq
 .text.RadioGetFskBandwidthRegValue
                0x0800348c       0x34 ./objects/radio.o
 .text.RadioSetMaxPayloadLength
                0x080034c0       0x28 ./objects/radio.o
                0x080034c0                RadioSetMaxPayloadLength
 .text.RadioRx  0x080034e8       0x44 ./objects/radio.o
                0x080034e8                RadioRx
 .text.RadioRxBoosted
                0x0800352c       0x40 ./objects/radio.o
                0x0800352c                RadioRxBoosted
 .text.RadioIrqProcess
                0x0800356c      0x160 ./objects/radio.o
                0x0800356c                RadioIrqProcess
 .text.RadioSetPublicNetwork
                0x080036cc       0x3c ./objects/radio.o
                0x080036cc                RadioSetPublicNetwork
 .text.RadioSetModem.part.0
                0x08003708       0x24 ./objects/radio.o
 .text.RadioSetModem
                0x0800372c       0x20 ./objects/radio.o
                0x0800372c                RadioSetModem
 .text.RadioIsChannelFree
                0x0800374c       0x4e ./objects/radio.o
                0x0800374c                RadioIsChannelFree
 .text.RadioRandom
                0x0800379a       0x3c ./objects/radio.o
                0x0800379a                RadioRandom
 *fill*         0x080037d6        0x2 
 .text.RadioSymbTime
                0x080037d8       0x2c ./objects/radio.o
                0x080037d8                RadioSymbTime
 *fill*         0x08003804        0x4 
 .text.RadioSetRxConfig
                0x08003808      0x21c ./objects/radio.o
                0x08003808                RadioSetRxConfig
 *fill*         0x08003a24        0x4 
 .text.RadioSetTxConfig
                0x08003a28      0x198 ./objects/radio.o
                0x08003a28                RadioSetTxConfig
 .text.RadioTimeOnAir
                0x08003bc0      0x190 ./objects/radio.o
                0x08003bc0                RadioTimeOnAir
 .text.RadioOnDioIrq
                0x08003d50       0x24 ./objects/radio.o
                0x08003d50                RadioOnDioIrq
 .text.SX126xGetOperatingMode
                0x08003d74        0xc ./objects/sx126x.o
                0x08003d74                SX126xGetOperatingMode
 .text.SX126xSetOperatingMode
                0x08003d80        0xc ./objects/sx126x.o
                0x08003d80                SX126xSetOperatingMode
 .text.SX126xCheckDeviceReady
                0x08003d8c       0x38 ./objects/sx126x.o
                0x08003d8c                SX126xCheckDeviceReady
 .text.SX126xSetPayload
                0x08003dc4        0xa ./objects/sx126x.o
                0x08003dc4                SX126xSetPayload
 .text.SX126xSetSyncWord
                0x08003dce       0x10 ./objects/sx126x.o
                0x08003dce                SX126xSetSyncWord
 *fill*         0x08003dde        0x2 
 .text.SX126xSetCrcSeed
                0x08003de0       0x24 ./objects/sx126x.o
                0x08003de0                SX126xSetCrcSeed
 .text.SX126xSetCrcPolynomial
                0x08003e04       0x24 ./objects/sx126x.o
                0x08003e04                SX126xSetCrcPolynomial
 .text.SX126xSetWhiteningSeed
                0x08003e28       0x38 ./objects/sx126x.o
                0x08003e28                SX126xSetWhiteningSeed
 .text.SX126xSetSleep
                0x08003e60       0x24 ./objects/sx126x.o
                0x08003e60                SX126xSetSleep
 .text.SX126xSetStandby
                0x08003e84       0x2c ./objects/sx126x.o
                0x08003e84                SX126xSetStandby
 .text.SX126xSetTx
                0x08003eb0       0x2c ./objects/sx126x.o
                0x08003eb0                SX126xSetTx
 .text.SX126xSendPayload
                0x08003edc       0x12 ./objects/sx126x.o
                0x08003edc                SX126xSendPayload
 *fill*         0x08003eee        0x2 
 .text.SX126xSetRx
                0x08003ef0       0x2c ./objects/sx126x.o
                0x08003ef0                SX126xSetRx
 .text.SX126xSetRxBoosted
                0x08003f1c       0x38 ./objects/sx126x.o
                0x08003f1c                SX126xSetRxBoosted
 .text.SX126xSetRxDutyCycle
                0x08003f54       0x38 ./objects/sx126x.o
                0x08003f54                SX126xSetRxDutyCycle
 .text.SX126xSetCad
                0x08003f8c       0x18 ./objects/sx126x.o
                0x08003f8c                SX126xSetCad
 .text.SX126xSetTxContinuousWave
                0x08003fa4        0xa ./objects/sx126x.o
                0x08003fa4                SX126xSetTxContinuousWave
 .text.SX126xSetStopRxTimerOnPreambleDetect
                0x08003fae       0x18 ./objects/sx126x.o
                0x08003fae                SX126xSetStopRxTimerOnPreambleDetect
 .text.SX126xSetLoRaSymbNumTimeout
                0x08003fc6       0x18 ./objects/sx126x.o
                0x08003fc6                SX126xSetLoRaSymbNumTimeout
 .text.SX126xSetRegulatorMode
                0x08003fde       0x18 ./objects/sx126x.o
                0x08003fde                SX126xSetRegulatorMode
 *fill*         0x08003ff6        0x2 
 .text.SX126xCalibrateImage
                0x08003ff8       0x64 ./objects/sx126x.o
                0x08003ff8                SX126xCalibrateImage
 .text.SX126xSetPaConfig
                0x0800405c       0x24 ./objects/sx126x.o
                0x0800405c                SX126xSetPaConfig
 .text.SX126xSetDioIrqParams
                0x08004080       0x2a ./objects/sx126x.o
                0x08004080                SX126xSetDioIrqParams
 .text.SX126xGetIrqStatus
                0x080040aa       0x1e ./objects/sx126x.o
                0x080040aa                SX126xGetIrqStatus
 .text.SX126xSetDio2AsRfSwitchCtrl
                0x080040c8       0x18 ./objects/sx126x.o
                0x080040c8                SX126xSetDio2AsRfSwitchCtrl
 .text.SX126xInit
                0x080040e0       0x28 ./objects/sx126x.o
                0x080040e0                SX126xInit
 .text.SX126xSetRfFrequency
                0x08004108       0x4c ./objects/sx126x.o
                0x08004108                SX126xSetRfFrequency
 .text.SX126xSetPacketType
                0x08004154       0x20 ./objects/sx126x.o
                0x08004154                SX126xSetPacketType
 .text.SX126xGetPacketType
                0x08004174        0xc ./objects/sx126x.o
                0x08004174                SX126xGetPacketType
 .text.SX126xSetTxParams
                0x08004180       0xbc ./objects/sx126x.o
                0x08004180                SX126xSetTxParams
 *fill*         0x0800423c        0x4 
 .text.SX126xSetModulationParams
                0x08004240       0xb4 ./objects/sx126x.o
                0x08004240                SX126xSetModulationParams
 .text.SX126xSetPacketParams
                0x080042f4       0xac ./objects/sx126x.o
                0x080042f4                SX126xSetPacketParams
 .text.SX126xSetCadParams
                0x080043a0       0x3c ./objects/sx126x.o
                0x080043a0                SX126xSetCadParams
 .text.SX126xSetBufferBaseAddress
                0x080043dc       0x1a ./objects/sx126x.o
                0x080043dc                SX126xSetBufferBaseAddress
 .text.SX126xGetRssiInst
                0x080043f6       0x1a ./objects/sx126x.o
                0x080043f6                SX126xGetRssiInst
 .text.SX126xGetRxBufferStatus
                0x08004410       0x48 ./objects/sx126x.o
                0x08004410                SX126xGetRxBufferStatus
 .text.SX126xGetPayload
                0x08004458       0x32 ./objects/sx126x.o
                0x08004458                SX126xGetPayload
 *fill*         0x0800448a        0x2 
 .text.SX126xGetPacketStatus
                0x0800448c       0x80 ./objects/sx126x.o
                0x0800448c                SX126xGetPacketStatus
 .text.SX126xClearIrqStatus
                0x0800450c       0x18 ./objects/sx126x.o
                0x0800450c                SX126xClearIrqStatus
 .text.RtcInit  0x08004524       0x30 ./objects/rtc-board.o
                0x08004524                RtcInit
 .text.RtcSetTimeout
                0x08004554       0x8c ./objects/rtc-board.o
                0x08004554                RtcSetTimeout
 .text.RtcStopTimeout
                0x080045e0       0x14 ./objects/rtc-board.o
                0x080045e0                RtcStopTimeout
 .text.RtcGetTimerContext
                0x080045f4        0xc ./objects/rtc-board.o
                0x080045f4                RtcGetTimerContext
 .text.RtcGetTimerValue
                0x08004600      0x120 ./objects/rtc-board.o
                0x08004600                RtcGetTimerValue
 .text.RtcSetTimerContext
                0x08004720       0x18 ./objects/rtc-board.o
                0x08004720                RtcSetTimerContext
 .text.RtcGetElapsedTime
                0x08004738       0x18 ./objects/rtc-board.o
                0x08004738                RtcGetElapsedTime
 .text.RtcEnterLowPowerStopMode
                0x08004750       0x20 ./objects/rtc-board.o
                0x08004750                RtcEnterLowPowerStopMode
 .text.RtcOnIrq
                0x08004770       0x32 ./objects/rtc-board.o
                0x08004770                RtcOnIrq
 .text.BoardDisableIrq
                0x080047a2        0x4 ./objects/sx1262-board.o
                0x080047a2                BoardDisableIrq
 .text.BoardEnableIrq
                0x080047a6        0x4 ./objects/sx1262-board.o
                0x080047a6                BoardEnableIrq
 *fill*         0x080047aa        0x2 
 .text.SpiInOut
                0x080047ac       0x18 ./objects/sx1262-board.o
                0x080047ac                SpiInOut
 .text.SX126xLoracInit
                0x080047c4       0x5c ./objects/sx1262-board.o
                0x080047c4                SX126xLoracInit
 .text.SX126xGetBoardTcxoWakeupTime
                0x08004820        0x4 ./objects/sx1262-board.o
                0x08004820                SX126xGetBoardTcxoWakeupTime
 .text.SX126xReset
                0x08004824       0x40 ./objects/sx1262-board.o
                0x08004824                SX126xReset
 .text.SX126xWaitOnBusy
                0x08004864       0x18 ./objects/sx1262-board.o
                0x08004864                SX126xWaitOnBusy
 .text.SX126xWakeup
                0x0800487c       0x30 ./objects/sx1262-board.o
                0x0800487c                SX126xWakeup
 .text.SX126xWriteCommand
                0x080048ac       0x44 ./objects/sx1262-board.o
                0x080048ac                SX126xWriteCommand
 .text.SX126xReadCommand
                0x080048f0       0x48 ./objects/sx1262-board.o
                0x080048f0                SX126xReadCommand
 .text.SX126xWriteRegisters
                0x08004938       0x48 ./objects/sx1262-board.o
                0x08004938                SX126xWriteRegisters
 .text.SX126xWriteRegister
                0x08004980       0x16 ./objects/sx1262-board.o
                0x08004980                SX126xWriteRegister
 *fill*         0x08004996        0x2 
 .text.SX126xReadRegisters
                0x08004998       0x50 ./objects/sx1262-board.o
                0x08004998                SX126xReadRegisters
 .text.SX126xReadRegister
                0x080049e8       0x16 ./objects/sx1262-board.o
                0x080049e8                SX126xReadRegister
 *fill*         0x080049fe        0x2 
 .text.SX126xWriteBuffer
                0x08004a00       0x48 ./objects/sx1262-board.o
                0x08004a00                SX126xWriteBuffer
 .text.SX126xReadBuffer
                0x08004a48       0x50 ./objects/sx1262-board.o
                0x08004a48                SX126xReadBuffer
 .text.SX126xSetRfTxPower
                0x08004a98        0x6 ./objects/sx1262-board.o
                0x08004a98                SX126xSetRfTxPower
 .text.SX126xGetPaSelect
                0x08004a9e        0x4 ./objects/sx1262-board.o
                0x08004a9e                SX126xGetPaSelect
 *fill*         0x08004aa2        0x2 
 .text.SX126xAntSwOn
                0x08004aa4       0x10 ./objects/sx1262-board.o
                0x08004aa4                SX126xAntSwOn
 .text.SX126xAntSwOff
                0x08004ab4       0x10 ./objects/sx1262-board.o
                0x08004ab4                SX126xAntSwOff
 .text.rand1    0x08004ac4       0x28 ./objects/utilities.o
                0x08004ac4                rand1
 .text.srand1   0x08004aec        0xc ./objects/utilities.o
                0x08004aec                srand1
 .text.randr    0x08004af8       0x1a ./objects/utilities.o
                0x08004af8                randr
 .text.memcpy1  0x08004b12       0x14 ./objects/utilities.o
                0x08004b12                memcpy1
 .text.memcpyr  0x08004b26       0x14 ./objects/utilities.o
                0x08004b26                memcpyr
 .text.memset1  0x08004b3a        0xe ./objects/utilities.o
                0x08004b3a                memset1
 .text.SetMlmeScheduleUplinkIndication
                0x08004b48       0x1c ./objects/loramac.o
 .text.AddMacCommand
                0x08004b64      0x17c ./objects/loramac.o
 .text.ResetMacParameters
                0x08004ce0       0x8c ./objects/loramac.o
 .text.ValidatePayloadLength
                0x08004d6c       0x5c ./objects/loramac.o
 .text.OnAckTimeoutTimerEvent
                0x08004dc8       0x44 ./objects/loramac.o
 .text.PrepareRxDoneAbort
                0x08004e0c       0x5c ./objects/loramac.o
 .text.ProcessMacCommands
                0x08004e68      0x478 ./objects/loramac.o
 .text.OnRadioRxDone
                0x080052e0      0x5a8 ./objects/loramac.o
 .text.RxWindowSetup
                0x08005888       0x14 ./objects/loramac.o
 .text.OnRxWindow1TimerEvent
                0x0800589c       0x74 ./objects/loramac.o
 .text.OnRxWindow2TimerEvent
                0x08005910       0x74 ./objects/loramac.o
 .text.OpenContinuousRx2Window
                0x08005984       0x14 ./objects/loramac.o
 .text.OnRadioRxTimeout
                0x08005998       0xe0 ./objects/loramac.o
 .text.OnRadioTxTimeout
                0x08005a78       0x3c ./objects/loramac.o
 .text.OnRadioRxError
                0x08005ab4       0xe0 ./objects/loramac.o
 .text.OnRadioTxDone
                0x08005b94      0x128 ./objects/loramac.o
 .text.PrepareFrame
                0x08005cbc      0x38c ./objects/loramac.o
                0x08005cbc                PrepareFrame
 .text.SendFrameOnChannel
                0x08006048      0x114 ./objects/loramac.o
                0x08006048                SendFrameOnChannel
 .text.ScheduleTx
                0x0800615c      0x1a4 ./objects/loramac.o
 .text.Send     0x08006300       0x44 ./objects/loramac.o
                0x08006300                Send
 .text.OnTxDelayedTimerEvent
                0x08006344       0x7c ./objects/loramac.o
 .text.OnMacStateCheckTimerEvent
                0x080063c0      0x32c ./objects/loramac.o
 .text.SetTxContinuousWave
                0x080066ec       0x60 ./objects/loramac.o
                0x080066ec                SetTxContinuousWave
 .text.SetTxContinuousWave1
                0x0800674c       0x40 ./objects/loramac.o
                0x0800674c                SetTxContinuousWave1
 .text.LoRaMacInitialization
                0x0800678c      0x2f8 ./objects/loramac.o
                0x0800678c                LoRaMacInitialization
 .text.LoRaMacQueryTxPossible
                0x08006a84       0xdc ./objects/loramac.o
                0x08006a84                LoRaMacQueryTxPossible
 .text.LoRaMacMibGetRequestConfirm
                0x08006b60      0x150 ./objects/loramac.o
                0x08006b60                LoRaMacMibGetRequestConfirm
 .text.LoRaMacMulticastChannelLink
                0x08006cb0       0x40 ./objects/loramac.o
                0x08006cb0                LoRaMacMulticastChannelLink
 .text.LoRaMacMulticastChannelUnlink
                0x08006cf0       0x44 ./objects/loramac.o
                0x08006cf0                LoRaMacMulticastChannelUnlink
 .text.LoRaMacMibSetRequestConfirm
                0x08006d34      0x350 ./objects/loramac.o
                0x08006d34                LoRaMacMibSetRequestConfirm
 .text.LoRaMacMlmeRequest
                0x08007084      0x218 ./objects/loramac.o
                0x08007084                LoRaMacMlmeRequest
 .text.LoRaMacMcpsRequest
                0x0800729c      0x130 ./objects/loramac.o
                0x0800729c                LoRaMacMcpsRequest
 .text.LoRaMacClassBInit
                0x080073cc        0x2 ./objects/loramacclassb.o
                0x080073cc                LoRaMacClassBInit
 .text.LoRaMacClassBSetBeaconState
                0x080073ce        0x2 ./objects/loramacclassb.o
                0x080073ce                LoRaMacClassBSetBeaconState
 .text.LoRaMacClassBSetPingSlotState
                0x080073d0        0x2 ./objects/loramacclassb.o
                0x080073d0                LoRaMacClassBSetPingSlotState
 .text.LoRaMacClassBSetMulticastSlotState
                0x080073d2        0x2 ./objects/loramacclassb.o
                0x080073d2                LoRaMacClassBSetMulticastSlotState
 .text.LoRaMacClassBIsAcquisitionInProgress
                0x080073d4        0x4 ./objects/loramacclassb.o
                0x080073d4                LoRaMacClassBIsAcquisitionInProgress
 .text.LoRaMacClassBBeaconTimerEvent
                0x080073d8        0x2 ./objects/loramacclassb.o
                0x080073d8                LoRaMacClassBBeaconTimerEvent
 .text.LoRaMacClassBPingSlotTimerEvent
                0x080073da        0x2 ./objects/loramacclassb.o
                0x080073da                LoRaMacClassBPingSlotTimerEvent
 .text.LoRaMacClassBMulticastSlotTimerEvent
                0x080073dc        0x2 ./objects/loramacclassb.o
                0x080073dc                LoRaMacClassBMulticastSlotTimerEvent
 .text.LoRaMacClassBRxBeacon
                0x080073de        0x4 ./objects/loramacclassb.o
                0x080073de                LoRaMacClassBRxBeacon
 .text.LoRaMacClassBIsBeaconExpected
                0x080073e2        0x4 ./objects/loramacclassb.o
                0x080073e2                LoRaMacClassBIsBeaconExpected
 .text.LoRaMacClassBIsPingExpected
                0x080073e6        0x4 ./objects/loramacclassb.o
                0x080073e6                LoRaMacClassBIsPingExpected
 .text.LoRaMacClassBIsMulticastExpected
                0x080073ea        0x4 ./objects/loramacclassb.o
                0x080073ea                LoRaMacClassBIsMulticastExpected
 .text.LoRaMacClassBIsBeaconModeActive
                0x080073ee        0x4 ./objects/loramacclassb.o
                0x080073ee                LoRaMacClassBIsBeaconModeActive
 .text.LoRaMacClassBSetPingSlotInfo
                0x080073f2        0x2 ./objects/loramacclassb.o
                0x080073f2                LoRaMacClassBSetPingSlotInfo
 .text.LoRaMacClassBHaltBeaconing
                0x080073f4        0x2 ./objects/loramacclassb.o
                0x080073f4                LoRaMacClassBHaltBeaconing
 .text.LoRaMacClassBResumeBeaconing
                0x080073f6        0x2 ./objects/loramacclassb.o
                0x080073f6                LoRaMacClassBResumeBeaconing
 .text.LoRaMacClassBSwitchClass
                0x080073f8        0x4 ./objects/loramacclassb.o
                0x080073f8                LoRaMacClassBSwitchClass
 .text.LoRaMacClassBMibGetRequestConfirm
                0x080073fc        0x4 ./objects/loramacclassb.o
                0x080073fc                LoRaMacClassBMibGetRequestConfirm
 .text.LoRaMacMibClassBSetRequestConfirm
                0x08007400        0x4 ./objects/loramacclassb.o
                0x08007400                LoRaMacMibClassBSetRequestConfirm
 .text.LoRaMacClassBPingSlotInfoAns
                0x08007404        0x2 ./objects/loramacclassb.o
                0x08007404                LoRaMacClassBPingSlotInfoAns
 .text.LoRaMacClassBPingSlotChannelReq
                0x08007406        0x4 ./objects/loramacclassb.o
                0x08007406                LoRaMacClassBPingSlotChannelReq
 .text.LoRaMacClassBBeaconTimingAns
                0x0800740a        0x2 ./objects/loramacclassb.o
                0x0800740a                LoRaMacClassBBeaconTimingAns
 .text.LoRaMacClassBDeviceTimeAns
                0x0800740c        0x2 ./objects/loramacclassb.o
                0x0800740c                LoRaMacClassBDeviceTimeAns
 .text.LoRaMacClassBBeaconFreqReq
                0x0800740e        0x4 ./objects/loramacclassb.o
                0x0800740e                LoRaMacClassBBeaconFreqReq
 .text.LoRaMacClassBIsUplinkCollision
                0x08007412        0x6 ./objects/loramacclassb.o
                0x08007412                LoRaMacClassBIsUplinkCollision
 .text.LoRaMacClassBStopRxSlots
                0x08007418        0x2 ./objects/loramacclassb.o
                0x08007418                LoRaMacClassBStopRxSlots
 .text.LoRaMacClassBSetMulticastPeriodicity
                0x0800741a        0x2 ./objects/loramacclassb.o
                0x0800741a                LoRaMacClassBSetMulticastPeriodicity
 .text.LoRaMacConfirmQueueInit
                0x0800741c       0x34 ./objects/loramacconfirmqueue.o
                0x0800741c                LoRaMacConfirmQueueInit
 .text.LoRaMacConfirmQueueAdd
                0x08007450       0x44 ./objects/loramacconfirmqueue.o
                0x08007450                LoRaMacConfirmQueueAdd
 .text.LoRaMacConfirmQueueRemoveLast
                0x08007494       0x28 ./objects/loramacconfirmqueue.o
                0x08007494                LoRaMacConfirmQueueRemoveLast
 .text.LoRaMacConfirmQueueRemoveFirst
                0x080074bc       0x28 ./objects/loramacconfirmqueue.o
                0x080074bc                LoRaMacConfirmQueueRemoveFirst
 .text.LoRaMacConfirmQueueSetStatus
                0x080074e4       0x40 ./objects/loramacconfirmqueue.o
                0x080074e4                LoRaMacConfirmQueueSetStatus
 .text.LoRaMacConfirmQueueGetStatus
                0x08007524       0x3c ./objects/loramacconfirmqueue.o
                0x08007524                LoRaMacConfirmQueueGetStatus
 .text.LoRaMacConfirmQueueSetStatusCmn
                0x08007560       0x44 ./objects/loramacconfirmqueue.o
                0x08007560                LoRaMacConfirmQueueSetStatusCmn
 .text.LoRaMacConfirmQueueGetStatusCmn
                0x080075a4        0xc ./objects/loramacconfirmqueue.o
                0x080075a4                LoRaMacConfirmQueueGetStatusCmn
 .text.LoRaMacConfirmQueueIsCmdActive
                0x080075b0       0x38 ./objects/loramacconfirmqueue.o
                0x080075b0                LoRaMacConfirmQueueIsCmdActive
 .text.LoRaMacConfirmQueueHandleCb
                0x080075e8       0x60 ./objects/loramacconfirmqueue.o
                0x080075e8                LoRaMacConfirmQueueHandleCb
 .text.LoRaMacConfirmQueueGetCnt
                0x08007648        0xc ./objects/loramacconfirmqueue.o
                0x08007648                LoRaMacConfirmQueueGetCnt
 .text.LoRaMacConfirmQueueIsFull
                0x08007654       0x14 ./objects/loramacconfirmqueue.o
                0x08007654                LoRaMacConfirmQueueIsFull
 .text.LoRaMacComputeMic
                0x08007668       0x70 ./objects/loramaccrypto.o
                0x08007668                LoRaMacComputeMic
 .text.LoRaMacPayloadEncrypt
                0x080076d8       0xe0 ./objects/loramaccrypto.o
                0x080076d8                LoRaMacPayloadEncrypt
 .text.LoRaMacPayloadDecrypt
                0x080077b8       0x10 ./objects/loramaccrypto.o
                0x080077b8                LoRaMacPayloadDecrypt
 .text.LoRaMacJoinComputeMic
                0x080077c8       0x3c ./objects/loramaccrypto.o
                0x080077c8                LoRaMacJoinComputeMic
 .text.LoRaMacJoinDecrypt
                0x08007804       0x3e ./objects/loramaccrypto.o
                0x08007804                LoRaMacJoinDecrypt
 .text.LoRaMacJoinComputeSKeys
                0x08007842       0x86 ./objects/loramaccrypto.o
                0x08007842                LoRaMacJoinComputeSKeys
 .text.RegionIsActive
                0x080078c8        0x8 ./objects/region.o
                0x080078c8                RegionIsActive
 .text.RegionGetPhyParam
                0x080078d0       0x14 ./objects/region.o
                0x080078d0                RegionGetPhyParam
 .text.RegionSetBandTxDone
                0x080078e4        0xc ./objects/region.o
                0x080078e4                RegionSetBandTxDone
 .text.RegionInitDefaults
                0x080078f0        0xc ./objects/region.o
                0x080078f0                RegionInitDefaults
 .text.RegionVerify
                0x080078fc       0x12 ./objects/region.o
                0x080078fc                RegionVerify
 .text.RegionApplyCFList
                0x0800790e        0xc ./objects/region.o
                0x0800790e                RegionApplyCFList
 .text.RegionChanMaskSet
                0x0800791a        0xe ./objects/region.o
                0x0800791a                RegionChanMaskSet
 .text.RegionAdrNext
                0x08007928       0x20 ./objects/region.o
                0x08007928                RegionAdrNext
 .text.RegionComputeRxWindowParameters
                0x08007948       0x1e ./objects/region.o
                0x08007948                RegionComputeRxWindowParameters
 .text.RegionRxConfig
                0x08007966       0x12 ./objects/region.o
                0x08007966                RegionRxConfig
 .text.RegionTxConfig
                0x08007978       0x1e ./objects/region.o
                0x08007978                RegionTxConfig
 .text.RegionLinkAdrReq
                0x08007996       0x20 ./objects/region.o
                0x08007996                RegionLinkAdrReq
 .text.RegionRxParamSetupReq
                0x080079b6        0xe ./objects/region.o
                0x080079b6                RegionRxParamSetupReq
 .text.RegionNewChannelReq
                0x080079c4        0xe ./objects/region.o
                0x080079c4                RegionNewChannelReq
 .text.RegionTxParamSetupReq
                0x080079d2        0xe ./objects/region.o
                0x080079d2                RegionTxParamSetupReq
 .text.RegionDlChannelReq
                0x080079e0        0xe ./objects/region.o
                0x080079e0                RegionDlChannelReq
 .text.RegionAlternateDr
                0x080079ee        0xe ./objects/region.o
                0x080079ee                RegionAlternateDr
 .text.RegionCalcBackOff
                0x080079fc        0xc ./objects/region.o
                0x080079fc                RegionCalcBackOff
 .text.RegionNextChannel
                0x08007a08       0x20 ./objects/region.o
                0x08007a08                RegionNextChannel
 .text.RegionSetContinuousWave
                0x08007a28        0xc ./objects/region.o
                0x08007a28                RegionSetContinuousWave
 .text.RegionApplyDrOffset
                0x08007a34       0x1e ./objects/region.o
                0x08007a34                RegionApplyDrOffset
 *fill*         0x08007a52        0x2 
 .text.RegionCommonGetJoinDc
                0x08007a54       0x30 ./objects/regioncommon.o
                0x08007a54                RegionCommonGetJoinDc
 .text.RegionCommonChanVerifyDr
                0x08007a84       0x66 ./objects/regioncommon.o
                0x08007a84                RegionCommonChanVerifyDr
 .text.RegionCommonValueInRange
                0x08007aea       0x12 ./objects/regioncommon.o
                0x08007aea                RegionCommonValueInRange
 .text.RegionCommonCountChannels
                0x08007afc       0x3c ./objects/regioncommon.o
                0x08007afc                RegionCommonCountChannels
 .text.RegionCommonChanMaskCopy
                0x08007b38       0x1e ./objects/regioncommon.o
                0x08007b38                RegionCommonChanMaskCopy
 .text.RegionCommonSetBandTxDone
                0x08007b56        0xe ./objects/regioncommon.o
                0x08007b56                RegionCommonSetBandTxDone
 .text.RegionCommonUpdateBandTimeOff
                0x08007b64      0x10a ./objects/regioncommon.o
                0x08007b64                RegionCommonUpdateBandTimeOff
 .text.RegionCommonParseLinkAdrReq
                0x08007c6e       0x34 ./objects/regioncommon.o
                0x08007c6e                RegionCommonParseLinkAdrReq
 *fill*         0x08007ca2        0x2 
 .text.RegionCommonComputeSymbolTimeLoRa
                0x08007ca4       0x34 ./objects/regioncommon.o
                0x08007ca4                RegionCommonComputeSymbolTimeLoRa
 .text.RegionCommonComputeRxWindowParameters
                0x08007cd8       0xac ./objects/regioncommon.o
                0x08007cd8                RegionCommonComputeRxWindowParameters
 .text.RegionCommonComputeTxPower
                0x08007d84       0x30 ./objects/regioncommon.o
                0x08007d84                RegionCommonComputeTxPower
 .text.RegionCN470GetPhyParam
                0x08007db4      0x108 ./objects/regioncn470.o
                0x08007db4                RegionCN470GetPhyParam
 .text.RegionCN470SetBandTxDone
                0x08007ebc       0x2c ./objects/regioncn470.o
                0x08007ebc                RegionCN470SetBandTxDone
 .text.RegionCN470InitDefaults
                0x08007ee8       0x6c ./objects/regioncn470.o
                0x08007ee8                RegionCN470InitDefaults
 .text.RegionCN470Verify
                0x08007f54       0x3c ./objects/regioncn470.o
                0x08007f54                RegionCN470Verify
 .text.RegionCN470ApplyCFList
                0x08007f90        0x2 ./objects/regioncn470.o
                0x08007f90                RegionCN470ApplyCFList
 *fill*         0x08007f92        0x2 
 .text.RegionCN470ChanMaskSet
                0x08007f94       0x34 ./objects/regioncn470.o
                0x08007f94                RegionCN470ChanMaskSet
 .text.RegionCN470AdrNext
                0x08007fc8       0x80 ./objects/regioncn470.o
                0x08007fc8                RegionCN470AdrNext
 .text.RegionCN470ComputeRxWindowParameters
                0x08008048       0x74 ./objects/regioncn470.o
                0x08008048                RegionCN470ComputeRxWindowParameters
 .text.RegionCN470RxConfig
                0x080080bc       0xac ./objects/regioncn470.o
                0x080080bc                RegionCN470RxConfig
 .text.RegionCN470TxConfig
                0x08008168       0xb8 ./objects/regioncn470.o
                0x08008168                RegionCN470TxConfig
 .text.RegionCN470LinkAdrReq
                0x08008220      0x118 ./objects/regioncn470.o
                0x08008220                RegionCN470LinkAdrReq
 .text.RegionCN470RxParamSetupReq
                0x08008338       0x68 ./objects/regioncn470.o
                0x08008338                RegionCN470RxParamSetupReq
 .text.RegionCN470NewChannelReq
                0x080083a0        0x4 ./objects/regioncn470.o
                0x080083a0                RegionCN470NewChannelReq
 .text.RegionCN470TxParamSetupReq
                0x080083a4        0x6 ./objects/regioncn470.o
                0x080083a4                RegionCN470TxParamSetupReq
 .text.RegionCN470DlChannelReq
                0x080083aa        0x4 ./objects/regioncn470.o
                0x080083aa                RegionCN470DlChannelReq
 .text.RegionCN470AlternateDr
                0x080083ae       0x3e ./objects/regioncn470.o
                0x080083ae                RegionCN470AlternateDr
 .text.RegionCN470CalcBackOff
                0x080083ec       0x64 ./objects/regioncn470.o
                0x080083ec                RegionCN470CalcBackOff
 .text.RegionCN470NextChannel
                0x08008450      0x158 ./objects/regioncn470.o
                0x08008450                RegionCN470NextChannel
 .text.RegionCN470SetContinuousWave
                0x080085a8       0x4c ./objects/regioncn470.o
                0x080085a8                RegionCN470SetContinuousWave
 .text.RegionCN470ApplyDrOffset
                0x080085f4        0xc ./objects/regioncn470.o
                0x080085f4                RegionCN470ApplyDrOffset
 .text.BoardGetBatteryLevel
                0x08008600       0x10 ./objects/classa.o
                0x08008600                BoardGetBatteryLevel
 .text.McpsConfirm
                0x08008610       0x1c ./objects/classa.o
 .text.MlmeConfirm
                0x0800862c       0x70 ./objects/classa.o
 .text.OnTxNextPacketTimerEvent
                0x0800869c       0x5c ./objects/classa.o
 .text.MlmeIndication
                0x080086f8       0x20 ./objects/classa.o
 .text.McpsIndication
                0x08008718       0x38 ./objects/classa.o
 .text.app_start
                0x08008750      0x19c ./objects/classa.o
                0x08008750                app_start
 .text.uart_log_init
                0x080088ec       0x40 ./objects/main.o
                0x080088ec                uart_log_init
 .text.board_init
                0x0800892c       0x6a ./objects/main.o
                0x0800892c                board_init
 .text.startup.main
                0x08008996        0xe ./objects/main.o
                0x08008996                main
 .text.NMI_Handler
                0x080089a4        0x2 ./objects/tremo_it.o
                0x080089a4                NMI_Handler
 .text.HardFault_Handler
                0x080089a6        0x2 ./objects/tremo_it.o
                0x080089a6                HardFault_Handler
 .text.MemManage_Handler
                0x080089a8        0x2 ./objects/tremo_it.o
                0x080089a8                MemManage_Handler
 .text.BusFault_Handler
                0x080089aa        0x2 ./objects/tremo_it.o
                0x080089aa                BusFault_Handler
 .text.UsageFault_Handler
                0x080089ac        0x2 ./objects/tremo_it.o
                0x080089ac                UsageFault_Handler
 .text.SVC_Handler
                0x080089ae        0x2 ./objects/tremo_it.o
                0x080089ae                SVC_Handler
 .text.PendSV_Handler
                0x080089b0        0x2 ./objects/tremo_it.o
                0x080089b0                PendSV_Handler
 .text.SysTick_Handler
                0x080089b2        0x2 ./objects/tremo_it.o
                0x080089b2                SysTick_Handler
 .text.PWR_IRQHandler
                0x080089b4        0x2 ./objects/tremo_it.o
                0x080089b4                PWR_IRQHandler
 .text.LORA_IRQHandler
                0x080089b6        0x4 ./objects/tremo_it.o
                0x080089b6                LORA_IRQHandler
 .text.RTC_IRQHandler
                0x080089ba        0x4 ./objects/tremo_it.o
                0x080089ba                RTC_IRQHandler
 *fill*         0x080089be        0x2 
 .text.__libc_init_array
                0x080089c0       0x48 d:/toolchain/gcc-arm-none-eabi-9-2020-q2-update-win32/bin/../lib/gcc/arm-none-eabi/9.3.1/../../../../arm-none-eabi/lib/thumb/v7e-m/nofp\libc.a(lib_a-init.o)
                0x080089c0                __libc_init_array
 .text.memset   0x08008a08       0xa0 d:/toolchain/gcc-arm-none-eabi-9-2020-q2-update-win32/bin/../lib/gcc/arm-none-eabi/9.3.1/../../../../arm-none-eabi/lib/thumb/v7e-m/nofp\libc.a(lib_a-memset.o)
                0x08008a08                memset
 .text.startup.register_fini
                0x08008aa8       0x14 d:/toolchain/gcc-arm-none-eabi-9-2020-q2-update-win32/bin/../lib/gcc/arm-none-eabi/9.3.1/../../../../arm-none-eabi/lib/thumb/v7e-m/nofp\libc.a(lib_a-__call_atexit.o)
 .text.atexit   0x08008abc        0xc d:/toolchain/gcc-arm-none-eabi-9-2020-q2-update-win32/bin/../lib/gcc/arm-none-eabi/9.3.1/../../../../arm-none-eabi/lib/thumb/v7e-m/nofp\libc.a(lib_a-atexit.o)
                0x08008abc                atexit
 .text.__libc_fini_array
                0x08008ac8       0x2c d:/toolchain/gcc-arm-none-eabi-9-2020-q2-update-win32/bin/../lib/gcc/arm-none-eabi/9.3.1/../../../../arm-none-eabi/lib/thumb/v7e-m/nofp\libc.a(lib_a-fini.o)
                0x08008ac8                __libc_fini_array
 .text.__retarget_lock_acquire_recursive
                0x08008af4        0x4 d:/toolchain/gcc-arm-none-eabi-9-2020-q2-update-win32/bin/../lib/gcc/arm-none-eabi/9.3.1/../../../../arm-none-eabi/lib/thumb/v7e-m/nofp\libc.a(lib_a-lock.o)
                0x08008af4                __retarget_lock_acquire_recursive
 .text.__retarget_lock_release_recursive
                0x08008af8        0x4 d:/toolchain/gcc-arm-none-eabi-9-2020-q2-update-win32/bin/../lib/gcc/arm-none-eabi/9.3.1/../../../../arm-none-eabi/lib/thumb/v7e-m/nofp\libc.a(lib_a-lock.o)
                0x08008af8                __retarget_lock_release_recursive
 .text.__register_exitproc
                0x08008afc       0x8c d:/toolchain/gcc-arm-none-eabi-9-2020-q2-update-win32/bin/../lib/gcc/arm-none-eabi/9.3.1/../../../../arm-none-eabi/lib/thumb/v7e-m/nofp\libc.a(lib_a-__atexit.o)
                0x08008afc                __register_exitproc
 .text.ceil     0x08008b88       0xf8 d:/toolchain/gcc-arm-none-eabi-9-2020-q2-update-win32/bin/../lib/gcc/arm-none-eabi/9.3.1/../../../../arm-none-eabi/lib/thumb/v7e-m/nofp\libm.a(lib_a-s_ceil.o)
                0x08008b88                ceil
 .text.floor    0x08008c80       0xf8 d:/toolchain/gcc-arm-none-eabi-9-2020-q2-update-win32/bin/../lib/gcc/arm-none-eabi/9.3.1/../../../../arm-none-eabi/lib/thumb/v7e-m/nofp\libm.a(lib_a-s_floor.o)
                0x08008c80                floor
 .text.rint     0x08008d78      0x120 d:/toolchain/gcc-arm-none-eabi-9-2020-q2-update-win32/bin/../lib/gcc/arm-none-eabi/9.3.1/../../../../arm-none-eabi/lib/thumb/v7e-m/nofp\libm.a(lib_a-s_rint.o)
                0x08008d78                rint
 .text.round    0x08008e98       0x94 d:/toolchain/gcc-arm-none-eabi-9-2020-q2-update-win32/bin/../lib/gcc/arm-none-eabi/9.3.1/../../../../arm-none-eabi/lib/thumb/v7e-m/nofp\libm.a(lib_a-s_round.o)
                0x08008e98                round
 *(.glue_7)
 .glue_7        0x08008f2c        0x0 linker stubs
 *(.glue_7t)
 .glue_7t       0x08008f2c        0x0 linker stubs
 *(.eh_frame)
 .eh_frame      0x08008f2c        0x0 d:/toolchain/gcc-arm-none-eabi-9-2020-q2-update-win32/bin/../lib/gcc/arm-none-eabi/9.3.1/thumb/v7e-m/nofp/crtbegin.o
 *(.init)
 .init          0x08008f2c        0x4 d:/toolchain/gcc-arm-none-eabi-9-2020-q2-update-win32/bin/../lib/gcc/arm-none-eabi/9.3.1/thumb/v7e-m/nofp/crti.o
                0x08008f2c                _init
 .init          0x08008f30        0x8 d:/toolchain/gcc-arm-none-eabi-9-2020-q2-update-win32/bin/../lib/gcc/arm-none-eabi/9.3.1/thumb/v7e-m/nofp/crtn.o
 *(.fini)
 .fini          0x08008f38        0x4 d:/toolchain/gcc-arm-none-eabi-9-2020-q2-update-win32/bin/../lib/gcc/arm-none-eabi/9.3.1/thumb/v7e-m/nofp/crti.o
                0x08008f38                _fini
 .fini          0x08008f3c        0x8 d:/toolchain/gcc-arm-none-eabi-9-2020-q2-update-win32/bin/../lib/gcc/arm-none-eabi/9.3.1/thumb/v7e-m/nofp/crtn.o
                0x08008f44                . = ALIGN (0x4)
                0x08008f44                _etext = .

.vfp11_veneer   0x08008f44        0x0
 .vfp11_veneer  0x08008f44        0x0 linker stubs

.v4_bx          0x08008f44        0x0
 .v4_bx         0x08008f44        0x0 linker stubs

.iplt           0x08008f44        0x0
 .iplt          0x08008f44        0x0 d:/toolchain/gcc-arm-none-eabi-9-2020-q2-update-win32/bin/../lib/gcc/arm-none-eabi/9.3.1/thumb/v7e-m/nofp/crtbegin.o

.rodata         0x08008f48      0x350
                0x08008f48                . = ALIGN (0x4)
 *(.rodata)
 .rodata        0x08008f48       0x50 ./objects/printf-stdarg.o
 .rodata        0x08008f98        0xc ./objects/tremo_uart.o
 *fill*         0x08008fa4        0x4 
 .rodata        0x08008fa8      0x18c ./objects/radio.o
                0x08008fa8                FskBandwidths
                0x080090b8                Bandwidths
                0x080090c4                Radio
 .rodata        0x08009134       0x11 ./objects/sx126x.o
 .rodata        0x08009145       0x18 ./objects/rtc-board.o
 .rodata        0x0800915d       0x10 ./objects/loramac.o
 *fill*         0x0800916d        0x3 
 .rodata        0x08009170       0x26 ./objects/regioncn470.o
 *fill*         0x08009196        0x2 
 .rodata        0x08009198       0x10 ../../../../../drivers/crypto/lib/libcrypto.a(aes.o)
 *(.rodata*)
 .rodata.str1.1
                0x080091a8       0x19 ./objects/printf-stdarg.o
 .rodata.str1.1
                0x080091c1       0xc1 ./objects/classa.o
 *fill*         0x08009282        0x2 
 .rodata._global_impure_ptr
                0x08009284        0x4 d:/toolchain/gcc-arm-none-eabi-9-2020-q2-update-win32/bin/../lib/gcc/arm-none-eabi/9.3.1/../../../../arm-none-eabi/lib/thumb/v7e-m/nofp\libc.a(lib_a-impure.o)
                0x08009284                _global_impure_ptr
 .rodata.TWO52  0x08009288       0x10 d:/toolchain/gcc-arm-none-eabi-9-2020-q2-update-win32/bin/../lib/gcc/arm-none-eabi/9.3.1/../../../../arm-none-eabi/lib/thumb/v7e-m/nofp\libm.a(lib_a-s_rint.o)
                0x08009298                . = ALIGN (0x4)

.ARM.extab
 *(.ARM.extab* .gnu.linkonce.armextab.*)

.ARM            0x08009298        0x8
                0x08009298                __exidx_start = .
 *(.ARM.exidx*)
 .ARM.exidx     0x08009298        0x8 d:/toolchain/gcc-arm-none-eabi-9-2020-q2-update-win32/bin/../lib/gcc/arm-none-eabi/9.3.1/thumb/v7e-m/nofp\libgcc.a(_udivmoddi4.o)
                0x080092a0                __exidx_end = .

.rel.dyn        0x080092a0        0x0
 .rel.iplt      0x080092a0        0x0 d:/toolchain/gcc-arm-none-eabi-9-2020-q2-update-win32/bin/../lib/gcc/arm-none-eabi/9.3.1/thumb/v7e-m/nofp/crtbegin.o

.preinit_array  0x080092a0        0x0
                0x080092a0                PROVIDE (__preinit_array_start = .)
 *(.preinit_array*)
                0x080092a0                PROVIDE (__preinit_array_end = .)

.init_array     0x080092a0        0x8
                0x080092a0                PROVIDE (__init_array_start = .)
 *(SORT_BY_NAME(.init_array.*))
 .init_array.00000
                0x080092a0        0x4 d:/toolchain/gcc-arm-none-eabi-9-2020-q2-update-win32/bin/../lib/gcc/arm-none-eabi/9.3.1/../../../../arm-none-eabi/lib/thumb/v7e-m/nofp\libc.a(lib_a-__call_atexit.o)
 *(.init_array*)
 .init_array    0x080092a4        0x4 d:/toolchain/gcc-arm-none-eabi-9-2020-q2-update-win32/bin/../lib/gcc/arm-none-eabi/9.3.1/thumb/v7e-m/nofp/crtbegin.o
                0x080092a8                PROVIDE (__init_array_end = .)

.fini_array     0x080092a8        0x4
                0x080092a8                PROVIDE (__fini_array_start = .)
 *(SORT_BY_NAME(.fini_array.*))
 *(.fini_array*)
 .fini_array    0x080092a8        0x4 d:/toolchain/gcc-arm-none-eabi-9-2020-q2-update-win32/bin/../lib/gcc/arm-none-eabi/9.3.1/thumb/v7e-m/nofp/crtbegin.o
                0x080092ac                PROVIDE (__fini_array_end = .)
                0x080092ac                _sidata = LOADADDR (.data)

.data           0x20000000      0x49c load address 0x080092ac
                0x20000000                . = ALIGN (0x4)
                0x20000000                _sdata = .
 *(.data)
 .data          0x20000000        0x1 ./objects/radio.o
                0x20000000                MaxPayloadLength
 *fill*         0x20000001        0x3 
 .data          0x20000004        0x4 ./objects/utilities.o
 .data          0x20000008        0x3 ./objects/loramac.o
 .data          0x2000000b       0x20 ./objects/loramaccrypto.o
 *fill*         0x2000002b        0x5 
 .data          0x20000030       0x20 ./objects/regioncn470.o
 .data          0x20000050       0x20 ./objects/classa.o
 *(.data*)
 .data.impure_data
                0x20000070      0x428 d:/toolchain/gcc-arm-none-eabi-9-2020-q2-update-win32/bin/../lib/gcc/arm-none-eabi/9.3.1/../../../../arm-none-eabi/lib/thumb/v7e-m/nofp\libc.a(lib_a-impure.o)
 .data.__atexit_recursive_mutex
                0x20000498        0x4 d:/toolchain/gcc-arm-none-eabi-9-2020-q2-update-win32/bin/../lib/gcc/arm-none-eabi/9.3.1/../../../../arm-none-eabi/lib/thumb/v7e-m/nofp\libc.a(lib_a-__call_atexit.o)
                0x20000498                __atexit_recursive_mutex
                0x2000049c                . = ALIGN (0x4)
                0x2000049c                _edata = .

.igot.plt       0x2000049c        0x0 load address 0x08009748
 .igot.plt      0x2000049c        0x0 d:/toolchain/gcc-arm-none-eabi-9-2020-q2-update-win32/bin/../lib/gcc/arm-none-eabi/9.3.1/thumb/v7e-m/nofp/crtbegin.o
                0x2000049c                . = ALIGN (0x4)

.bss            0x200004a0      0xcbc load address 0x08009748
                0x200004a0                _sbss = .
                0x200004a0                __bss_start__ = _sbss
 *(.bss)
 .bss           0x200004a0       0x1c d:/toolchain/gcc-arm-none-eabi-9-2020-q2-update-win32/bin/../lib/gcc/arm-none-eabi/9.3.1/thumb/v7e-m/nofp/crtbegin.o
 .bss           0x200004bc        0x1 ./objects/tremo_delay.o
 *fill*         0x200004bd        0x3 
 .bss           0x200004c0       0x11 ./objects/timer.o
                0x200004d0                HasLoopedThroughMain
 *fill*         0x200004d1        0x3 
 .bss           0x200004d4       0x16 ./objects/radio.o
                0x200004d8                IrqFired
                0x200004dc                TxTimeout
                0x200004e0                RxContinuous
                0x200004e4                RxTimeout
 *fill*         0x200004ea        0x2 
 .bss           0x200004ec        0x8 ./objects/sx126x.o
                0x200004f0                FrequencyError
 .bss           0x200004f4        0x9 ./objects/rtc-board.o
                0x200004f8                McuWakeUpTime
                0x200004fc                NonScheduledWakeUp
 .bss           0x200004fd        0x1 ./objects/sx1262-board.o
                0x200004fd                gPaOptSetting
 *fill*         0x200004fe        0x2 
 .bss           0x20000500      0x4d9 ./objects/loramac.o
                0x200005d0                LoRaMacState
                0x20000978                TxTimeOnAir
 *fill*         0x200009d9        0x3 
 .bss           0x200009dc       0x19 ./objects/loramacconfirmqueue.o
 *fill*         0x200009f5        0x3 
 .bss           0x200009f8       0x44 ./objects/loramaccrypto.o
 .bss           0x20000a3c      0x498 ./objects/regioncn470.o
 .bss           0x20000ed4       0x30 ./objects/classa.o
 *(.bss*)
 *(COMMON)
 COMMON         0x20000f04      0x190 ./objects/radio.o
                0x20000f04                irqRegs
                0x20000f08                SX126x
                0x20000f44                TxTimeoutTimer
                0x20000f58                RadioRxPayload
                0x20001058                CadTimeoutTimer
                0x2000106c                RadioPktStatus
                0x20001080                RxTimeoutTimer
 *fill*         0x20001094        0x4 
 COMMON         0x20001098       0x18 ./objects/rtc-board.o
                0x20001098                RtcCalendarContext
                0x200010a8                RtcTimerContext
 COMMON         0x200010b0       0x7c ./objects/loramac.o
                0x200010b0                LoRaMacFlags
                0x200010b4                LoRaMacParamsDefaults
                0x200010f0                LoRaMacParams
 COMMON         0x2000112c        0xc ./objects/loramacconfirmqueue.o
                0x2000112c                CommonStatus
                0x20001130                BufferStart
                0x20001134                BufferEnd
 COMMON         0x20001138       0x21 d:/toolchain/gcc-arm-none-eabi-9-2020-q2-update-win32/bin/../lib/gcc/arm-none-eabi/9.3.1/../../../../arm-none-eabi/lib/thumb/v7e-m/nofp\libc.a(lib_a-lock.o)
                0x20001138                __lock___atexit_recursive_mutex
                0x2000113c                __lock___arc4random_mutex
                0x20001140                __lock___env_recursive_mutex
                0x20001144                __lock___sinit_recursive_mutex
                0x20001148                __lock___malloc_recursive_mutex
                0x2000114c                __lock___at_quick_exit_mutex
                0x20001150                __lock___dd_hash_mutex
                0x20001154                __lock___tz_mutex
                0x20001158                __lock___sfp_recursive_mutex
                0x2000115c                . = ALIGN (0x4)
 *fill*         0x20001159        0x3 
                0x2000115c                _ebss = .
                0x2000115c                __bss_end__ = _ebss

.heap           0x2000115c        0x0 load address 0x08009748
                0x2000115c                . = ALIGN (0x4)
                0x2000115c                _heap_bottom = .
                0x2000115c                end = _heap_bottom
                0x2000115c                _end = end
                0x2000115c                __end = end
                0x2000115c                . = (. + _HEAP_SIZE)
                0x2000115c                _heap_top = .

.stack          0x2000115c     0x1000 load address 0x08009748
                0x2000115c                . = ALIGN (0x4)
                0x2000115c                _stack_bottom = .
                0x2000215c                . = (. + _STACK_SIZE)
 *fill*         0x2000115c     0x1000 
                0x2000215c                _stack_top = .

/DISCARD/
 libc.a(*)
 libm.a(*)
 libgcc.a(*)

.ARM.attributes
                0x00000000       0x2e
 *(.ARM.attributes)
 .ARM.attributes
                0x00000000       0x1e d:/toolchain/gcc-arm-none-eabi-9-2020-q2-update-win32/bin/../lib/gcc/arm-none-eabi/9.3.1/thumb/v7e-m/nofp/crti.o
 .ARM.attributes
                0x0000001e       0x2e d:/toolchain/gcc-arm-none-eabi-9-2020-q2-update-win32/bin/../lib/gcc/arm-none-eabi/9.3.1/thumb/v7e-m/nofp/crtbegin.o
 .ARM.attributes
                0x0000004c       0x32 ./objects/printf-stdarg.o
 .ARM.attributes
                0x0000007e       0x32 ./objects/system_cm4.o
 .ARM.attributes
                0x000000b0       0x21 ./objects/startup_cm4.o
 .ARM.attributes
                0x000000d1       0x32 ./objects/tremo_delay.o
 .ARM.attributes
                0x00000103       0x32 ./objects/tremo_gpio.o
 .ARM.attributes
                0x00000135       0x32 ./objects/tremo_pwr.o
 .ARM.attributes
                0x00000167       0x32 ./objects/tremo_rcc.o
 .ARM.attributes
                0x00000199       0x32 ./objects/tremo_rtc.o
 .ARM.attributes
                0x000001cb       0x32 ./objects/tremo_uart.o
 .ARM.attributes
                0x000001fd       0x32 ./objects/delay.o
 .ARM.attributes
                0x0000022f       0x32 ./objects/timer.o
 .ARM.attributes
                0x00000261       0x32 ./objects/cmac.o
 .ARM.attributes
                0x00000293       0x32 ./objects/radio.o
 .ARM.attributes
                0x000002c5       0x32 ./objects/sx126x.o
 .ARM.attributes
                0x000002f7       0x32 ./objects/rtc-board.o
 .ARM.attributes
                0x00000329       0x32 ./objects/sx1262-board.o
 .ARM.attributes
                0x0000035b       0x32 ./objects/utilities.o
 .ARM.attributes
                0x0000038d       0x32 ./objects/loramac.o
 .ARM.attributes
                0x000003bf       0x32 ./objects/loramacclassb.o
 .ARM.attributes
                0x000003f1       0x32 ./objects/loramacconfirmqueue.o
 .ARM.attributes
                0x00000423       0x32 ./objects/loramaccrypto.o
 .ARM.attributes
                0x00000455       0x32 ./objects/region.o
 .ARM.attributes
                0x00000487       0x32 ./objects/regioncommon.o
 .ARM.attributes
                0x000004b9       0x32 ./objects/regioncn470.o
 .ARM.attributes
                0x000004eb       0x32 ./objects/classa.o
 .ARM.attributes
                0x0000051d       0x32 ./objects/main.o
 .ARM.attributes
                0x0000054f       0x32 ./objects/tremo_it.o
 .ARM.attributes
                0x00000581       0x2e ../../../../../drivers/crypto/lib/libcrypto.a(aes.o)
 .ARM.attributes
                0x000005af       0x1e d:/toolchain/gcc-arm-none-eabi-9-2020-q2-update-win32/bin/../lib/gcc/arm-none-eabi/9.3.1/thumb/v7e-m/nofp\libgcc.a(_arm_addsubdf3.o)
 .ARM.attributes
                0x000005cd       0x1e d:/toolchain/gcc-arm-none-eabi-9-2020-q2-update-win32/bin/../lib/gcc/arm-none-eabi/9.3.1/thumb/v7e-m/nofp\libgcc.a(_arm_muldivdf3.o)
 .ARM.attributes
                0x000005eb       0x1e d:/toolchain/gcc-arm-none-eabi-9-2020-q2-update-win32/bin/../lib/gcc/arm-none-eabi/9.3.1/thumb/v7e-m/nofp\libgcc.a(_arm_cmpdf2.o)
 .ARM.attributes
                0x00000609       0x1e d:/toolchain/gcc-arm-none-eabi-9-2020-q2-update-win32/bin/../lib/gcc/arm-none-eabi/9.3.1/thumb/v7e-m/nofp\libgcc.a(_arm_fixdfsi.o)
 .ARM.attributes
                0x00000627       0x1e d:/toolchain/gcc-arm-none-eabi-9-2020-q2-update-win32/bin/../lib/gcc/arm-none-eabi/9.3.1/thumb/v7e-m/nofp\libgcc.a(_arm_fixunsdfsi.o)
 .ARM.attributes
                0x00000645       0x1e d:/toolchain/gcc-arm-none-eabi-9-2020-q2-update-win32/bin/../lib/gcc/arm-none-eabi/9.3.1/thumb/v7e-m/nofp\libgcc.a(_aeabi_uldivmod.o)
 .ARM.attributes
                0x00000663       0x2e d:/toolchain/gcc-arm-none-eabi-9-2020-q2-update-win32/bin/../lib/gcc/arm-none-eabi/9.3.1/thumb/v7e-m/nofp\libgcc.a(_fixunsdfdi.o)
 .ARM.attributes
                0x00000691       0x2e d:/toolchain/gcc-arm-none-eabi-9-2020-q2-update-win32/bin/../lib/gcc/arm-none-eabi/9.3.1/thumb/v7e-m/nofp\libgcc.a(_udivmoddi4.o)
 .ARM.attributes
                0x000006bf       0x1e d:/toolchain/gcc-arm-none-eabi-9-2020-q2-update-win32/bin/../lib/gcc/arm-none-eabi/9.3.1/thumb/v7e-m/nofp\libgcc.a(_dvmd_tls.o)
 .ARM.attributes
                0x000006dd       0x2e d:/toolchain/gcc-arm-none-eabi-9-2020-q2-update-win32/bin/../lib/gcc/arm-none-eabi/9.3.1/../../../../arm-none-eabi/lib/thumb/v7e-m/nofp\libc.a(lib_a-impure.o)
 .ARM.attributes
                0x0000070b       0x2e d:/toolchain/gcc-arm-none-eabi-9-2020-q2-update-win32/bin/../lib/gcc/arm-none-eabi/9.3.1/../../../../arm-none-eabi/lib/thumb/v7e-m/nofp\libc.a(lib_a-init.o)
 .ARM.attributes
                0x00000739       0x1c d:/toolchain/gcc-arm-none-eabi-9-2020-q2-update-win32/bin/../lib/gcc/arm-none-eabi/9.3.1/../../../../arm-none-eabi/lib/thumb/v7e-m/nofp\libc.a(lib_a-memcpy.o)
 .ARM.attributes
                0x00000755       0x2e d:/toolchain/gcc-arm-none-eabi-9-2020-q2-update-win32/bin/../lib/gcc/arm-none-eabi/9.3.1/../../../../arm-none-eabi/lib/thumb/v7e-m/nofp\libc.a(lib_a-memset.o)
 .ARM.attributes
                0x00000783       0x2e d:/toolchain/gcc-arm-none-eabi-9-2020-q2-update-win32/bin/../lib/gcc/arm-none-eabi/9.3.1/../../../../arm-none-eabi/lib/thumb/v7e-m/nofp\libc.a(lib_a-__call_atexit.o)
 .ARM.attributes
                0x000007b1       0x2e d:/toolchain/gcc-arm-none-eabi-9-2020-q2-update-win32/bin/../lib/gcc/arm-none-eabi/9.3.1/../../../../arm-none-eabi/lib/thumb/v7e-m/nofp\libc.a(lib_a-atexit.o)
 .ARM.attributes
                0x000007df       0x2e d:/toolchain/gcc-arm-none-eabi-9-2020-q2-update-win32/bin/../lib/gcc/arm-none-eabi/9.3.1/../../../../arm-none-eabi/lib/thumb/v7e-m/nofp\libc.a(lib_a-fini.o)
 .ARM.attributes
                0x0000080d       0x2e d:/toolchain/gcc-arm-none-eabi-9-2020-q2-update-win32/bin/../lib/gcc/arm-none-eabi/9.3.1/../../../../arm-none-eabi/lib/thumb/v7e-m/nofp\libc.a(lib_a-lock.o)
 .ARM.attributes
                0x0000083b       0x2e d:/toolchain/gcc-arm-none-eabi-9-2020-q2-update-win32/bin/../lib/gcc/arm-none-eabi/9.3.1/../../../../arm-none-eabi/lib/thumb/v7e-m/nofp\libc.a(lib_a-__atexit.o)
 .ARM.attributes
                0x00000869       0x1e d:/toolchain/gcc-arm-none-eabi-9-2020-q2-update-win32/bin/../lib/gcc/arm-none-eabi/9.3.1/thumb/v7e-m/nofp/crtn.o
OUTPUT(./Objects/project.elf elf32-littlearm)
LOAD linker stubs
LOAD d:/toolchain/gcc-arm-none-eabi-9-2020-q2-update-win32/bin/../lib/gcc/arm-none-eabi/9.3.1/../../../../arm-none-eabi/lib/thumb/v7e-m/nofp\libc.a
LOAD d:/toolchain/gcc-arm-none-eabi-9-2020-q2-update-win32/bin/../lib/gcc/arm-none-eabi/9.3.1/../../../../arm-none-eabi/lib/thumb/v7e-m/nofp\libm.a
LOAD d:/toolchain/gcc-arm-none-eabi-9-2020-q2-update-win32/bin/../lib/gcc/arm-none-eabi/9.3.1/thumb/v7e-m/nofp\libgcc.a

.debug_info     0x00000000    0x2d692
 .debug_info    0x00000000     0x226e ./objects/printf-stdarg.o
 .debug_info    0x0000226e      0x855 ./objects/system_cm4.o
 .debug_info    0x00002ac3       0x22 ./objects/startup_cm4.o
 .debug_info    0x00002ae5      0x7cb ./objects/tremo_delay.o
 .debug_info    0x000032b0      0x8fd ./objects/tremo_gpio.o
 .debug_info    0x00003bad      0x9ea ./objects/tremo_pwr.o
 .debug_info    0x00004597     0x1153 ./objects/tremo_rcc.o
 .debug_info    0x000056ea     0x1b7c ./objects/tremo_rtc.o
 .debug_info    0x00007266     0x1608 ./objects/tremo_uart.o
 .debug_info    0x0000886e      0x185 ./objects/delay.o
 .debug_info    0x000089f3     0x1e0a ./objects/timer.o
 .debug_info    0x0000a7fd      0xeba ./objects/cmac.o
 .debug_info    0x0000b6b7     0x3585 ./objects/radio.o
 .debug_info    0x0000ec3c     0x30b8 ./objects/sx126x.o
 .debug_info    0x00011cf4     0x1cac ./objects/rtc-board.o
 .debug_info    0x000139a0     0x26a3 ./objects/sx1262-board.o
 .debug_info    0x00016043      0xc5f ./objects/utilities.o
 .debug_info    0x00016ca2     0x634e ./objects/loramac.o
 .debug_info    0x0001cff0     0x22b6 ./objects/loramacclassb.o
 .debug_info    0x0001f2a6     0x11ba ./objects/loramacconfirmqueue.o
 .debug_info    0x00020460     0x13b0 ./objects/loramaccrypto.o
 .debug_info    0x00021810     0x2876 ./objects/region.o
 .debug_info    0x00024086     0x1ad1 ./objects/regioncommon.o
 .debug_info    0x00025b57     0x2ea1 ./objects/regioncn470.o
 .debug_info    0x000289f8     0x2755 ./objects/classa.o
 .debug_info    0x0002b14d     0x17d5 ./objects/main.o
 .debug_info    0x0002c922      0x136 ./objects/tremo_it.o
 .debug_info    0x0002ca58      0xc3a ../../../../../drivers/crypto/lib/libcrypto.a(aes.o)

.debug_abbrev   0x00000000     0x602b
 .debug_abbrev  0x00000000      0x51f ./objects/printf-stdarg.o
 .debug_abbrev  0x0000051f      0x1e0 ./objects/system_cm4.o
 .debug_abbrev  0x000006ff       0x12 ./objects/startup_cm4.o
 .debug_abbrev  0x00000711      0x237 ./objects/tremo_delay.o
 .debug_abbrev  0x00000948      0x24a ./objects/tremo_gpio.o
 .debug_abbrev  0x00000b92      0x224 ./objects/tremo_pwr.o
 .debug_abbrev  0x00000db6      0x276 ./objects/tremo_rcc.o
 .debug_abbrev  0x0000102c      0x491 ./objects/tremo_rtc.o
 .debug_abbrev  0x000014bd      0x402 ./objects/tremo_uart.o
 .debug_abbrev  0x000018bf      0x109 ./objects/delay.o
 .debug_abbrev  0x000019c8      0x5a2 ./objects/timer.o
 .debug_abbrev  0x00001f6a      0x284 ./objects/cmac.o
 .debug_abbrev  0x000021ee      0x57a ./objects/radio.o
 .debug_abbrev  0x00002768      0x514 ./objects/sx126x.o
 .debug_abbrev  0x00002c7c      0x51d ./objects/rtc-board.o
 .debug_abbrev  0x00003199      0x510 ./objects/sx1262-board.o
 .debug_abbrev  0x000036a9      0x25e ./objects/utilities.o
 .debug_abbrev  0x00003907      0x65e ./objects/loramac.o
 .debug_abbrev  0x00003f65      0x3a1 ./objects/loramacclassb.o
 .debug_abbrev  0x00004306      0x323 ./objects/loramacconfirmqueue.o
 .debug_abbrev  0x00004629      0x27a ./objects/loramaccrypto.o
 .debug_abbrev  0x000048a3      0x329 ./objects/region.o
 .debug_abbrev  0x00004bcc      0x4b8 ./objects/regioncommon.o
 .debug_abbrev  0x00005084      0x553 ./objects/regioncn470.o
 .debug_abbrev  0x000055d7      0x49b ./objects/classa.o
 .debug_abbrev  0x00005a72      0x2bd ./objects/main.o
 .debug_abbrev  0x00005d2f       0xd4 ./objects/tremo_it.o
 .debug_abbrev  0x00005e03      0x228 ../../../../../drivers/crypto/lib/libcrypto.a(aes.o)

.debug_loc      0x00000000    0x11017
 .debug_loc     0x00000000     0x277f ./objects/printf-stdarg.o
 .debug_loc     0x0000277f       0xc3 ./objects/system_cm4.o
 .debug_loc     0x00002842      0x1d7 ./objects/tremo_delay.o
 .debug_loc     0x00002a19      0x6f4 ./objects/tremo_gpio.o
 .debug_loc     0x0000310d      0x15f ./objects/tremo_pwr.o
 .debug_loc     0x0000326c      0x777 ./objects/tremo_rcc.o
 .debug_loc     0x000039e3      0xedf ./objects/tremo_rtc.o
 .debug_loc     0x000048c2      0x6fc ./objects/tremo_uart.o
 .debug_loc     0x00004fbe       0xb2 ./objects/delay.o
 .debug_loc     0x00005070      0x6b0 ./objects/timer.o
 .debug_loc     0x00005720      0x38c ./objects/cmac.o
 .debug_loc     0x00005aac     0x163c ./objects/radio.o
 .debug_loc     0x000070e8     0x11d9 ./objects/sx126x.o
 .debug_loc     0x000082c1      0x70f ./objects/rtc-board.o
 .debug_loc     0x000089d0      0x82b ./objects/sx1262-board.o
 .debug_loc     0x000091fb      0x234 ./objects/utilities.o
 .debug_loc     0x0000942f     0x392b ./objects/loramac.o
 .debug_loc     0x0000cd5a       0xe5 ./objects/loramacclassb.o
 .debug_loc     0x0000ce3f      0x581 ./objects/loramacconfirmqueue.o
 .debug_loc     0x0000d3c0      0x8b3 ./objects/loramaccrypto.o
 .debug_loc     0x0000dc73     0x103f ./objects/region.o
 .debug_loc     0x0000ecb2      0xad8 ./objects/regioncommon.o
 .debug_loc     0x0000f78a     0x1483 ./objects/regioncn470.o
 .debug_loc     0x00010c0d      0x2ae ./objects/classa.o
 .debug_loc     0x00010ebb       0x78 ./objects/main.o
 .debug_loc     0x00010f33       0xe4 ../../../../../drivers/crypto/lib/libcrypto.a(aes.o)

.debug_aranges  0x00000000     0x1018
 .debug_aranges
                0x00000000       0x88 ./objects/printf-stdarg.o
 .debug_aranges
                0x00000088       0x28 ./objects/system_cm4.o
 .debug_aranges
                0x000000b0       0x28 ./objects/startup_cm4.o
 .debug_aranges
                0x000000d8       0x30 ./objects/tremo_delay.o
 .debug_aranges
                0x00000108       0x78 ./objects/tremo_gpio.o
 .debug_aranges
                0x00000180       0x58 ./objects/tremo_pwr.o
 .debug_aranges
                0x000001d8      0x178 ./objects/tremo_rcc.o
 .debug_aranges
                0x00000350      0x120 ./objects/tremo_rtc.o
 .debug_aranges
                0x00000470       0x98 ./objects/tremo_uart.o
 .debug_aranges
                0x00000508       0x28 ./objects/delay.o
 .debug_aranges
                0x00000530       0x88 ./objects/timer.o
 .debug_aranges
                0x000005b8       0x38 ./objects/cmac.o
 .debug_aranges
                0x000005f0      0x148 ./objects/radio.o
 .debug_aranges
                0x00000738      0x198 ./objects/sx126x.o
 .debug_aranges
                0x000008d0       0x78 ./objects/rtc-board.o
 .debug_aranges
                0x00000948       0xd0 ./objects/sx1262-board.o
 .debug_aranges
                0x00000a18       0x50 ./objects/utilities.o
 .debug_aranges
                0x00000a68      0x148 ./objects/loramac.o
 .debug_aranges
                0x00000bb0       0x80 ./objects/loramacclassb.o
 .debug_aranges
                0x00000c30       0x78 ./objects/loramacconfirmqueue.o
 .debug_aranges
                0x00000ca8       0x50 ./objects/loramaccrypto.o
 .debug_aranges
                0x00000cf8       0xd8 ./objects/region.o
 .debug_aranges
                0x00000dd0       0x88 ./objects/regioncommon.o
 .debug_aranges
                0x00000e58       0xc8 ./objects/regioncn470.o
 .debug_aranges
                0x00000f20       0x50 ./objects/classa.o
 .debug_aranges
                0x00000f70       0x30 ./objects/main.o
 .debug_aranges
                0x00000fa0       0x58 ./objects/tremo_it.o
 .debug_aranges
                0x00000ff8       0x20 ../../../../../drivers/crypto/lib/libcrypto.a(aes.o)

.debug_ranges   0x00000000     0x18d0
 .debug_ranges  0x00000000      0x1d0 ./objects/printf-stdarg.o
 .debug_ranges  0x000001d0       0x70 ./objects/system_cm4.o
 .debug_ranges  0x00000240       0x20 ./objects/startup_cm4.o
 .debug_ranges  0x00000260       0x58 ./objects/tremo_delay.o
 .debug_ranges  0x000002b8       0x68 ./objects/tremo_gpio.o
 .debug_ranges  0x00000320       0x60 ./objects/tremo_pwr.o
 .debug_ranges  0x00000380      0x180 ./objects/tremo_rcc.o
 .debug_ranges  0x00000500      0x140 ./objects/tremo_rtc.o
 .debug_ranges  0x00000640       0x88 ./objects/tremo_uart.o
 .debug_ranges  0x000006c8       0x30 ./objects/delay.o
 .debug_ranges  0x000006f8       0xd8 ./objects/timer.o
 .debug_ranges  0x000007d0       0x98 ./objects/cmac.o
 .debug_ranges  0x00000868      0x1b0 ./objects/radio.o
 .debug_ranges  0x00000a18      0x1e8 ./objects/sx126x.o
 .debug_ranges  0x00000c00      0x158 ./objects/rtc-board.o
 .debug_ranges  0x00000d58      0x188 ./objects/sx1262-board.o
 .debug_ranges  0x00000ee0       0x40 ./objects/utilities.o
 .debug_ranges  0x00000f20      0x338 ./objects/loramac.o
 .debug_ranges  0x00001258       0x70 ./objects/loramacclassb.o
 .debug_ranges  0x000012c8      0x108 ./objects/loramacconfirmqueue.o
 .debug_ranges  0x000013d0       0x40 ./objects/loramaccrypto.o
 .debug_ranges  0x00001410       0xc8 ./objects/region.o
 .debug_ranges  0x000014d8      0x160 ./objects/regioncommon.o
 .debug_ranges  0x00001638      0x1a0 ./objects/regioncn470.o
 .debug_ranges  0x000017d8       0x90 ./objects/classa.o
 .debug_ranges  0x00001868       0x20 ./objects/main.o
 .debug_ranges  0x00001888       0x48 ./objects/tremo_it.o

.debug_line     0x00000000     0xf4f7
 .debug_line    0x00000000     0x10d2 ./objects/printf-stdarg.o
 .debug_line    0x000010d2      0x2a9 ./objects/system_cm4.o
 .debug_line    0x0000137b       0x88 ./objects/startup_cm4.o
 .debug_line    0x00001403      0x2d1 ./objects/tremo_delay.o
 .debug_line    0x000016d4      0x603 ./objects/tremo_gpio.o
 .debug_line    0x00001cd7      0x427 ./objects/tremo_pwr.o
 .debug_line    0x000020fe     0x11d5 ./objects/tremo_rcc.o
 .debug_line    0x000032d3      0xe2a ./objects/tremo_rtc.o
 .debug_line    0x000040fd      0x73d ./objects/tremo_uart.o
 .debug_line    0x0000483a      0x1a2 ./objects/delay.o
 .debug_line    0x000049dc      0x78e ./objects/timer.o
 .debug_line    0x0000516a      0x4e9 ./objects/cmac.o
 .debug_line    0x00005653      0xf73 ./objects/radio.o
 .debug_line    0x000065c6      0xec8 ./objects/sx126x.o
 .debug_line    0x0000748e      0x6b7 ./objects/rtc-board.o
 .debug_line    0x00007b45      0x91b ./objects/sx1262-board.o
 .debug_line    0x00008460      0x30c ./objects/utilities.o
 .debug_line    0x0000876c     0x33af ./objects/loramac.o
 .debug_line    0x0000bb1b      0x396 ./objects/loramacclassb.o
 .debug_line    0x0000beb1      0x679 ./objects/loramacconfirmqueue.o
 .debug_line    0x0000c52a      0x5a2 ./objects/loramaccrypto.o
 .debug_line    0x0000cacc      0x679 ./objects/region.o
 .debug_line    0x0000d145      0x7e9 ./objects/regioncommon.o
 .debug_line    0x0000d92e      0xe0f ./objects/regioncn470.o
 .debug_line    0x0000e73d      0x68f ./objects/classa.o
 .debug_line    0x0000edcc      0x36d ./objects/main.o
 .debug_line    0x0000f139      0x156 ./objects/tremo_it.o
 .debug_line    0x0000f28f      0x268 ../../../../../drivers/crypto/lib/libcrypto.a(aes.o)

.debug_str      0x00000000     0x993e
 .debug_str     0x00000000      0x7cf ./objects/printf-stdarg.o
                                0x8a3 (size before relaxing)
 .debug_str     0x000007cf      0x41a ./objects/system_cm4.o
                                0x69c (size before relaxing)
 .debug_str     0x00000be9       0x3b ./objects/startup_cm4.o
                                 0xb1 (size before relaxing)
 .debug_str     0x00000c24       0xe6 ./objects/tremo_delay.o
                                0x64d (size before relaxing)
 .debug_str     0x00000d0a      0x6a9 ./objects/tremo_gpio.o
                                0x933 (size before relaxing)
 .debug_str     0x000013b3       0xf1 ./objects/tremo_pwr.o
                                0x70a (size before relaxing)
 .debug_str     0x000014a4      0xef3 ./objects/tremo_rcc.o
                               0x15a4 (size before relaxing)
 .debug_str     0x00002397      0x878 ./objects/tremo_rtc.o
                               0x1310 (size before relaxing)
 .debug_str     0x00002c0f      0x4d8 ./objects/tremo_uart.o
                                0xff1 (size before relaxing)
 .debug_str     0x000030e7       0x2b ./objects/delay.o
                                0x28f (size before relaxing)
 .debug_str     0x00003112      0xa26 ./objects/timer.o
                               0x126f (size before relaxing)
 .debug_str     0x00003b38       0xab ./objects/cmac.o
                                0x6f2 (size before relaxing)
 .debug_str     0x00003be3      0xa21 ./objects/radio.o
                               0x1ad6 (size before relaxing)
 .debug_str     0x00004604      0x90d ./objects/sx126x.o
                               0x1dc1 (size before relaxing)
 .debug_str     0x00004f11      0x254 ./objects/rtc-board.o
                               0x13ca (size before relaxing)
 .debug_str     0x00005165       0xc7 ./objects/sx1262-board.o
                               0x19dc (size before relaxing)
 .debug_str     0x0000522c       0x4b ./objects/utilities.o
                                0x6d9 (size before relaxing)
 .debug_str     0x00005277     0x34e5 ./objects/loramac.o
                               0x425b (size before relaxing)
 .debug_str     0x0000875c       0xf4 ./objects/loramacclassb.o
                               0x2204 (size before relaxing)
 .debug_str     0x00008850      0x127 ./objects/loramacconfirmqueue.o
                                0xe2f (size before relaxing)
 .debug_str     0x00008977       0xdd ./objects/loramaccrypto.o
                                0x874 (size before relaxing)
 .debug_str     0x00008a54      0x3cf ./objects/region.o
                               0x1d6d (size before relaxing)
 .debug_str     0x00008e23      0x3cb ./objects/regioncommon.o
                                0xf4f (size before relaxing)
 .debug_str     0x000091ee      0x153 ./objects/regioncn470.o
                               0x1ee1 (size before relaxing)
 .debug_str     0x00009341      0x1bc ./objects/classa.o
                               0x1ff5 (size before relaxing)
 .debug_str     0x000094fd       0x75 ./objects/main.o
                                0xf4b (size before relaxing)
 .debug_str     0x00009572       0xfc ./objects/tremo_it.o
                                0x2ab (size before relaxing)
 .debug_str     0x0000966e      0x2d0 ../../../../../drivers/crypto/lib/libcrypto.a(aes.o)
                                0x74e (size before relaxing)

.comment        0x00000000       0xc5
 .comment       0x00000000       0x4c ./objects/printf-stdarg.o
                                 0x4d (size before relaxing)
 .comment       0x0000004c       0x4d ./objects/system_cm4.o
 .comment       0x0000004c       0x4d ./objects/tremo_delay.o
 .comment       0x0000004c       0x4d ./objects/tremo_gpio.o
 .comment       0x0000004c       0x4d ./objects/tremo_pwr.o
 .comment       0x0000004c       0x4d ./objects/tremo_rcc.o
 .comment       0x0000004c       0x4d ./objects/tremo_rtc.o
 .comment       0x0000004c       0x4d ./objects/tremo_uart.o
 .comment       0x0000004c       0x4d ./objects/delay.o
 .comment       0x0000004c       0x4d ./objects/timer.o
 .comment       0x0000004c       0x4d ./objects/cmac.o
 .comment       0x0000004c       0x4d ./objects/radio.o
 .comment       0x0000004c       0x4d ./objects/sx126x.o
 .comment       0x0000004c       0x4d ./objects/rtc-board.o
 .comment       0x0000004c       0x4d ./objects/sx1262-board.o
 .comment       0x0000004c       0x4d ./objects/utilities.o
 .comment       0x0000004c       0x4d ./objects/loramac.o
 .comment       0x0000004c       0x4d ./objects/loramacclassb.o
 .comment       0x0000004c       0x4d ./objects/loramacconfirmqueue.o
 .comment       0x0000004c       0x4d ./objects/loramaccrypto.o
 .comment       0x0000004c       0x4d ./objects/region.o
 .comment       0x0000004c       0x4d ./objects/regioncommon.o
 .comment       0x0000004c       0x4d ./objects/regioncn470.o
 .comment       0x0000004c       0x4d ./objects/classa.o
 .comment       0x0000004c       0x4d ./objects/main.o
 .comment       0x0000004c       0x4d ./objects/tremo_it.o
 .comment       0x0000004c       0x79 ../../../../../drivers/crypto/lib/libcrypto.a(aes.o)
                                 0x7a (size before relaxing)

.debug_frame    0x00000000     0x317c
 .debug_frame   0x00000000      0x2a4 ./objects/printf-stdarg.o
 .debug_frame   0x000002a4       0x3c ./objects/system_cm4.o
 .debug_frame   0x000002e0       0x54 ./objects/tremo_delay.o
 .debug_frame   0x00000334      0x10c ./objects/tremo_gpio.o
 .debug_frame   0x00000440       0xa8 ./objects/tremo_pwr.o
 .debug_frame   0x000004e8      0x2d8 ./objects/tremo_rcc.o
 .debug_frame   0x000007c0      0x318 ./objects/tremo_rtc.o
 .debug_frame   0x00000ad8      0x138 ./objects/tremo_uart.o
 .debug_frame   0x00000c10       0x30 ./objects/delay.o
 .debug_frame   0x00000c40      0x184 ./objects/timer.o
 .debug_frame   0x00000dc4       0x8c ./objects/cmac.o
 .debug_frame   0x00000e50      0x3f0 ./objects/radio.o
 .debug_frame   0x00001240      0x4c0 ./objects/sx126x.o
 .debug_frame   0x00001700      0x15c ./objects/rtc-board.o
 .debug_frame   0x0000185c      0x254 ./objects/sx1262-board.o
 .debug_frame   0x00001ab0       0x8c ./objects/utilities.o
 .debug_frame   0x00001b3c      0x4dc ./objects/loramac.o
 .debug_frame   0x00002018      0x1f0 ./objects/loramacclassb.o
 .debug_frame   0x00002208      0x124 ./objects/loramacconfirmqueue.o
 .debug_frame   0x0000232c      0x100 ./objects/loramaccrypto.o
 .debug_frame   0x0000242c      0x200 ./objects/region.o
 .debug_frame   0x0000262c      0x188 ./objects/regioncommon.o
 .debug_frame   0x000027b4      0x2b0 ./objects/regioncn470.o
 .debug_frame   0x00002a64       0xe4 ./objects/classa.o
 .debug_frame   0x00002b48       0x60 ./objects/main.o
 .debug_frame   0x00002ba8       0xc0 ./objects/tremo_it.o