Archive member included to satisfy reference by file (symbol)

../../../../../drivers/crypto/lib/libcrypto.a(aes.o)
                              ./objects/cmac.o (aes_init)
d:/toolchain/gcc-arm-none-eabi-9-2020-q2-update-win32/bin/../lib/gcc/arm-none-eabi/9.3.1/thumb/v7e-m/nofp\libgcc.a(_arm_muldf3.o)
                              ./objects/printf-stdarg.o (__aeabi_dmul)
d:/toolchain/gcc-arm-none-eabi-9-2020-q2-update-win32/bin/../lib/gcc/arm-none-eabi/9.3.1/thumb/v7e-m/nofp\libgcc.a(_arm_addsubdf3.o)
                              ./objects/printf-stdarg.o (__aeabi_dsub)
d:/toolchain/gcc-arm-none-eabi-9-2020-q2-update-win32/bin/../lib/gcc/arm-none-eabi/9.3.1/thumb/v7e-m/nofp\libgcc.a(_arm_muldivdf3.o)
                              ./objects/printf-stdarg.o (__aeabi_ddiv)
d:/toolchain/gcc-arm-none-eabi-9-2020-q2-update-win32/bin/../lib/gcc/arm-none-eabi/9.3.1/thumb/v7e-m/nofp\libgcc.a(_arm_cmpdf2.o)
                              ./objects/printf-stdarg.o (__aeabi_dcmpeq)
d:/toolchain/gcc-arm-none-eabi-9-2020-q2-update-win32/bin/../lib/gcc/arm-none-eabi/9.3.1/thumb/v7e-m/nofp\libgcc.a(_arm_fixdfsi.o)
                              ./objects/printf-stdarg.o (__aeabi_d2iz)
d:/toolchain/gcc-arm-none-eabi-9-2020-q2-update-win32/bin/../lib/gcc/arm-none-eabi/9.3.1/thumb/v7e-m/nofp\libgcc.a(_arm_fixunsdfsi.o)
                              ./objects/printf-stdarg.o (__aeabi_d2uiz)
d:/toolchain/gcc-arm-none-eabi-9-2020-q2-update-win32/bin/../lib/gcc/arm-none-eabi/9.3.1/thumb/v7e-m/nofp\libgcc.a(_aeabi_uldivmod.o)
                              ./objects/printf-stdarg.o (__aeabi_uldivmod)
d:/toolchain/gcc-arm-none-eabi-9-2020-q2-update-win32/bin/../lib/gcc/arm-none-eabi/9.3.1/thumb/v7e-m/nofp\libgcc.a(_fixunsdfdi.o)
                              ./objects/rtc-board.o (__aeabi_d2ulz)
d:/toolchain/gcc-arm-none-eabi-9-2020-q2-update-win32/bin/../lib/gcc/arm-none-eabi/9.3.1/thumb/v7e-m/nofp\libgcc.a(_udivmoddi4.o)
                              d:/toolchain/gcc-arm-none-eabi-9-2020-q2-update-win32/bin/../lib/gcc/arm-none-eabi/9.3.1/thumb/v7e-m/nofp\libgcc.a(_aeabi_uldivmod.o) (__udivmoddi4)
d:/toolchain/gcc-arm-none-eabi-9-2020-q2-update-win32/bin/../lib/gcc/arm-none-eabi/9.3.1/thumb/v7e-m/nofp\libgcc.a(_dvmd_tls.o)
                              d:/toolchain/gcc-arm-none-eabi-9-2020-q2-update-win32/bin/../lib/gcc/arm-none-eabi/9.3.1/thumb/v7e-m/nofp\libgcc.a(_aeabi_uldivmod.o) (__aeabi_ldiv0)
d:/toolchain/gcc-arm-none-eabi-9-2020-q2-update-win32/bin/../lib/gcc/arm-none-eabi/9.3.1/../../../../arm-none-eabi/lib/thumb/v7e-m/nofp\libc.a(lib_a-exit.o)
                              d:/toolchain/gcc-arm-none-eabi-9-2020-q2-update-win32/bin/../lib/gcc/arm-none-eabi/9.3.1/../../../../arm-none-eabi/lib/thumb/v7e-m/nofp/crt0.o (exit)
d:/toolchain/gcc-arm-none-eabi-9-2020-q2-update-win32/bin/../lib/gcc/arm-none-eabi/9.3.1/../../../../arm-none-eabi/lib/thumb/v7e-m/nofp\libc.a(lib_a-impure.o)
                              d:/toolchain/gcc-arm-none-eabi-9-2020-q2-update-win32/bin/../lib/gcc/arm-none-eabi/9.3.1/../../../../arm-none-eabi/lib/thumb/v7e-m/nofp\libc.a(lib_a-exit.o) (_global_impure_ptr)
d:/toolchain/gcc-arm-none-eabi-9-2020-q2-update-win32/bin/../lib/gcc/arm-none-eabi/9.3.1/../../../../arm-none-eabi/lib/thumb/v7e-m/nofp\libc.a(lib_a-init.o)
                              d:/toolchain/gcc-arm-none-eabi-9-2020-q2-update-win32/bin/../lib/gcc/arm-none-eabi/9.3.1/../../../../arm-none-eabi/lib/thumb/v7e-m/nofp/crt0.o (__libc_init_array)
d:/toolchain/gcc-arm-none-eabi-9-2020-q2-update-win32/bin/../lib/gcc/arm-none-eabi/9.3.1/../../../../arm-none-eabi/lib/thumb/v7e-m/nofp\libc.a(lib_a-memcpy.o)
                              ./objects/ra08kitloratest.o (memcpy)
d:/toolchain/gcc-arm-none-eabi-9-2020-q2-update-win32/bin/../lib/gcc/arm-none-eabi/9.3.1/../../../../arm-none-eabi/lib/thumb/v7e-m/nofp\libc.a(lib_a-memset.o)
                              d:/toolchain/gcc-arm-none-eabi-9-2020-q2-update-win32/bin/../lib/gcc/arm-none-eabi/9.3.1/../../../../arm-none-eabi/lib/thumb/v7e-m/nofp/crt0.o (memset)
d:/toolchain/gcc-arm-none-eabi-9-2020-q2-update-win32/bin/../lib/gcc/arm-none-eabi/9.3.1/../../../../arm-none-eabi/lib/thumb/v7e-m/nofp\libc.a(lib_a-strlen.o)
                              ./objects/ra08kitloratest.o (strlen)
d:/toolchain/gcc-arm-none-eabi-9-2020-q2-update-win32/bin/../lib/gcc/arm-none-eabi/9.3.1/../../../../arm-none-eabi/lib/thumb/v7e-m/nofp\libc.a(lib_a-__call_atexit.o)
                              d:/toolchain/gcc-arm-none-eabi-9-2020-q2-update-win32/bin/../lib/gcc/arm-none-eabi/9.3.1/../../../../arm-none-eabi/lib/thumb/v7e-m/nofp\libc.a(lib_a-exit.o) (__call_exitprocs)
d:/toolchain/gcc-arm-none-eabi-9-2020-q2-update-win32/bin/../lib/gcc/arm-none-eabi/9.3.1/../../../../arm-none-eabi/lib/thumb/v7e-m/nofp\libc.a(lib_a-atexit.o)
[...]
Memory Configuration

Name             Origin             Length             Attributes
FLASH            0x08000000         0x00020000         xr
RAM              0x20000000         0x00004000         xrw
*default*        0x00000000         0xffffffff

Linker script and memory map

LOAD d:/toolchain/gcc-arm-none-eabi-9-2020-q2-update-win32/bin/../lib/gcc/arm-none-eabi/9.3.1/thumb/v7e-m/nofp/crti.o
LOAD d:/toolchain/gcc-arm-none-eabi-9-2020-q2-update-win32/bin/../lib/gcc/arm-none-eabi/9.3.1/thumb/v7e-m/nofp/crtbegin.o
LOAD d:/toolchain/gcc-arm-none-eabi-9-2020-q2-update-win32/bin/../lib/gcc/arm-none-eabi/9.3.1/../../../../arm-none-eabi/lib/thumb/v7e-m/nofp/crt0.o
LOAD ./objects/printf-stdarg.o
LOAD ./objects/system_cm4.o
LOAD ./objects/startup_cm4.o
LOAD ./objects/tremo_adc.o
LOAD ./objects/tremo_bstimer.o
LOAD ./objects/tremo_crc.o
LOAD ./objects/tremo_dac.o
LOAD ./objects/tremo_delay.o
LOAD ./objects/tremo_dma.o
LOAD ./objects/tremo_flash.o
LOAD ./objects/tremo_gpio.o
LOAD ./objects/tremo_i2c.o
LOAD ./objects/tremo_i2s.o
LOAD ./objects/tremo_iwdg.o
LOAD ./objects/tremo_lcd.o
LOAD ./objects/tremo_lptimer.o
LOAD ./objects/tremo_lpuart.o
LOAD ./objects/tremo_pwr.o
LOAD ./objects/tremo_rcc.o
LOAD ./objects/tremo_rtc.o
LOAD ./objects/tremo_spi.o
LOAD ./objects/tremo_system.o
LOAD ./objects/tremo_timer.o
LOAD ./objects/tremo_uart.o
LOAD ./objects/tremo_wdg.o
LOAD ./objects/delay.o
LOAD ./objects/timer.o
LOAD ./objects/cmac.o
LOAD ./objects/radio.o
LOAD ./objects/sx126x.o
LOAD ./objects/rtc-board.o
LOAD ./objects/sx1262-board.o
LOAD ./objects/utilities.o
LOAD ./objects/main.o
LOAD ./objects/tremo_it.o
LOAD ./objects/uart.o
LOAD ./objects/rtc.o
LOAD ./objects/sht20.o
LOAD ./objects/ra08kitloratest.o
LOAD ../../../../../drivers/crypto/lib/libcrypto.a
START GROUP
LOAD d:/toolchain/gcc-arm-none-eabi-9-2020-q2-update-win32/bin/../lib/gcc/arm-none-eabi/9.3.1/thumb/v7e-m/nofp\libgcc.a
LOAD d:/toolchain/gcc-arm-none-eabi-9-2020-q2-update-win32/bin/../lib/gcc/arm-none-eabi/9.3.1/../../../../arm-none-eabi/lib/thumb/v7e-m/nofp\libc.a
END GROUP
LOAD d:/toolchain/gcc-arm-none-eabi-9-2020-q2-update-win32/bin/../lib/gcc/arm-none-eabi/9.3.1/thumb/v7e-m/nofp/crtend.o
LOAD d:/toolchain/gcc-arm-none-eabi-9-2020-q2-update-win32/bin/../lib/gcc/arm-none-eabi/9.3.1/thumb/v7e-m/nofp/crtn.o
                0x20004000                _estack = 0x20004000
                0x00000000                _HEAP_SIZE = 0x0
                0x00001000                _STACK_SIZE = 0x1000

.isr_vector     0x08000000       0xd4
                0x08000000                . = ALIGN (0x4)
 *(.isr_vector)
 .isr_vector    0x08000000       0xd4 ./objects/startup_cm4.o
                0x08000000                g_pfnVectors
                0x080000d4                . = ALIGN (0x4)

.text           0x080000d8     0x2f30
                0x080000d8                . = ALIGN (0x4)
 *(.text)
 .text          0x080000d8       0x40 d:/toolchain/gcc-arm-none-eabi-9-2020-q2-update-win32/bin/../lib/gcc/arm-none-eabi/9.3.1/thumb/v7e-m/nofp/crtbegin.o
 .text          0x08000118      0x378 d:/toolchain/gcc-arm-none-eabi-9-2020-q2-update-win32/bin/../lib/gcc/arm-none-eabi/9.3.1/thumb/v7e-m/nofp\libgcc.a(_arm_addsubdf3.o)
                0x08000118                __aeabi_drsub
                0x08000120                __aeabi_dsub
                0x08000120                __subdf3
                0x08000124                __aeabi_dadd
                0x08000124                __adddf3
                0x0800039c                __floatunsidf
                0x0800039c                __aeabi_ui2d
                0x080003bc                __floatsidf
                0x080003bc                __aeabi_i2d
                0x080003e0                __aeabi_f2d
                0x080003e0                __extendsfdf2
                0x08000424                __floatundidf
                0x08000424                __aeabi_ul2d
                0x08000434                __floatdidf
                0x08000434                __aeabi_l2d
 .text          0x08000490      0x424 d:/toolchain/gcc-arm-none-eabi-9-2020-q2-update-win32/bin/../lib/gcc/arm-none-eabi/9.3.1/thumb/v7e-m/nofp\libgcc.a(_arm_muldivdf3.o)
                0x08000490                __aeabi_dmul
                0x08000490                __muldf3
                0x080006e4                __divdf3
                0x080006e4                __aeabi_ddiv
 .text          0x080008b4      0x110 d:/toolchain/gcc-arm-none-eabi-9-2020-q2-update-win32/bin/../lib/gcc/arm-none-eabi/9.3.1/thumb/v7e-m/nofp\libgcc.a(_arm_cmpdf2.o)
                0x080008b4                __gtdf2
                0x080008b4                __gedf2
                0x080008bc                __ltdf2
                0x080008bc                __ledf2
                0x080008c4                __nedf2
                0x080008c4                __eqdf2
                0x080008c4                __cmpdf2
                0x08000940                __aeabi_cdrcmple
                0x08000950                __aeabi_cdcmpeq
                0x08000950                __aeabi_cdcmple
                0x08000960                __aeabi_dcmpeq
                0x08000974                __aeabi_dcmplt
                0x08000988                __aeabi_dcmple
                0x0800099c                __aeabi_dcmpge
                0x080009b0                __aeabi_dcmpgt
 .text          0x080009c4       0x50 d:/toolchain/gcc-arm-none-eabi-9-2020-q2-update-win32/bin/../lib/gcc/arm-none-eabi/9.3.1/thumb/v7e-m/nofp\libgcc.a(_arm_fixdfsi.o)
                0x080009c4                __aeabi_d2iz
                0x080009c4                __fixdfsi
 .text          0x08000a14       0x40 d:/toolchain/gcc-arm-none-eabi-9-2020-q2-update-win32/bin/../lib/gcc/arm-none-eabi/9.3.1/thumb/v7e-m/nofp\libgcc.a(_arm_fixunsdfsi.o)
                0x08000a14                __aeabi_d2uiz
                0x08000a14                __fixunsdfsi
 .text          0x08000a54       0x30 d:/toolchain/gcc-arm-none-eabi-9-2020-q2-update-win32/bin/../lib/gcc/arm-none-eabi/9.3.1/thumb/v7e-m/nofp\libgcc.a(_aeabi_uldivmod.o)
                0x08000a54                __aeabi_uldivmod
 .text          0x08000a84      0x2c0 d:/toolchain/gcc-arm-none-eabi-9-2020-q2-update-win32/bin/../lib/gcc/arm-none-eabi/9.3.1/thumb/v7e-m/nofp\libgcc.a(_udivmoddi4.o)
                0x08000a84                __udivmoddi4
 .text          0x08000d44        0x4 d:/toolchain/gcc-arm-none-eabi-9-2020-q2-update-win32/bin/../lib/gcc/arm-none-eabi/9.3.1/thumb/v7e-m/nofp\libgcc.a(_dvmd_tls.o)
                0x08000d44                __aeabi_idiv0
                0x08000d44                __aeabi_ldiv0
 *(.text*)
 .text._out_null
                0x08000d48        0x2 ./objects/printf-stdarg.o
 .text._out_rev
                0x08000d4a       0x96 ./objects/printf-stdarg.o
 .text._ntoa_format
                0x08000de0      0x10a ./objects/printf-stdarg.o
 .text._ntoa_long
                0x08000eea       0x82 ./objects/printf-stdarg.o
 .text._ntoa_long_long
                0x08000f6c       0xa6 ./objects/printf-stdarg.o
 *fill*         0x08001012        0x2 
 .text._out_char
                0x08001014       0x10 ./objects/printf-stdarg.o
 *fill*         0x08001024        0x4 
 .text._ftoa    0x08001028      0x32c ./objects/printf-stdarg.o
 *fill*         0x08001354        0x4 
 .text._etoa    0x08001358      0x3b8 ./objects/printf-stdarg.o
 .text._vsnprintf
                0x08001710      0x550 ./objects/printf-stdarg.o
 .text.__wrap_printf
                0x08001c60       0x28 ./objects/printf-stdarg.o
                0x08001c60                __wrap_printf
 .text.nvic_init
                0x08001c88       0x24 ./objects/system_cm4.o
                0x08001c88                nvic_init
 .text.system_init
                0x08001cac       0x44 ./objects/system_cm4.o
                0x08001cac                system_init
 .text.Reset_Handler
                0x08001cf0       0x48 ./objects/startup_cm4.o
                0x08001cf0                Reset_Handler
 .text.Default_Handler
                0x08001d38        0x2 ./objects/startup_cm4.o
                0x08001d38                SCC_IRQHandler
                0x08001d38                TIMER2_IRQHandler
                0x08001d38                EFC_IRQHandler
                0x08001d38                I2C0_IRQHandler
                0x08001d38                SAC_IRQHandler
                0x08001d38                I2C1_IRQHandler
                0x08001d38                UART1_IRQHandler
                0x08001d38                BSTIMER0_IRQHandler
                0x08001d38                TIMER3_IRQHandler
                0x08001d38                UART0_IRQHandler
                0x08001d38                SEC_IRQHandler
                0x08001d38                WDG_IRQHandler
                0x08001d38                LPTIMER1_IRQHandler
                0x08001d38                LPTIMER0_IRQHandler
                0x08001d38                SSP0_IRQHandler
                0x08001d38                I2S_IRQHandler
                0x08001d38                I2C2_IRQHandler
                0x08001d38                TIMER0_IRQHandler
                0x08001d38                LCD_IRQHandler
                0x08001d38                LPUART_IRQHandler
                0x08001d38                TIMER1_IRQHandler
                0x08001d38                UART2_IRQHandler
                0x08001d38                Default_Handler
                0x08001d38                ADC_IRQHandler
                0x08001d38                SSP1_IRQHandler
                0x08001d38                DMA0_IRQHandler
                0x08001d38                IWDG_IRQHandler
                0x08001d38                SSP2_IRQHandler
                0x08001d38                BSTIMER1_IRQHandler
                0x08001d38                DAC_IRQHandler
                0x08001d38                AFEC_IRQHandler
                0x08001d38                UART3_IRQHandler
                0x08001d38                QSPI_IRQHandler
                0x08001d38                DMA1_IRQHandler
 *fill*         0x08001d3a        0x2 
 .text.delay_init
                0x08001d3c       0x48 ./objects/tremo_delay.o
                0x08001d3c                delay_init
 .text.delay_us
                0x08001d84       0x30 ./objects/tremo_delay.o
                0x08001d84                delay_us
 .text.flash_erase_page
                0x08001db4       0x64 ./objects/tremo_flash.o
                0x08001db4                flash_erase_page
 .text.flash_program_bytes
                0x08001e18       0xb4 ./objects/tremo_flash.o
                0x08001e18                flash_program_bytes
 .text.gpio_init
                0x08001ecc      0x128 ./objects/tremo_gpio.o
                0x08001ecc                gpio_init
 .text.gpio_clear_interrupt
                0x08001ff4       0x10 ./objects/tremo_gpio.o
                0x08001ff4                gpio_clear_interrupt
 .text.gpio_get_interrupt_status
                0x08002004       0x14 ./objects/tremo_gpio.o
                0x08002004                gpio_get_interrupt_status
 .text.gpio_set_iomux
                0x08002018       0x40 ./objects/tremo_gpio.o
                0x08002018                gpio_set_iomux
 .text.i2c_deinit
                0x08002058       0x3c ./objects/tremo_i2c.o
                0x08002058                i2c_deinit
 .text.i2c_config_init
                0x08002094        0x8 ./objects/tremo_i2c.o
                0x08002094                i2c_config_init
 .text.i2c_init
                0x0800209c       0xa0 ./objects/tremo_i2c.o
                0x0800209c                i2c_init
 .text.i2c_cmd  0x0800213c       0x22 ./objects/tremo_i2c.o
                0x0800213c                i2c_cmd
 *fill*         0x0800215e        0x2 
 .text.rcc_get_clk_freq
                0x08002160       0x9c ./objects/tremo_rcc.o
                0x08002160                rcc_get_clk_freq
 .text.rcc_get_uart0_clk_source
                0x080021fc        0xc ./objects/tremo_rcc.o
                0x080021fc                rcc_get_uart0_clk_source
 .text.rcc_get_uart1_clk_source
                0x08002208        0xc ./objects/tremo_rcc.o
                0x08002208                rcc_get_uart1_clk_source
 .text.rcc_get_uart2_clk_source
                0x08002214        0xc ./objects/tremo_rcc.o
                0x08002214                rcc_get_uart2_clk_source
 .text.rcc_get_uart3_clk_source
                0x08002220        0xc ./objects/tremo_rcc.o
                0x08002220                rcc_get_uart3_clk_source
 .text.rcc_get_rtc_clk_source
                0x0800222c        0xc ./objects/tremo_rcc.o
                0x0800222c                rcc_get_rtc_clk_source
 .text.rcc_enable_peripheral_clk
                0x08002238      0x4b4 ./objects/tremo_rcc.o
                0x08002238                rcc_enable_peripheral_clk
 .text.rcc_enable_oscillator
                0x080026ec       0xfc ./objects/tremo_rcc.o
                0x080026ec                rcc_enable_oscillator
 .text.rcc_rst_peripheral
                0x080027e8       0x4a ./objects/tremo_rcc.o
                0x080027e8                rcc_rst_peripheral
 *fill*         0x08002832        0x2 
 .text.rtc_check_syn
                0x08002834       0x14 ./objects/tremo_rtc.o
                0x08002834                rtc_check_syn
 .text.rtc_calendar_cmd
                0x08002848       0x20 ./objects/tremo_rtc.o
                0x08002848                rtc_calendar_cmd
 .text.rtc_set_calendar
                0x08002868       0xc4 ./objects/tremo_rtc.o
                0x08002868                rtc_set_calendar
 .text.rtc_get_calendar
                0x0800292c       0xdc ./objects/tremo_rtc.o
                0x0800292c                rtc_get_calendar
 .text.uart_send_data
                0x08002a08        0xa ./objects/tremo_uart.o
                0x08002a08                uart_send_data
 .text.uart_config_init
                0x08002a12       0x16 ./objects/tremo_uart.o
                0x08002a12                uart_config_init
 .text.uart_cmd
                0x08002a28       0x12 ./objects/tremo_uart.o
                0x08002a28                uart_cmd
 *fill*         0x08002a3a        0x2 
 .text.uart_init
                0x08002a3c      0x140 ./objects/tremo_uart.o
                0x08002a3c                uart_init
 .text.RadioOnDioIrq
                0x08002b7c       0x24 ./objects/radio.o
                0x08002b7c                RadioOnDioIrq
 .text.SX126xCheckDeviceReady
                0x08002ba0       0x38 ./objects/sx126x.o
                0x08002ba0                SX126xCheckDeviceReady
 .text.SX126xGetIrqStatus
                0x08002bd8       0x1e ./objects/sx126x.o
                0x08002bd8                SX126xGetIrqStatus
 .text.SX126xClearIrqStatus
                0x08002bf6       0x18 ./objects/sx126x.o
                0x08002bf6                SX126xClearIrqStatus
 *fill*         0x08002c0e        0x2 
 .text.SpiInOut
                0x08002c10       0x18 ./objects/sx1262-board.o
                0x08002c10                SpiInOut
 .text.SX126xWaitOnBusy
                0x08002c28       0x18 ./objects/sx1262-board.o
                0x08002c28                SX126xWaitOnBusy
 .text.SX126xWakeup
                0x08002c40       0x30 ./objects/sx1262-board.o
                0x08002c40                SX126xWakeup
 .text.SX126xWriteCommand
                0x08002c70       0x44 ./objects/sx1262-board.o
                0x08002c70                SX126xWriteCommand
 .text.SX126xReadCommand
                0x08002cb4       0x48 ./objects/sx1262-board.o
                0x08002cb4                SX126xReadCommand
 .text.SX126xAntSwOn
                0x08002cfc       0x10 ./objects/sx1262-board.o
                0x08002cfc                SX126xAntSwOn
 .text.SX126xAntSwOff
                0x08002d0c       0x10 ./objects/sx1262-board.o
                0x08002d0c                SX126xAntSwOff
 .text.init     0x08002d1c       0x14 ./objects/main.o
                0x08002d1c                init
 .text.mencpy23
                0x08002d30       0x58 ./objects/main.o
                0x08002d30                mencpy23
 .text.startup.main
                0x08002d88       0x18 ./objects/main.o
                0x08002d88                main
 .text.NMI_Handler
                0x08002da0        0x2 ./objects/tremo_it.o
                0x08002da0                NMI_Handler
 .text.HardFault_Handler
                0x08002da2        0x2 ./objects/tremo_it.o
                0x08002da2                HardFault_Handler
 .text.MemManage_Handler
                0x08002da4        0x2 ./objects/tremo_it.o
                0x08002da4                MemManage_Handler
 .text.BusFault_Handler
                0x08002da6        0x2 ./objects/tremo_it.o
                0x08002da6                BusFault_Handler
 .text.UsageFault_Handler
                0x08002da8        0x2 ./objects/tremo_it.o
                0x08002da8                UsageFault_Handler
 .text.SVC_Handler
                0x08002daa        0x2 ./objects/tremo_it.o
                0x08002daa                SVC_Handler
 .text.PendSV_Handler
                0x08002dac        0x2 ./objects/tremo_it.o
                0x08002dac                PendSV_Handler
 .text.SysTick_Handler
                0x08002dae        0x2 ./objects/tremo_it.o
                0x08002dae                SysTick_Handler
 .text.PWR_IRQHandler
                0x08002db0        0x2 ./objects/tremo_it.o
                0x08002db0                PWR_IRQHandler
 .text.LORA_IRQHandler
                0x08002db2        0x4 ./objects/tremo_it.o
                0x08002db2                LORA_IRQHandler
 .text.RTC_IRQHandler
                0x08002db6        0x2 ./objects/tremo_it.o
                0x08002db6                RTC_IRQHandler
 .text.GPIO_IRQHandler
                0x08002db8       0x34 ./objects/tremo_it.o
                0x08002db8                GPIO_IRQHandler
 .text.uart_log_init
                0x08002dec       0x50 ./objects/uart.o
                0x08002dec                uart_log_init
 .text.rtc_timestamp
                0x08002e3c       0x32 ./objects/rtc.o
                0x08002e3c                rtc_timestamp
 *fill*         0x08002e6e        0x2 
 .text.my_i2c_init
                0x08002e70       0x58 ./objects/sht20.o
                0x08002e70                my_i2c_init
 .text.__libc_init_array
                0x08002ec8       0x48 d:/toolchain/gcc-arm-none-eabi-9-2020-q2-update-win32/bin/../lib/gcc/arm-none-eabi/9.3.1/../../../../arm-none-eabi/lib/thumb/v7e-m/nofp\libc.a(lib_a-init.o)
                0x08002ec8                __libc_init_array
 .text.startup.register_fini
                0x08002f10       0x14 d:/toolchain/gcc-arm-none-eabi-9-2020-q2-update-win32/bin/../lib/gcc/arm-none-eabi/9.3.1/../../../../arm-none-eabi/lib/thumb/v7e-m/nofp\libc.a(lib_a-__call_atexit.o)
 .text.atexit   0x08002f24        0xc d:/toolchain/gcc-arm-none-eabi-9-2020-q2-update-win32/bin/../lib/gcc/arm-none-eabi/9.3.1/../../../../arm-none-eabi/lib/thumb/v7e-m/nofp\libc.a(lib_a-atexit.o)
                0x08002f24                atexit
 .text.__libc_fini_array
                0x08002f30       0x2c d:/toolchain/gcc-arm-none-eabi-9-2020-q2-update-win32/bin/../lib/gcc/arm-none-eabi/9.3.1/../../../../arm-none-eabi/lib/thumb/v7e-m/nofp\libc.a(lib_a-fini.o)
                0x08002f30                __libc_fini_array
 .text.__retarget_lock_acquire_recursive
                0x08002f5c        0x4 d:/toolchain/gcc-arm-none-eabi-9-2020-q2-update-win32/bin/../lib/gcc/arm-none-eabi/9.3.1/../../../../arm-none-eabi/lib/thumb/v7e-m/nofp\libc.a(lib_a-lock.o)
                0x08002f5c                __retarget_lock_acquire_recursive
 .text.__retarget_lock_release_recursive
                0x08002f60        0x4 d:/toolchain/gcc-arm-none-eabi-9-2020-q2-update-win32/bin/../lib/gcc/arm-none-eabi/9.3.1/../../../../arm-none-eabi/lib/thumb/v7e-m/nofp\libc.a(lib_a-lock.o)
                0x08002f60                __retarget_lock_release_recursive
 .text.__register_exitproc
                0x08002f64       0x8c d:/toolchain/gcc-arm-none-eabi-9-2020-q2-update-win32/bin/../lib/gcc/arm-none-eabi/9.3.1/../../../../arm-none-eabi/lib/thumb/v7e-m/nofp\libc.a(lib_a-__atexit.o)
                0x08002f64                __register_exitproc
 *(.glue_7)
 .glue_7        0x08002ff0        0x0 linker stubs
 *(.glue_7t)
 .glue_7t       0x08002ff0        0x0 linker stubs
 *(.eh_frame)
 .eh_frame      0x08002ff0        0x0 d:/toolchain/gcc-arm-none-eabi-9-2020-q2-update-win32/bin/../lib/gcc/arm-none-eabi/9.3.1/thumb/v7e-m/nofp/crtbegin.o
 *(.init)
 .init          0x08002ff0        0x4 d:/toolchain/gcc-arm-none-eabi-9-2020-q2-update-win32/bin/../lib/gcc/arm-none-eabi/9.3.1/thumb/v7e-m/nofp/crti.o
                0x08002ff0                _init
 .init          0x08002ff4        0x8 d:/toolchain/gcc-arm-none-eabi-9-2020-q2-update-win32/bin/../lib/gcc/arm-none-eabi/9.3.1/thumb/v7e-m/nofp/crtn.o
 *(.fini)
 .fini          0x08002ffc        0x4 d:/toolchain/gcc-arm-none-eabi-9-2020-q2-update-win32/bin/../lib/gcc/arm-none-eabi/9.3.1/thumb/v7e-m/nofp/crti.o
                0x08002ffc                _fini
 .fini          0x08003000        0x8 d:/toolchain/gcc-arm-none-eabi-9-2020-q2-update-win32/bin/../lib/gcc/arm-none-eabi/9.3.1/thumb/v7e-m/nofp/crtn.o
                0x08003008                . = ALIGN (0x4)
                0x08003008                _etext = .

.vfp11_veneer   0x08003008        0x0
 .vfp11_veneer  0x08003008        0x0 linker stubs

.v4_bx          0x08003008        0x0
 .v4_bx         0x08003008        0x0 linker stubs

.iplt           0x08003008        0x0
 .iplt          0x08003008        0x0 d:/toolchain/gcc-arm-none-eabi-9-2020-q2-update-win32/bin/../lib/gcc/arm-none-eabi/9.3.1/thumb/v7e-m/nofp/crtbegin.o

.rodata         0x08003008       0xd0
                0x08003008                . = ALIGN (0x4)
 *(.rodata)
 .rodata        0x08003008       0x50 ./objects/printf-stdarg.o
 .rodata        0x08003058        0xc ./objects/tremo_uart.o
 .rodata        0x08003064       0x10 ./objects/tremo_it.o
 *(.rodata*)
 .rodata.str1.1
                0x08003074       0x19 ./objects/printf-stdarg.o
 .rodata.str1.1
                0x0800308d       0x36 ./objects/main.o
 .rodata.str1.1
                0x080030c3       0x11 ./objects/tremo_it.o
 .rodata._global_impure_ptr
                0x080030d4        0x4 d:/toolchain/gcc-arm-none-eabi-9-2020-q2-update-win32/bin/../lib/gcc/arm-none-eabi/9.3.1/../../../../arm-none-eabi/lib/thumb/v7e-m/nofp\libc.a(lib_a-impure.o)
                0x080030d4                _global_impure_ptr
                0x080030d8                . = ALIGN (0x4)

.ARM.extab
 *(.ARM.extab* .gnu.linkonce.armextab.*)

.ARM            0x080030d8        0x8
                0x080030d8                __exidx_start = .
 *(.ARM.exidx*)
 .ARM.exidx     0x080030d8        0x8 d:/toolchain/gcc-arm-none-eabi-9-2020-q2-update-win32/bin/../lib/gcc/arm-none-eabi/9.3.1/thumb/v7e-m/nofp\libgcc.a(_udivmoddi4.o)
                0x080030e0                __exidx_end = .

.rel.dyn        0x080030e0        0x0
 .rel.iplt      0x080030e0        0x0 d:/toolchain/gcc-arm-none-eabi-9-2020-q2-update-win32/bin/../lib/gcc/arm-none-eabi/9.3.1/thumb/v7e-m/nofp/crtbegin.o

.preinit_array  0x080030e0        0x0
                0x080030e0                PROVIDE (__preinit_array_start = .)
 *(.preinit_array*)
                0x080030e0                PROVIDE (__preinit_array_end = .)

.init_array     0x080030e0        0x8
                0x080030e0                PROVIDE (__init_array_start = .)
 *(SORT_BY_NAME(.init_array.*))
 .init_array.00000
                0x080030e0        0x4 d:/toolchain/gcc-arm-none-eabi-9-2020-q2-update-win32/bin/../lib/gcc/arm-none-eabi/9.3.1/../../../../arm-none-eabi/lib/thumb/v7e-m/nofp\libc.a(lib_a-__call_atexit.o)
 *(.init_array*)
 .init_array    0x080030e4        0x4 d:/toolchain/gcc-arm-none-eabi-9-2020-q2-update-win32/bin/../lib/gcc/arm-none-eabi/9.3.1/thumb/v7e-m/nofp/crtbegin.o
                0x080030e8                PROVIDE (__init_array_end = .)

.fini_array     0x080030e8        0x4
                0x080030e8                PROVIDE (__fini_array_start = .)
 *(SORT_BY_NAME(.fini_array.*))
 *(.fini_array*)
 .fini_array    0x080030e8        0x4 d:/toolchain/gcc-arm-none-eabi-9-2020-q2-update-win32/bin/../lib/gcc/arm-none-eabi/9.3.1/thumb/v7e-m/nofp/crtbegin.o
                0x080030ec                PROVIDE (__fini_array_end = .)
                0x080030ec                _sidata = LOADADDR (.data)

.data           0x20000000      0x43c load address 0x080030ec
                0x20000000                . = ALIGN (0x4)
                0x20000000                _sdata = .
 *(.data)
 .data          0x20000000       0x10 ./objects/main.o
                0x20000000                time
                0x2000000c                test_addr
 *(.data*)
 .data.impure_data
                0x20000010      0x428 d:/toolchain/gcc-arm-none-eabi-9-2020-q2-update-win32/bin/../lib/gcc/arm-none-eabi/9.3.1/../../../../arm-none-eabi/lib/thumb/v7e-m/nofp\libc.a(lib_a-impure.o)
 .data.__atexit_recursive_mutex
                0x20000438        0x4 d:/toolchain/gcc-arm-none-eabi-9-2020-q2-update-win32/bin/../lib/gcc/arm-none-eabi/9.3.1/../../../../arm-none-eabi/lib/thumb/v7e-m/nofp\libc.a(lib_a-__call_atexit.o)
                0x20000438                __atexit_recursive_mutex
                0x2000043c                . = ALIGN (0x4)
                0x2000043c                _edata = .

.igot.plt       0x2000043c        0x0 load address 0x08003528
 .igot.plt      0x2000043c        0x0 d:/toolchain/gcc-arm-none-eabi-9-2020-q2-update-win32/bin/../lib/gcc/arm-none-eabi/9.3.1/thumb/v7e-m/nofp/crtbegin.o
                0x2000043c                . = ALIGN (0x4)

.bss            0x2000043c     0x1208 load address 0x08003528
                0x2000043c                _sbss = .
                0x2000043c                __bss_start__ = _sbss
 *(.bss)
 .bss           0x2000043c       0x1c d:/toolchain/gcc-arm-none-eabi-9-2020-q2-update-win32/bin/../lib/gcc/arm-none-eabi/9.3.1/thumb/v7e-m/nofp/crtbegin.o
 .bss           0x20000458        0x1 ./objects/tremo_delay.o
 *fill*         0x20000459        0x3 
 .bss           0x2000045c       0x16 ./objects/radio.o
                0x20000460                IrqFired
                0x20000464                TxTimeout
                0x20000468                RxContinuous
                0x2000046c                RxTimeout
 *fill*         0x20000472        0x2 
 .bss           0x20000474        0x8 ./objects/sx126x.o
                0x20000478                FrequencyError
 *(.bss*)
 *(COMMON)
 COMMON         0x2000047c      0x190 ./objects/radio.o
                0x2000047c                irqRegs
                0x20000480                SX126x
                0x200004bc                TxTimeoutTimer
                0x200004d0                RadioRxPayload
                0x200005d0                CadTimeoutTimer
                0x200005e4                RadioPktStatus
                0x200005f8                RxTimeoutTimer
 COMMON         0x2000060c     0x1014 ./objects/main.o
                0x2000060c                buf
                0x20000616                test_data
                0x20001618                config
 COMMON         0x20001620       0x21 d:/toolchain/gcc-arm-none-eabi-9-2020-q2-update-win32/bin/../lib/gcc/arm-none-eabi/9.3.1/../../../../arm-none-eabi/lib/thumb/v7e-m/nofp\libc.a(lib_a-lock.o)
                0x20001620                __lock___atexit_recursive_mutex
                0x20001624                __lock___arc4random_mutex
                0x20001628                __lock___env_recursive_mutex
                0x2000162c                __lock___sinit_recursive_mutex
                0x20001630                __lock___malloc_recursive_mutex
                0x20001634                __lock___at_quick_exit_mutex
                0x20001638                __lock___dd_hash_mutex
                0x2000163c                __lock___tz_mutex
                0x20001640                __lock___sfp_recursive_mutex
                0x20001644                . = ALIGN (0x4)
 *fill*         0x20001641        0x3 
                0x20001644                _ebss = .
                0x20001644                __bss_end__ = _ebss

.heap           0x20001644        0x0 load address 0x08003528
                0x20001644                . = ALIGN (0x4)
                0x20001644                _heap_bottom = .
                0x20001644                end = _heap_bottom
                0x20001644                _end = end
                0x20001644                __end = end
                0x20001644                . = (. + _HEAP_SIZE)
                0x20001644                _heap_top = .

.stack          0x20001644     0x1000 load address 0x08003528
                0x20001644                . = ALIGN (0x4)
                0x20001644                _stack_bottom = .
                0x20002644                . = (. + _STACK_SIZE)
 *fill*         0x20001644     0x1000 
                0x20002644                _stack_top = .

/DISCARD/
 libc.a(*)
 libm.a(*)
 libgcc.a(*)

.ARM.attributes
                0x00000000       0x2e
 *(.ARM.attributes)
 .ARM.attributes
                0x00000000       0x1e d:/toolchain/gcc-arm-none-eabi-9-2020-q2-update-win32/bin/../lib/gcc/arm-none-eabi/9.3.1/thumb/v7e-m/nofp/crti.o
 .ARM.attributes
                0x0000001e       0x2e d:/toolchain/gcc-arm-none-eabi-9-2020-q2-update-win32/bin/../lib/gcc/arm-none-eabi/9.3.1/thumb/v7e-m/nofp/crtbegin.o
 .ARM.attributes
                0x0000004c       0x32 ./objects/printf-stdarg.o
 .ARM.attributes
                0x0000007e       0x32 ./objects/system_cm4.o
 .ARM.attributes
                0x000000b0       0x21 ./objects/startup_cm4.o
 .ARM.attributes
                0x000000d1       0x32 ./objects/tremo_delay.o
 .ARM.attributes
                0x00000103       0x32 ./objects/tremo_flash.o
 .ARM.attributes
                0x00000135       0x32 ./objects/tremo_gpio.o
 .ARM.attributes
                0x00000167       0x32 ./objects/tremo_i2c.o
 .ARM.attributes
                0x00000199       0x32 ./objects/tremo_rcc.o
 .ARM.attributes
                0x000001cb       0x32 ./objects/tremo_rtc.o
 .ARM.attributes
                0x000001fd       0x32 ./objects/tremo_uart.o
 .ARM.attributes
                0x0000022f       0x32 ./objects/radio.o
 .ARM.attributes
                0x00000261       0x32 ./objects/sx126x.o
 .ARM.attributes
                0x00000293       0x32 ./objects/sx1262-board.o
 .ARM.attributes
                0x000002c5       0x32 ./objects/main.o
 .ARM.attributes
                0x000002f7       0x32 ./objects/tremo_it.o
 .ARM.attributes
                0x00000329       0x32 ./objects/uart.o
 .ARM.attributes
                0x0000035b       0x32 ./objects/rtc.o
 .ARM.attributes
                0x0000038d       0x32 ./objects/sht20.o
 .ARM.attributes
                0x000003bf       0x1e d:/toolchain/gcc-arm-none-eabi-9-2020-q2-update-win32/bin/../lib/gcc/arm-none-eabi/9.3.1/thumb/v7e-m/nofp\libgcc.a(_arm_addsubdf3.o)
 .ARM.attributes
                0x000003dd       0x1e d:/toolchain/gcc-arm-none-eabi-9-2020-q2-update-win32/bin/../lib/gcc/arm-none-eabi/9.3.1/thumb/v7e-m/nofp\libgcc.a(_arm_muldivdf3.o)
 .ARM.attributes
                0x000003fb       0x1e d:/toolchain/gcc-arm-none-eabi-9-2020-q2-update-win32/bin/../lib/gcc/arm-none-eabi/9.3.1/thumb/v7e-m/nofp\libgcc.a(_arm_cmpdf2.o)
 .ARM.attributes
                0x00000419       0x1e d:/toolchain/gcc-arm-none-eabi-9-2020-q2-update-win32/bin/../lib/gcc/arm-none-eabi/9.3.1/thumb/v7e-m/nofp\libgcc.a(_arm_fixdfsi.o)
 .ARM.attributes
                0x00000437       0x1e d:/toolchain/gcc-arm-none-eabi-9-2020-q2-update-win32/bin/../lib/gcc/arm-none-eabi/9.3.1/thumb/v7e-m/nofp\libgcc.a(_arm_fixunsdfsi.o)
 .ARM.attributes
                0x00000455       0x1e d:/toolchain/gcc-arm-none-eabi-9-2020-q2-update-win32/bin/../lib/gcc/arm-none-eabi/9.3.1/thumb/v7e-m/nofp\libgcc.a(_aeabi_uldivmod.o)
 .ARM.attributes
                0x00000473       0x2e d:/toolchain/gcc-arm-none-eabi-9-2020-q2-update-win32/bin/../lib/gcc/arm-none-eabi/9.3.1/thumb/v7e-m/nofp\libgcc.a(_udivmoddi4.o)
 .ARM.attributes
                0x000004a1       0x1e d:/toolchain/gcc-arm-none-eabi-9-2020-q2-update-win32/bin/../lib/gcc/arm-none-eabi/9.3.1/thumb/v7e-m/nofp\libgcc.a(_dvmd_tls.o)
 .ARM.attributes
                0x000004bf       0x2e d:/toolchain/gcc-arm-none-eabi-9-2020-q2-update-win32/bin/../lib/gcc/arm-none-eabi/9.3.1/../../../../arm-none-eabi/lib/thumb/v7e-m/nofp\libc.a(lib_a-impure.o)
 .ARM.attributes
                0x000004ed       0x2e d:/toolchain/gcc-arm-none-eabi-9-2020-q2-update-win32/bin/../lib/gcc/arm-none-eabi/9.3.1/../../../../arm-none-eabi/lib/thumb/v7e-m/nofp\libc.a(lib_a-init.o)
 .ARM.attributes
                0x0000051b       0x2e d:/toolchain/gcc-arm-none-eabi-9-2020-q2-update-win32/bin/../lib/gcc/arm-none-eabi/9.3.1/../../../../arm-none-eabi/lib/thumb/v7e-m/nofp\libc.a(lib_a-__call_atexit.o)
 .ARM.attributes
                0x00000549       0x2e d:/toolchain/gcc-arm-none-eabi-9-2020-q2-update-win32/bin/../lib/gcc/arm-none-eabi/9.3.1/../../../../arm-none-eabi/lib/thumb/v7e-m/nofp\libc.a(lib_a-atexit.o)
 .ARM.attributes
                0x00000577       0x2e d:/toolchain/gcc-arm-none-eabi-9-2020-q2-update-win32/bin/../lib/gcc/arm-none-eabi/9.3.1/../../../../arm-none-eabi/lib/thumb/v7e-m/nofp\libc.a(lib_a-fini.o)
 .ARM.attributes
                0x000005a5       0x2e d:/toolchain/gcc-arm-none-eabi-9-2020-q2-update-win32/bin/../lib/gcc/arm-none-eabi/9.3.1/../../../../arm-none-eabi/lib/thumb/v7e-m/nofp\libc.a(lib_a-lock.o)
 .ARM.attributes
                0x000005d3       0x2e d:/toolchain/gcc-arm-none-eabi-9-2020-q2-update-win32/bin/../lib/gcc/arm-none-eabi/9.3.1/../../../../arm-none-eabi/lib/thumb/v7e-m/nofp\libc.a(lib_a-__atexit.o)
 .ARM.attributes
                0x00000601       0x1e d:/toolchain/gcc-arm-none-eabi-9-2020-q2-update-win32/bin/../lib/gcc/arm-none-eabi/9.3.1/thumb/v7e-m/nofp/crtn.o
OUTPUT(./Objects/project.elf elf32-littlearm)
LOAD linker stubs
LOAD d:/toolchain/gcc-arm-none-eabi-9-2020-q2-update-win32/bin/../lib/gcc/arm-none-eabi/9.3.1/../../../../arm-none-eabi/lib/thumb/v7e-m/nofp\libc.a
LOAD d:/toolchain/gcc-arm-none-eabi-9-2020-q2-update-win32/bin/../lib/gcc/arm-none-eabi/9.3.1/../../../../arm-none-eabi/lib/thumb/v7e-m/nofp\libm.a
LOAD d:/toolchain/gcc-arm-none-eabi-9-2020-q2-update-win32/bin/../lib/gcc/arm-none-eabi/9.3.1/thumb/v7e-m/nofp\libgcc.a

.debug_info     0x00000000    0x19ace
 .debug_info    0x00000000     0x226e ./objects/printf-stdarg.o
 .debug_info    0x0000226e      0x855 ./objects/system_cm4.o
 .debug_info    0x00002ac3       0x22 ./objects/startup_cm4.o
 .debug_info    0x00002ae5      0x7cb ./objects/tremo_delay.o
 .debug_info    0x000032b0      0xe92 ./objects/tremo_flash.o
 .debug_info    0x00004142      0x8fd ./objects/tremo_gpio.o
 .debug_info    0x00004a3f      0xaf7 ./objects/tremo_i2c.o
 .debug_info    0x00005536     0x1153 ./objects/tremo_rcc.o
 .debug_info    0x00006689     0x1b7c ./objects/tremo_rtc.o
 .debug_info    0x00008205     0x1608 ./objects/tremo_uart.o
 .debug_info    0x0000980d     0x3585 ./objects/radio.o
 .debug_info    0x0000cd92     0x30b8 ./objects/sx126x.o
 .debug_info    0x0000fe4a     0x26a3 ./objects/sx1262-board.o
 .debug_info    0x000124ed     0x153b ./objects/main.o
 .debug_info    0x00013a28     0x1440 ./objects/tremo_it.o
 .debug_info    0x00014e68     0x1791 ./objects/uart.o
 .debug_info    0x000165f9     0x1a17 ./objects/rtc.o
 .debug_info    0x00018010     0x1abe ./objects/sht20.o

.debug_abbrev   0x00000000     0x3b86
 .debug_abbrev  0x00000000      0x51f ./objects/printf-stdarg.o
 .debug_abbrev  0x0000051f      0x1e0 ./objects/system_cm4.o
 .debug_abbrev  0x000006ff       0x12 ./objects/startup_cm4.o
 .debug_abbrev  0x00000711      0x237 ./objects/tremo_delay.o
 .debug_abbrev  0x00000948      0x2c0 ./objects/tremo_flash.o
 .debug_abbrev  0x00000c08      0x24a ./objects/tremo_gpio.o
 .debug_abbrev  0x00000e52      0x30d ./objects/tremo_i2c.o
 .debug_abbrev  0x0000115f      0x276 ./objects/tremo_rcc.o
 .debug_abbrev  0x000013d5      0x491 ./objects/tremo_rtc.o
 .debug_abbrev  0x00001866      0x402 ./objects/tremo_uart.o
 .debug_abbrev  0x00001c68      0x57a ./objects/radio.o
 .debug_abbrev  0x000021e2      0x514 ./objects/sx126x.o
 .debug_abbrev  0x000026f6      0x510 ./objects/sx1262-board.o
 .debug_abbrev  0x00002c06      0x385 ./objects/main.o
 .debug_abbrev  0x00002f8b      0x2fa ./objects/tremo_it.o
 .debug_abbrev  0x00003285      0x292 ./objects/uart.o
 .debug_abbrev  0x00003517      0x318 ./objects/rtc.o
 .debug_abbrev  0x0000382f      0x357 ./objects/sht20.o

.debug_loc      0x00000000     0x8cf9
 .debug_loc     0x00000000     0x277f ./objects/printf-stdarg.o
 .debug_loc     0x0000277f       0xc3 ./objects/system_cm4.o
 .debug_loc     0x00002842      0x1d7 ./objects/tremo_delay.o
 .debug_loc     0x00002a19      0x3fe ./objects/tremo_flash.o
 .debug_loc     0x00002e17      0x6f4 ./objects/tremo_gpio.o
 .debug_loc     0x0000350b      0x4dc ./objects/tremo_i2c.o
 .debug_loc     0x000039e7      0x777 ./objects/tremo_rcc.o
 .debug_loc     0x0000415e      0xedf ./objects/tremo_rtc.o
 .debug_loc     0x0000503d      0x6fc ./objects/tremo_uart.o
 .debug_loc     0x00005739     0x163c ./objects/radio.o
 .debug_loc     0x00006d75     0x11d9 ./objects/sx126x.o
 .debug_loc     0x00007f4e      0x82b ./objects/sx1262-board.o
 .debug_loc     0x00008779      0x18a ./objects/main.o
 .debug_loc     0x00008903       0x38 ./objects/tremo_it.o
 .debug_loc     0x0000893b       0x2c ./objects/uart.o
 .debug_loc     0x00008967      0x105 ./objects/rtc.o
 .debug_loc     0x00008a6c      0x28d ./objects/sht20.o

.debug_aranges  0x00000000      0xa68
 .debug_aranges
                0x00000000       0x88 ./objects/printf-stdarg.o
 .debug_aranges
                0x00000088       0x28 ./objects/system_cm4.o
 .debug_aranges
                0x000000b0       0x28 ./objects/startup_cm4.o
 .debug_aranges
                0x000000d8       0x30 ./objects/tremo_delay.o
 .debug_aranges
                0x00000108       0x40 ./objects/tremo_flash.o
 .debug_aranges
                0x00000148       0x78 ./objects/tremo_gpio.o
 .debug_aranges
                0x000001c0       0x90 ./objects/tremo_i2c.o
 .debug_aranges
                0x00000250      0x178 ./objects/tremo_rcc.o
 .debug_aranges
                0x000003c8      0x120 ./objects/tremo_rtc.o
 .debug_aranges
                0x000004e8       0x98 ./objects/tremo_uart.o
 .debug_aranges
                0x00000580      0x148 ./objects/radio.o
 .debug_aranges
                0x000006c8      0x198 ./objects/sx126x.o
 .debug_aranges
                0x00000860       0xd0 ./objects/sx1262-board.o
 .debug_aranges
                0x00000930       0x50 ./objects/main.o
 .debug_aranges
                0x00000980       0x58 ./objects/tremo_it.o
 .debug_aranges
                0x000009d8       0x20 ./objects/uart.o
 .debug_aranges
                0x000009f8       0x30 ./objects/rtc.o
 .debug_aranges
                0x00000a28       0x40 ./objects/sht20.o

.debug_ranges   0x00000000      0xdd8
 .debug_ranges  0x00000000      0x1d0 ./objects/printf-stdarg.o
 .debug_ranges  0x000001d0       0x70 ./objects/system_cm4.o
 .debug_ranges  0x00000240       0x20 ./objects/startup_cm4.o
 .debug_ranges  0x00000260       0x58 ./objects/tremo_delay.o
 .debug_ranges  0x000002b8       0x80 ./objects/tremo_flash.o
 .debug_ranges  0x00000338       0x68 ./objects/tremo_gpio.o
 .debug_ranges  0x000003a0       0x98 ./objects/tremo_i2c.o
 .debug_ranges  0x00000438      0x180 ./objects/tremo_rcc.o
 .debug_ranges  0x000005b8      0x140 ./objects/tremo_rtc.o
 .debug_ranges  0x000006f8       0x88 ./objects/tremo_uart.o
 .debug_ranges  0x00000780      0x1b0 ./objects/radio.o
 .debug_ranges  0x00000930      0x1e8 ./objects/sx126x.o
 .debug_ranges  0x00000b18      0x188 ./objects/sx1262-board.o
 .debug_ranges  0x00000ca0       0x90 ./objects/main.o
 .debug_ranges  0x00000d30       0x48 ./objects/tremo_it.o
 .debug_ranges  0x00000d78       0x10 ./objects/uart.o
 .debug_ranges  0x00000d88       0x20 ./objects/rtc.o
 .debug_ranges  0x00000da8       0x30 ./objects/sht20.o

.debug_line     0x00000000     0x8d76
 .debug_line    0x00000000     0x10d2 ./objects/printf-stdarg.o
 .debug_line    0x000010d2      0x2a9 ./objects/system_cm4.o
 .debug_line    0x0000137b       0x88 ./objects/startup_cm4.o
 .debug_line    0x00001403      0x2d1 ./objects/tremo_delay.o
 .debug_line    0x000016d4      0x6a8 ./objects/tremo_flash.o
 .debug_line    0x00001d7c      0x603 ./objects/tremo_gpio.o
 .debug_line    0x0000237f      0x6c9 ./objects/tremo_i2c.o
 .debug_line    0x00002a48     0x11d5 ./objects/tremo_rcc.o
 .debug_line    0x00003c1d      0xe2a ./objects/tremo_rtc.o
 .debug_line    0x00004a47      0x73d ./objects/tremo_uart.o
 .debug_line    0x00005184      0xf73 ./objects/radio.o
 .debug_line    0x000060f7      0xec8 ./objects/sx126x.o
 .debug_line    0x00006fbf      0x91b ./objects/sx1262-board.o
 .debug_line    0x000078da      0x4ec ./objects/main.o
 .debug_line    0x00007dc6      0x3e0 ./objects/tremo_it.o
 .debug_line    0x000081a6      0x320 ./objects/uart.o
 .debug_line    0x000084c6      0x36d ./objects/rtc.o
 .debug_line    0x00008833      0x543 ./objects/sht20.o

.debug_str      0x00000000     0x5455
 .debug_str     0x00000000      0x7ce ./objects/printf-stdarg.o
                                0x8a1 (size before relaxing)
 .debug_str     0x000007ce      0x41a ./objects/system_cm4.o
                                0x69a (size before relaxing)
 .debug_str     0x00000be8       0x3b ./objects/startup_cm4.o
                                 0xaf (size before relaxing)
 .debug_str     0x00000c23       0xeb ./objects/tremo_delay.o
                                0x64b (size before relaxing)
 .debug_str     0x00000d0e       0xe1 ./objects/tremo_flash.o
                                0x80d (size before relaxing)
 .debug_str     0x00000def      0x6a9 ./objects/tremo_gpio.o
                                0x931 (size before relaxing)
 .debug_str     0x00001498      0x542 ./objects/tremo_i2c.o
                                0xbae (size before relaxing)
 .debug_str     0x000019da      0xeee ./objects/tremo_rcc.o
                               0x15a2 (size before relaxing)
 .debug_str     0x000028c8      0x86a ./objects/tremo_rtc.o
                               0x130e (size before relaxing)
 .debug_str     0x00003132      0x4ca ./objects/tremo_uart.o
                                0xfef (size before relaxing)
 .debug_str     0x000035fc     0x1234 ./objects/radio.o
                               0x1ad4 (size before relaxing)
 .debug_str     0x00004830      0x912 ./objects/sx126x.o
                               0x1dbf (size before relaxing)
 .debug_str     0x00005142       0xbb ./objects/sx1262-board.o
                               0x19da (size before relaxing)
 .debug_str     0x000051fd       0xd4 ./objects/main.o
                                0xa47 (size before relaxing)
 .debug_str     0x000052d1       0xe1 ./objects/tremo_it.o
                                0xa77 (size before relaxing)
 .debug_str     0x000053b2       0x17 ./objects/uart.o
                                0xf1d (size before relaxing)
 .debug_str     0x000053c9       0x1f ./objects/rtc.o
                               0x1112 (size before relaxing)
 .debug_str     0x000053e8       0x6d ./objects/sht20.o
                                0xfc9 (size before relaxing)

.comment        0x00000000       0x4c
 .comment       0x00000000       0x4c ./objects/printf-stdarg.o
                                 0x4d (size before relaxing)
 .comment       0x0000004c       0x4d ./objects/system_cm4.o
 .comment       0x0000004c       0x4d ./objects/tremo_delay.o
 .comment       0x0000004c       0x4d ./objects/tremo_flash.o
 .comment       0x0000004c       0x4d ./objects/tremo_gpio.o
 .comment       0x0000004c       0x4d ./objects/tremo_i2c.o
 .comment       0x0000004c       0x4d ./objects/tremo_rcc.o
 .comment       0x0000004c       0x4d ./objects/tremo_rtc.o
 .comment       0x0000004c       0x4d ./objects/tremo_uart.o
 .comment       0x0000004c       0x4d ./objects/radio.o
 .comment       0x0000004c       0x4d ./objects/sx126x.o
 .comment       0x0000004c       0x4d ./objects/sx1262-board.o
 .comment       0x0000004c       0x4d ./objects/main.o
 .comment       0x0000004c       0x4d ./objects/tremo_it.o
 .comment       0x0000004c       0x4d ./objects/uart.o
 .comment       0x0000004c       0x4d ./objects/rtc.o
 .comment       0x0000004c       0x4d ./objects/sht20.o

.debug_frame    0x00000000     0x1fa4
 .debug_frame   0x00000000      0x2a4 ./objects/printf-stdarg.o
 .debug_frame   0x000002a4       0x3c ./objects/system_cm4.o
 .debug_frame   0x000002e0       0x54 ./objects/tremo_delay.o
 .debug_frame   0x00000334       0x98 ./objects/tremo_flash.o
 .debug_frame   0x000003cc      0x10c ./objects/tremo_gpio.o
 .debug_frame   0x000004d8      0x12c ./objects/tremo_i2c.o
 .debug_frame   0x00000604      0x2d8 ./objects/tremo_rcc.o
 .debug_frame   0x000008dc      0x318 ./objects/tremo_rtc.o
 .debug_frame   0x00000bf4      0x138 ./objects/tremo_uart.o
 .debug_frame   0x00000d2c      0x3f0 ./objects/radio.o
 .debug_frame   0x0000111c      0x4c0 ./objects/sx126x.o
 .debug_frame   0x000015dc      0x254 ./objects/sx1262-board.o
 .debug_frame   0x00001830      0x124 ./objects/main.o
 .debug_frame   0x00001954       0xe0 ./objects/tremo_it.o
 .debug_frame   0x00001a34       0x2c ./objects/uart.o
 .debug_frame   0x00001a60       0x64 ./objects/rtc.o
 .debug_frame   0x00001ac4       0xb8 ./objects/sht20.o
 .debug_frame   0x00001b7c       0xac d:/toolchain/gcc-arm-none-eabi-9-2020-q2-update-win32/bin/../lib/gcc/arm-none-eabi/9.3.1/thumb/v7e-m/nofp\libgcc.a(_arm_addsubdf3.o)
 .debug_frame   0x00001c28       0x50 d:/toolchain/gcc-arm-none-eabi-9-2020-q2-update-win32/bin/../lib/gcc/arm-none-eabi/9.3.1/thumb/v7e-m/nofp\libgcc.a(_arm_muldivdf3.o)
 .debug_frame   0x00001c78       0xc4 d:/toolchain/gcc-arm-none-eabi-9-2020-q2-update-win32/bin/../lib/gcc/arm-none-eabi/9.3.1/thumb/v7e-m/nofp\libgcc.a(_arm_cmpdf2.o)
 .debug_frame   0x00001d3c       0x24 d:/toolchain/gcc-arm-none-eabi-9-2020-q2-update-win32/bin/../lib/gcc/arm-none-eabi/9.3.1/thumb/v7e-m/nofp\libgcc.a(_arm_fixdfsi.o)
 .debug_frame   0x00001d60       0x24 d:/toolchain/gcc-arm-none-eabi-9-2020-q2-update-win32/bin/../lib/gcc/arm-none-eabi/9.3.1/thumb/v7e-m/nofp\libgcc.a(_arm_fixunsdfsi.o)
 .debug_frame   0x00001d84       0x2c d:/toolchain/gcc-arm-none-eabi-9-2020-q2-update-win32/bin/../lib/gcc/arm-none-eabi/9.3.1/thumb/v7e-m/nofp\libgcc.a(_aeabi_uldivmod.o)
 .debug_frame   0x00001db0       0x34 d:/toolchain/gcc-arm-none-eabi-9-2020-q2-update-win32/bin/../lib/gcc/arm-none-eabi/9.3.1/thumb/v7e-m/nofp\libgcc.a(_udivmoddi4.o)
 .debug_frame   0x00001de4       0x2c d:/toolchain/gcc-arm-none-eabi-9-2020-q2-update-win32/bin/../lib/gcc/arm-none-eabi/9.3.1/../../../../arm-none-eabi/lib/thumb/v7e-m/nofp\libc.a(lib_a-init.o)
 .debug_frame   0x00001e10       0x5c d:/toolchain/gcc-arm-none-eabi-9-2020-q2-update-win32/bin/../lib/gcc/arm-none-eabi/9.3.1/../../../../arm-none-eabi/lib/thumb/v7e-m/nofp\libc.a(lib_a-__call_atexit.o)
 .debug_frame   0x00001e6c       0x20 d:/toolchain/gcc-arm-none-eabi-9-2020-q2-update-win32/bin/../lib/gcc/arm-none-eabi/9.3.1/../../../../arm-none-eabi/lib/thumb/v7e-m/nofp\libc.a(lib_a-atexit.o)
 .debug_frame   0x00001e8c       0x34 d:/toolchain/gcc-arm-none-eabi-9-2020-q2-update-win32/bin/../lib/gcc/arm-none-eabi/9.3.1/../../../../arm-none-eabi/lib/thumb/v7e-m/nofp\libc.a(lib_a-fini.o)
 .debug_frame   0x00001ec0       0xb0 d:/toolchain/gcc-arm-none-eabi-9-2020-q2-update-win32/bin/../lib/gcc/arm-none-eabi/9.3.1/../../../../arm-none-eabi/lib/thumb/v7e-m/nofp\libc.a(lib_a-lock.o)
 .debug_frame   0x00001f70       0x34 d:/toolchain/gcc-arm-none-eabi-9-2020-q2-update-win32/bin/../lib/gcc/arm-none-eabi/9.3.1/../../../../arm-none-eabi/lib/thumb/v7e-m/nofp\libc.a(lib_a-__atexit.o)
